[09:41:11] INIZIO approfondimento: 10 manager
[09:41:11] [ 1] Lancio pablo0078...
[09:41:11]     pablo0078                           |  5 gg |  715 ar
[09:41:11] [ 2] Lancio mattross...
[09:41:11]     mattross                            |  5 gg |  222 ar
[09:41:11] [ 3] Lancio bartholomaus...
[09:41:11]     bartholomaus                        |  5 gg |  302 ar
[09:41:11] [ 4] Lancio talwiwi...
[09:41:12]     talwiwi                             |  5 gg |  294 ar
[09:41:12] [ 5] Lancio helgivilli...
[09:41:12]     helgivilli                          |  5 gg |  215 ar
[09:41:12] [ 6] Lancio 140spb34...
[09:41:12]     140spb34                            |  5 gg |  199 ar
[09:41:12] [ 7] Lancio mad-bunny...
[09:41:12]     mad-bunny                           |  5 gg |  170 ar
[09:41:12] [ 8] Lancio handicap-fc...
[09:41:13]     handicap-fc                         |  5 gg |  133 ar
[09:41:13] [ 9] Lancio llooll4412...
[09:41:13]     llooll4412                          |  5 gg |  103 ar
[09:41:13] [10] Lancio bxl-spartak...
[09:41:13]     bxl-spartak                         | 16 gg |  218 ar
[09:41:13] FINE approfondimento
