[02:29:29] INIZIO: 25 manager
[02:29:29] [ 1] Lancio pablo0078...
[02:40:35]   pablo0078                           | ERRORE: 'charmap' codec can't encode character '\u2713' in
[02:40:35] [ 2] Lancio mattross...
[02:50:26]   mattross                            | ERRORE: 'charmap' codec can't encode character '\u2713' in
[02:50:26] [ 3] Lancio sirbyss-471ad338-0147-42d2-83aa-130cf0e2bdbf...
[02:50:57]   sirbyss-471ad338-0147-42d2-83aa-130cf0e2bdbf | ERRORE: 'charmap' codec can't encode character '\u2713' in
[02:50:57] [ 4] Lancio s2t...
[02:55:16]   s2t                                 | ERRORE: 'charmap' codec can't encode character '\u2713' in
[02:55:16] [ 5] Lancio globidoug81...
[02:56:04]   globidoug81                         | ERRORE: 'charmap' codec can't encode character '\u2713' in
[02:56:04] [ 6] Lancio outbackeras...
[03:11:04]   outbackeras                         | ERRORE: Command '['python', 'ricostruisci_manager.py', 'ou
[03:11:04] [ 7] Lancio mortz-utl...
[03:15:43]   mortz-utl                           | ERRORE: 'charmap' codec can't encode character '\u2713' in
[03:15:43] [ 8] Lancio bassmn26...
[03:30:43]   bassmn26                            | ERRORE: Command '['python', 'ricostruisci_manager.py', 'ba
[03:30:43] [ 9] Lancio gonlea...
[03:35:09]   gonlea                              | ERRORE: 'charmap' codec can't encode character '\u2713' in
[03:35:09] [10] Lancio sorare2gether-youtube...
[03:50:09]   sorare2gether-youtube               | ERRORE: Command '['python', 'ricostruisci_manager.py', 'so
[03:50:09] [11] Lancio s-g-51d741f4-5d7d-4853-a74c-a3bff2d7ed7d...
[03:50:50]   s-g-51d741f4-5d7d-4853-a74c-a3bff2d7ed7d | ERRORE: 'charmap' codec can't encode character '\u2713' in
[03:50:50] [12] Lancio toschi...
[03:55:03]   toschi                              | ERRORE: 'charmap' codec can't encode character '\u2713' in
[03:55:03] [13] Lancio sticole-ac-i-like-card-swapping-20-more...
[03:55:15]   sticole-ac-i-like-card-swapping-20-more | ERRORE: 'charmap' codec can't encode character '\u2713' in
[03:55:15] [14] Lancio private_joker...
[04:10:15]   private_joker                       | ERRORE: Command '['python', 'ricostruisci_manager.py', 'pr
[04:10:15] [15] Lancio handicap-fc...
[04:15:22]   handicap-fc                         | ERRORE: 'charmap' codec can't encode character '\u2713' in
[04:15:22] [16] Lancio talwiwi...
[04:25:54]   talwiwi                             | ERRORE: 'charmap' codec can't encode character '\u2713' in
[04:25:54] [17] Lancio bartholomaus...
[04:40:18]   bartholomaus                        | ERRORE: 'charmap' codec can't encode character '\u2713' in
[04:40:18] [18] Lancio el_pepito-fast-reply...
[04:45:09]   el_pepito-fast-reply                | ERRORE: 'charmap' codec can't encode character '\u2713' in
[04:45:09] [19] Lancio helgivilli...
[04:51:07]   helgivilli                          | ERRORE: 'charmap' codec can't encode character '\u2713' in
[04:51:07] [20] Lancio 140spb34...
[05:00:47]   140spb34                            | ERRORE: 'charmap' codec can't encode character '\u2713' in
[05:00:47] [21] Lancio serji0...
[05:00:57]   serji0                              | ERRORE: 'charmap' codec can't encode character '\u2713' in
[05:00:57] [22] Lancio mad-bunny...
[05:10:15]   mad-bunny                           | ERRORE: 'charmap' codec can't encode character '\u2713' in
[05:10:15] [23] Lancio llooll4412...
[05:15:08]   llooll4412                          | ERRORE: 'charmap' codec can't encode character '\u2713' in
[05:15:08] [24] Lancio ericeinicke-fc2a0cf2-c258-4fdc-afc5-0ec69d4cd4df...
[05:15:15]   ericeinicke-fc2a0cf2-c258-4fdc-afc5-0ec69d4cd4df | ERRORE: 'charmap' codec can't encode character '\u2713' in
[05:15:15] [25] Lancio mamatouniang...
[05:30:15]   mamatouniang                        | ERRORE: Command '['python', 'ricostruisci_manager.py', 'ma
[05:30:15] FINE: 0/25 manager ok (0%) | 0 arene totali
[05:30:15] Metadata: resa_25_top.json
