[08:53:44] INIZIO estrazione completa: 20 manager
[08:53:44] Cache PRIMA: 6362
[08:53:44] [ 1] 140spb34...
[08:53:45]     140spb34                            |  5 gg |  199 ar
[08:53:45] [ 2] badamt...
[08:53:47]     badamt                              | 16 gg |    0 ar
[08:53:47] [ 3] bartholomaus...
[08:53:47]     bartholomaus                        |  5 gg |  302 ar
[08:53:47] [ 4] braddersfc...
[08:54:12]     braddersfc                          | 16 gg |   38 ar
[08:54:12] [ 5] bryanmid...
[08:54:30]     bryanmid                            | 16 gg |   38 ar
[08:54:30] [ 6] bxl-spartak...
[08:55:57]     bxl-spartak                         | 16 gg |  218 ar
[08:55:57] [ 7] crowss...
[08:55:57]     crowss                              | 72 gg | 1899 ar
[08:55:57] [ 8] el_pepito-fast-reply...
[08:55:57]     el_pepito-fast-reply                |  5 gg |  103 ar
[08:55:57] [ 9] eoghankelly...
[09:00:01]     eoghankelly                         | 16 gg |   38 ar
[09:00:01] [10] ericeinicke-fc2a0cf2-c258-4fdc-afc5-0ec69d4cd4df...
[09:00:01]     ericeinicke-fc2a0cf2-c258-4fdc-afc5-0ec69d4cd4df |  5 gg |    9 ar
[09:00:01] [11] fins49...
[09:00:04]     fins49                              | 16 gg |   39 ar
[09:00:04] [12] forever-young...
[09:00:05]     forever-young                       | 72 gg | 3373 ar
[09:00:05] [13] globidoug81...
[09:00:05]     globidoug81                         |  5 gg |   62 ar
[09:00:05] [14] gonlea...
[09:00:05]     gonlea                              |  5 gg |   53 ar
[09:00:05] [15] handicap-fc...
[09:00:05]     handicap-fc                         |  5 gg |  133 ar
[09:00:05] [16] helgivilli...
[09:00:05]     helgivilli                          |  5 gg |  215 ar
[09:00:05] [17] lairdinho...
[09:00:37]     lairdinho                           | 16 gg |   89 ar
[09:00:37] [18] llooll4412...
[09:00:37]     llooll4412                          |  5 gg |  103 ar
[09:00:37] [19] mad-bunny...
[09:00:37]     mad-bunny                           |  5 gg |  170 ar
[09:00:37] [20] matangel716...
[09:00:40]     matangel716                         | 16 gg |    0 ar
[09:00:40] FINE: cache 6362->6362 (+0)
[09:00:40] Arene totali: 7081
[09:00:40] Giornate: 322
