3722 giocatori in cache
  [50/3722] 947 coppie
  [100/3722] 1801 coppie
  [150/3722] 2829 coppie
  [200/3722] 3589 coppie
  [250/3722] 4517 coppie
  [300/3722] 5389 coppie
  [350/3722] 6416 coppie
  [400/3722] 7455 coppie
  [450/3722] 8322 coppie
  [500/3722] 9286 coppie
  [550/3722] 10166 coppie
  [600/3722] 11088 coppie
  [650/3722] 11865 coppie
  [700/3722] 12905 coppie
  [750/3722] 13872 coppie
  [800/3722] 14918 coppie
  [850/3722] 15934 coppie
  [900/3722] 16852 coppie
  [950/3722] 17990 coppie
  [1000/3722] 18854 coppie
  [1050/3722] 19694 coppie
  [1100/3722] 20682 coppie
  [1150/3722] 21629 coppie
  [1200/3722] 22582 coppie
  [1250/3722] 23508 coppie
  [1300/3722] 24437 coppie
  [1350/3722] 25158 coppie
  [1400/3722] 25966 coppie
  [1450/3722] 27059 coppie
  [1500/3722] 27849 coppie
  [1550/3722] 28841 coppie
  [1600/3722] 29656 coppie
  [1650/3722] 30447 coppie
  [1700/3722] 31469 coppie
  [1750/3722] 32267 coppie
  [1800/3722] 33268 coppie
  [1850/3722] 34082 coppie
  [1900/3722] 34981 coppie
  [1950/3722] 35950 coppie
  [2000/3722] 36977 coppie
  [2050/3722] 37899 coppie
  [2100/3722] 38944 coppie
  [2150/3722] 39824 coppie
  [2200/3722] 40636 coppie
  [2250/3722] 41402 coppie
  [2300/3722] 42438 coppie
  [2350/3722] 43545 coppie
  [2400/3722] 44473 coppie
  [2450/3722] 45449 coppie
  [2500/3722] 46507 coppie
  [2550/3722] 47535 coppie
  [2600/3722] 48476 coppie
  [2650/3722] 49480 coppie
  [2700/3722] 50544 coppie
  [2750/3722] 51502 coppie
  [2800/3722] 52414 coppie
  [2850/3722] 53232 coppie
  [2900/3722] 54266 coppie
  [2950/3722] 55381 coppie
  [3000/3722] 56333 coppie
  [3050/3722] 57453 coppie
  [3100/3722] 58399 coppie
  [3150/3722] 59257 coppie
  [3200/3722] 60074 coppie
  [3250/3722] 60955 coppie
  [3300/3722] 61725 coppie
  [3350/3722] 62468 coppie
  [3400/3722] 63266 coppie
  [3450/3722] 64214 coppie
  [3500/3722] 65157 coppie
  [3550/3722] 66348 coppie
  [3600/3722] 67123 coppie
  [3650/3722] 68003 coppie
  [3700/3722] 68801 coppie
  coppie salvate in dati_globali/taratura_coppie.json

=== TARATURA DEL SINGOLO GIOCATORE (69151 coppie)
  realizzato = 10.21 + 0.767 x previsto
  errore del singolo giocatore: 17.45 punti
  bias medio: +1.69

=== CORRELAZIONE FRA COMPAGNI (229010 coppie)
  rho = +0.093

=== ERRORE DI UNA FORMAZIONE DA 5
  se i cinque fossero indipendenti: 39.0 punti
  con la correlazione misurata:     45.7 punti
  (misurato sulle formazioni vere del backtest: 49.4)

salvato in dati_globali/taratura_giocatore.json
