Formazioni richieste: totale=2 -> In Season MLS=1, In Season K League=1
[arabia/GK] NESSUN FILE TROVATO -> 0 giocatori
[arabia/DEF] formazione_arabia\output\arabia_def_all\consiglio_2026-08-08_072138.txt -> 0 giocatori
[arabia/MID] NESSUN FILE TROVATO -> 0 giocatori
[arabia/FWD] NESSUN FILE TROVATO -> 0 giocatori
[argentina/GK] formazione_argentina\output\argentina_gk_all\consiglio_2026-08-08_072138.txt -> 1 giocatori
[argentina/DEF] formazione_argentina\output\argentina_def_all\consiglio_2026-08-08_072138.txt -> 1 giocatori
[argentina/MID] formazione_argentina\output\argentina_mid_all\consiglio_2026-08-08_072139.txt -> 0 giocatori
[argentina/FWD] formazione_argentina\output\argentina_fwd_all\consiglio_2026-08-08_072140.txt -> 1 giocatori
[austria/GK] formazione_austria\output\austria_gk_all\consiglio_2026-08-08_072138.txt -> 2 giocatori
[austria/DEF] formazione_austria\output\austria_def_all\consiglio_2026-08-08_072138.txt -> 5 giocatori
[austria/MID] formazione_austria\output\austria_mid_all\consiglio_2026-08-08_072139.txt -> 4 giocatori
[austria/FWD] formazione_austria\output\austria_fwd_all\consiglio_2026-08-08_072140.txt -> 1 giocatori
[azerbaigian/GK] formazione_azerbaigian\output\azerbaigian_gk_all\consiglio_2026-08-08_072138.txt -> 0 giocatori
[azerbaigian/DEF] NESSUN FILE TROVATO -> 0 giocatori
[azerbaigian/MID] NESSUN FILE TROVATO -> 0 giocatori
[azerbaigian/FWD] NESSUN FILE TROVATO -> 0 giocatori
[belgio/GK] formazione_belgio\output\belgio_gk_all\consiglio_2026-08-08_072138.txt -> 6 giocatori
[belgio/DEF] formazione_belgio\output\belgio_def_all\consiglio_2026-08-08_072138.txt -> 12 giocatori
[belgio/MID] formazione_belgio\output\belgio_mid_all\consiglio_2026-08-08_072139.txt -> 6 giocatori
[belgio/FWD] formazione_belgio\output\belgio_fwd_all\consiglio_2026-08-08_072140.txt -> 7 giocatori
[belgio2/GK] formazione_belgio2\output\belgio2_gk_all\consiglio_2026-08-08_072138.txt -> 0 giocatori
[belgio2/DEF] formazione_belgio2\output\belgio2_def_all\consiglio_2026-08-08_072138.txt -> 0 giocatori
[belgio2/MID] formazione_belgio2\output\belgio2_mid_all\consiglio_2026-08-08_072139.txt -> 0 giocatori
[belgio2/FWD] NESSUN FILE TROVATO -> 0 giocatori
[brasile/GK] formazione_brasile\output\brasile_gk_all\consiglio_2026-08-08_072138.txt -> 2 giocatori
[brasile/DEF] formazione_brasile\output\brasile_def_all\consiglio_2026-08-08_072138.txt -> 0 giocatori
[brasile/MID] formazione_brasile\output\brasile_mid_all\consiglio_2026-08-08_072139.txt -> 1 giocatori
[brasile/FWD] formazione_brasile\output\brasile_fwd_all\consiglio_2026-08-08_072140.txt -> 0 giocatori
[cechia/GK] NESSUN FILE TROVATO -> 0 giocatori
[cechia/DEF] formazione_cechia\output\cechia_def_all\consiglio_2026-08-07_233648.txt -> 0 giocatori
[cechia/MID] NESSUN FILE TROVATO -> 0 giocatori
[cechia/FWD] formazione_cechia\output\cechia_fwd_all\consiglio_2026-08-08_072140.txt -> 0 giocatori
[cile/GK] NESSUN FILE TROVATO -> 0 giocatori
[cile/DEF] NESSUN FILE TROVATO -> 0 giocatori
[cile/MID] NESSUN FILE TROVATO -> 0 giocatori
[cile/FWD] formazione_cile\output\cile_fwd_all\consiglio_2026-08-08_072140.txt -> 0 giocatori
[cina/GK] NESSUN FILE TROVATO -> 0 giocatori
[cina/DEF] NESSUN FILE TROVATO -> 0 giocatori
[cina/MID] formazione_cina\output\cina_mid_all\consiglio_2026-08-08_072139.txt -> 1 giocatori
[cina/FWD] formazione_cina\output\cina_fwd_all\consiglio_2026-08-08_072140.txt -> 1 giocatori
[cipro/GK] formazione_cipro\output\cipro_gk_all\consiglio_2026-08-02_155129.txt -> 0 giocatori
[cipro/DEF] NESSUN FILE TROVATO -> 0 giocatori
[cipro/MID] NESSUN FILE TROVATO -> 0 giocatori
[cipro/FWD] NESSUN FILE TROVATO -> 0 giocatori
[colombia/GK] formazione_colombia\output\colombia_gk_all\consiglio_2026-08-08_072138.txt -> 0 giocatori
[colombia/DEF] formazione_colombia\output\colombia_def_all\consiglio_2026-08-08_072138.txt -> 1 giocatori
[colombia/MID] formazione_colombia\output\colombia_mid_all\consiglio_2026-08-08_072139.txt -> 1 giocatori
[colombia/FWD] formazione_colombia\output\colombia_fwd_all\consiglio_2026-08-08_072140.txt -> 0 giocatori
[croazia/GK] formazione_croazia\output\croazia_gk_all\consiglio_2026-08-08_072138.txt -> 0 giocatori
[croazia/DEF] formazione_croazia\output\croazia_def_all\consiglio_2026-08-08_072138.txt -> 2 giocatori
[croazia/MID] formazione_croazia\output\croazia_mid_all\consiglio_2026-08-08_072139.txt -> 0 giocatori
[croazia/FWD] formazione_croazia\output\croazia_fwd_all\consiglio_2026-08-08_072140.txt -> 1 giocatori
[danimarca/GK] formazione_danimarca\output\danimarca_gk_all\consiglio_2026-08-08_072138.txt -> 0 giocatori
[danimarca/DEF] formazione_danimarca\output\danimarca_def_all\consiglio_2026-08-08_072139.txt -> 0 giocatori
[danimarca/MID] formazione_danimarca\output\danimarca_mid_all\consiglio_2026-08-08_072139.txt -> 1 giocatori
[danimarca/FWD] formazione_danimarca\output\danimarca_fwd_all\consiglio_2026-08-08_072140.txt -> 1 giocatori
[francia/GK] formazione_francia\output\francia_gk_all\consiglio_2026-08-08_072138.txt -> 0 giocatori
[francia/DEF] formazione_francia\output\francia_def_all\consiglio_2026-08-08_072139.txt -> 0 giocatori
[francia/MID] formazione_francia\output\francia_mid_all\consiglio_2026-08-08_072139.txt -> 0 giocatori
[francia/FWD] formazione_francia\output\francia_fwd_all\consiglio_2026-08-08_072140.txt -> 0 giocatori
[francia2/GK] formazione_francia2\output\francia2_gk_all\consiglio_2026-08-08_072138.txt -> 0 giocatori
[francia2/DEF] formazione_francia2\output\francia2_def_all\consiglio_2026-08-08_072139.txt -> 0 giocatori
[francia2/MID] formazione_francia2\output\francia2_mid_all\consiglio_2026-08-08_072139.txt -> 2 giocatori
[francia2/FWD] formazione_francia2\output\francia2_fwd_all\consiglio_2026-08-08_072140.txt -> 2 giocatori
[germania/GK] formazione_germania\output\germania_gk_all\consiglio_2026-08-08_072138.txt -> 0 giocatori
[germania/DEF] formazione_germania\output\germania_def_all\consiglio_2026-08-08_072139.txt -> 0 giocatori
[germania/MID] formazione_germania\output\germania_mid_all\consiglio_2026-08-08_072139.txt -> 0 giocatori
[germania/FWD] formazione_germania\output\germania_fwd_all\consiglio_2026-08-08_072140.txt -> 0 giocatori
[germania2/GK] formazione_germania2\output\germania2_gk_all\consiglio_2026-08-08_072138.txt -> 1 giocatori
[germania2/DEF] formazione_germania2\output\germania2_def_all\consiglio_2026-08-08_072139.txt -> 6 giocatori
[germania2/MID] formazione_germania2\output\germania2_mid_all\consiglio_2026-08-08_072140.txt -> 3 giocatori
[germania2/FWD] formazione_germania2\output\germania2_fwd_all\consiglio_2026-08-08_072140.txt -> 4 giocatori
[germania3/GK] formazione_germania3\output\germania3_gk_all\consiglio_2026-08-08_072138.txt -> 0 giocatori
[germania3/DEF] formazione_germania3\output\germania3_def_all\consiglio_2026-08-08_072139.txt -> 0 giocatori
[germania3/MID] formazione_germania3\output\germania3_mid_all\consiglio_2026-08-08_072140.txt -> 0 giocatori
[germania3/FWD] formazione_germania3\output\germania3_fwd_all\consiglio_2026-08-08_072140.txt -> 0 giocatori
[giappone/GK] formazione_giappone\output\giappone_gk_all\consiglio_2026-08-08_072138.txt -> 2 giocatori
[giappone/DEF] formazione_giappone\output\giappone_def_all\consiglio_2026-08-08_072139.txt -> 9 giocatori
[giappone/MID] formazione_giappone\output\giappone_mid_all\consiglio_2026-08-08_072140.txt -> 7 giocatori
[giappone/FWD] formazione_giappone\output\giappone_fwd_all\consiglio_2026-08-08_072140.txt -> 4 giocatori
[giappone100/GK] formazione_giappone100\output\giappone100_gk_all\consiglio_2026-07-27_190301.txt -> 0 giocatori
[giappone100/DEF] formazione_giappone100\output\giappone100_def_all\consiglio_2026-07-27_190319.txt -> 0 giocatori
[giappone100/MID] formazione_giappone100\output\giappone100_mid_all\consiglio_2026-07-27_190210.txt -> 0 giocatori
[giappone100/FWD] formazione_giappone100\output\giappone100_fwd_all\consiglio_2026-07-27_190321.txt -> 0 giocatori
[giappone2/GK] NESSUN FILE TROVATO -> 0 giocatori
[giappone2/DEF] NESSUN FILE TROVATO -> 0 giocatori
[giappone2/MID] NESSUN FILE TROVATO -> 0 giocatori
[giappone2/FWD] formazione_giappone2\output\giappone2_fwd_all\consiglio_2026-08-08_072140.txt -> 0 giocatori
[grecia/GK] formazione_grecia\output\grecia_gk_all\consiglio_2026-08-08_072138.txt -> 0 giocatori
[grecia/DEF] formazione_grecia\output\grecia_def_all\consiglio_2026-08-08_072139.txt -> 0 giocatori
[grecia/MID] formazione_grecia\output\grecia_mid_all\consiglio_2026-08-08_072140.txt -> 0 giocatori
[grecia/FWD] formazione_grecia\output\grecia_fwd_all\consiglio_2026-08-08_072141.txt -> 0 giocatori
[inghilterra/GK] formazione_inghilterra\output\inghilterra_gk_all\consiglio_2026-08-08_072138.txt -> 0 giocatori
[inghilterra/DEF] formazione_inghilterra\output\inghilterra_def_all\consiglio_2026-08-08_072139.txt -> 0 giocatori
[inghilterra/MID] formazione_inghilterra\output\inghilterra_mid_all\consiglio_2026-08-08_072140.txt -> 0 giocatori
[inghilterra/FWD] formazione_inghilterra\output\inghilterra_fwd_all\consiglio_2026-08-08_072141.txt -> 0 giocatori
[inghilterra2/GK] formazione_inghilterra2\output\inghilterra2_gk_all\consiglio_2026-08-08_072138.txt -> 0 giocatori
[inghilterra2/DEF] formazione_inghilterra2\output\inghilterra2_def_all\consiglio_2026-08-08_072139.txt -> 0 giocatori
[inghilterra2/MID] formazione_inghilterra2\output\inghilterra2_mid_all\consiglio_2026-08-08_072140.txt -> 0 giocatori
[inghilterra2/FWD] formazione_inghilterra2\output\inghilterra2_fwd_all\consiglio_2026-08-08_072141.txt -> 0 giocatori
[islanda/GK] NESSUN FILE TROVATO -> 0 giocatori
[islanda/DEF] NESSUN FILE TROVATO -> 0 giocatori
[islanda/MID] NESSUN FILE TROVATO -> 0 giocatori
[islanda/FWD] NESSUN FILE TROVATO -> 0 giocatori
[israele/GK] NESSUN FILE TROVATO -> 0 giocatori
[israele/DEF] formazione_israele\output\israele_def_all\consiglio_2026-08-08_072139.txt -> 0 giocatori
[israele/MID] NESSUN FILE TROVATO -> 0 giocatori
[israele/FWD] NESSUN FILE TROVATO -> 0 giocatori
[italia/GK] formazione_italia\output\italia_gk_all\consiglio_2026-08-08_072138.txt -> 0 giocatori
[italia/DEF] formazione_italia\output\italia_def_all\consiglio_2026-08-08_072139.txt -> 0 giocatori
[italia/MID] formazione_italia\output\italia_mid_all\consiglio_2026-08-08_072140.txt -> 0 giocatori
[italia/FWD] formazione_italia\output\italia_fwd_all\consiglio_2026-08-08_072141.txt -> 0 giocatori
[italia2/GK] NESSUN FILE TROVATO -> 0 giocatori
[italia2/DEF] formazione_italia2\output\italia2_def_all\consiglio_2026-08-08_072139.txt -> 0 giocatori
[italia2/MID] formazione_italia2\output\italia2_mid_all\consiglio_2026-08-08_072140.txt -> 0 giocatori
[italia2/FWD] formazione_italia2\output\italia2_fwd_all\consiglio_2026-08-08_072141.txt -> 0 giocatori
[kleague/GK] formazione_kleague\output\kleague_gk_all\consiglio_2026-08-08_072138.txt -> 7 giocatori
[kleague/DEF] formazione_kleague\output\kleague_def_all\consiglio_2026-08-08_072139.txt -> 16 giocatori
[kleague/MID] formazione_kleague\output\kleague_mid_all\consiglio_2026-08-08_072140.txt -> 8 giocatori
[kleague/FWD] formazione_kleague\output\kleague_fwd_all\consiglio_2026-08-08_072141.txt -> 0 giocatori
[kleague2/GK] NESSUN FILE TROVATO -> 0 giocatori
[kleague2/DEF] NESSUN FILE TROVATO -> 0 giocatori
[kleague2/MID] NESSUN FILE TROVATO -> 0 giocatori
[kleague2/FWD] formazione_kleague2\output\kleague2_fwd_all\consiglio_2026-08-08_072141.txt -> 0 giocatori
[messico/GK] formazione_messico\output\messico_gk_all\consiglio_2026-08-08_072138.txt -> 1 giocatori
[messico/DEF] formazione_messico\output\messico_def_all\consiglio_2026-08-08_072139.txt -> 2 giocatori
[messico/MID] formazione_messico\output\messico_mid_all\consiglio_2026-08-08_072140.txt -> 6 giocatori
[messico/FWD] formazione_messico\output\messico_fwd_all\consiglio_2026-08-08_072141.txt -> 3 giocatori
[mls/GK] formazione_mls\output\mls_gk_all\consiglio_2026-08-08_072138.txt -> 5 giocatori
[mls/DEF] formazione_mls\output\mls_def_all\consiglio_2026-08-08_072139.txt -> 11 giocatori
[mls/MID] formazione_mls\output\mls_mid_all\consiglio_2026-08-08_072140.txt -> 8 giocatori
[mls/FWD] formazione_mls\output\mls_fwd_all\consiglio_2026-08-08_072141.txt -> 5 giocatori
[norvegia/GK] NESSUN FILE TROVATO -> 0 giocatori
[norvegia/DEF] formazione_norvegia\output\norvegia_def_all\consiglio_2026-08-08_072139.txt -> 1 giocatori
[norvegia/MID] NESSUN FILE TROVATO -> 0 giocatori
[norvegia/FWD] NESSUN FILE TROVATO -> 0 giocatori
[olanda/GK] formazione_olanda\output\olanda_gk_all\consiglio_2026-08-08_072138.txt -> 7 giocatori
[olanda/DEF] formazione_olanda\output\olanda_def_all\consiglio_2026-08-08_072139.txt -> 16 giocatori
[olanda/MID] formazione_olanda\output\olanda_mid_all\consiglio_2026-08-08_072140.txt -> 15 giocatori
[olanda/FWD] formazione_olanda\output\olanda_fwd_all\consiglio_2026-08-08_072141.txt -> 9 giocatori
[olanda2/GK] NESSUN FILE TROVATO -> 0 giocatori
[olanda2/DEF] NESSUN FILE TROVATO -> 0 giocatori
[olanda2/MID] formazione_olanda2\output\olanda2_mid_all\consiglio_2026-08-08_072140.txt -> 0 giocatori
[olanda2/FWD] NESSUN FILE TROVATO -> 0 giocatori
[peru/GK] NESSUN FILE TROVATO -> 0 giocatori
[peru/DEF] NESSUN FILE TROVATO -> 0 giocatori
[peru/MID] formazione_peru\output\peru_mid_all\consiglio_2026-08-02_155139.txt -> 1 giocatori
[peru/FWD] NESSUN FILE TROVATO -> 0 giocatori
[polonia/GK] NESSUN FILE TROVATO -> 0 giocatori
[polonia/DEF] formazione_polonia\output\polonia_def_all\consiglio_2026-08-08_072139.txt -> 0 giocatori
[polonia/MID] formazione_polonia\output\polonia_mid_all\consiglio_2026-08-08_072140.txt -> 0 giocatori
[polonia/FWD] formazione_polonia\output\polonia_fwd_all\consiglio_2026-08-08_072141.txt -> 0 giocatori
[portogallo/GK] formazione_portogallo\output\portogallo_gk_all\consiglio_2026-08-08_072138.txt -> 1 giocatori
[portogallo/DEF] formazione_portogallo\output\portogallo_def_all\consiglio_2026-08-08_072139.txt -> 3 giocatori
[portogallo/MID] formazione_portogallo\output\portogallo_mid_all\consiglio_2026-08-08_072140.txt -> 4 giocatori
[portogallo/FWD] formazione_portogallo\output\portogallo_fwd_all\consiglio_2026-08-08_072141.txt -> 5 giocatori
[romania/GK] NESSUN FILE TROVATO -> 0 giocatori
[romania/DEF] NESSUN FILE TROVATO -> 0 giocatori
[romania/MID] NESSUN FILE TROVATO -> 0 giocatori
[romania/FWD] formazione_romania\output\romania_fwd_all\consiglio_2026-08-08_072141.txt -> 0 giocatori
[russia/GK] NESSUN FILE TROVATO -> 0 giocatori
[russia/DEF] formazione_russia\output\russia_def_all\consiglio_2026-08-08_072139.txt -> 1 giocatori
[russia/MID] formazione_russia\output\russia_mid_all\consiglio_2026-08-08_072140.txt -> 1 giocatori
[russia/FWD] formazione_russia\output\russia_fwd_all\consiglio_2026-08-08_072141.txt -> 0 giocatori
[scozia/GK] formazione_scozia\output\scozia_gk_all\consiglio_2026-08-08_072138.txt -> 0 giocatori
[scozia/DEF] formazione_scozia\output\scozia_def_all\consiglio_2026-08-08_072139.txt -> 7 giocatori
[scozia/MID] formazione_scozia\output\scozia_mid_all\consiglio_2026-08-08_072140.txt -> 4 giocatori
[scozia/FWD] formazione_scozia\output\scozia_fwd_all\consiglio_2026-08-08_072141.txt -> 3 giocatori
[senza_lega/GK] formazione_senza_lega\output\senza_lega_gk_all\consiglio_2026-08-08_072138.txt -> 0 giocatori
[senza_lega/DEF] formazione_senza_lega\output\senza_lega_def_all\consiglio_2026-08-08_072139.txt -> 0 giocatori
[senza_lega/MID] formazione_senza_lega\output\senza_lega_mid_all\consiglio_2026-08-08_072140.txt -> 0 giocatori
[senza_lega/FWD] formazione_senza_lega\output\senza_lega_fwd_all\consiglio_2026-08-08_072141.txt -> 0 giocatori
[serbia/GK] NESSUN FILE TROVATO -> 0 giocatori
[serbia/DEF] NESSUN FILE TROVATO -> 0 giocatori
[serbia/MID] formazione_serbia\output\serbia_mid_all\consiglio_2026-08-08_072140.txt -> 0 giocatori
[serbia/FWD] NESSUN FILE TROVATO -> 0 giocatori
[slovacchia/GK] NESSUN FILE TROVATO -> 0 giocatori
[slovacchia/DEF] formazione_slovacchia\output\slovacchia_def_all\consiglio_2026-08-08_072139.txt -> 0 giocatori
[slovacchia/MID] NESSUN FILE TROVATO -> 0 giocatori
[slovacchia/FWD] NESSUN FILE TROVATO -> 0 giocatori
[spagna/GK] formazione_spagna\output\spagna_gk_all\consiglio_2026-08-08_072138.txt -> 0 giocatori
[spagna/DEF] formazione_spagna\output\spagna_def_all\consiglio_2026-08-08_072139.txt -> 0 giocatori
[spagna/MID] formazione_spagna\output\spagna_mid_all\consiglio_2026-08-08_072140.txt -> 0 giocatoriC:\Users\Andrea\Documents\GitHub\Sorare-tracker-2\generatore_formazioni\build_formazione_globale.py:916: DeprecationWarning: datetime.datetime.utcnow() is deprecated and scheduled for removal in a future version. Use timezone-aware objects to represent datetimes in UTC: datetime.datetime.now(datetime.UTC).
  now = now or datetime.datetime.utcnow()
C:\Users\Andrea\Documents\GitHub\Sorare-tracker-2\generatore_formazioni\build_formazione_globale.py:2183: DeprecationWarning: datetime.datetime.utcnow() is deprecated and scheduled for removal in a future version. Use timezone-aware objects to represent datetimes in UTC: datetime.datetime.now(datetime.UTC).
  ts = datetime.datetime.utcnow().strftime('%Y-%m-%d_%H%M%S')
C:\Users\Andrea\Documents\GitHub\Sorare-tracker-2\generatore_formazioni\build_formazione_globale.py:2186: DeprecationWarning: datetime.datetime.utcnow() is deprecated and scheduled for removal in a future version. Use timezone-aware objects to represent datetimes in UTC: datetime.datetime.now(datetime.UTC).
  page_subhead = (f"Generato {datetime.datetime.utcnow().strftime('%d/%m/%Y %H:%M')}Z — "

[spagna/FWD] formazione_spagna\output\spagna_fwd_all\consiglio_2026-08-08_072141.txt -> 0 giocatori
[spagna2/GK] formazione_spagna2\output\spagna2_gk_all\consiglio_2026-08-08_072138.txt -> 0 giocatori
[spagna2/DEF] formazione_spagna2\output\spagna2_def_all\consiglio_2026-08-08_072139.txt -> 0 giocatori
[spagna2/MID] formazione_spagna2\output\spagna2_mid_all\consiglio_2026-08-08_072140.txt -> 0 giocatori
[spagna2/FWD] formazione_spagna2\output\spagna2_fwd_all\consiglio_2026-08-08_072141.txt -> 0 giocatori
[svezia/GK] NESSUN FILE TROVATO -> 0 giocatori
[svezia/DEF] NESSUN FILE TROVATO -> 0 giocatori
[svezia/MID] formazione_svezia\output\svezia_mid_all\consiglio_2026-08-08_072140.txt -> 0 giocatori
[svezia/FWD] NESSUN FILE TROVATO -> 0 giocatori
[svizzera/GK] formazione_svizzera\output\svizzera_gk_all\consiglio_2026-07-27_184103.txt -> 0 giocatori
[svizzera/DEF] formazione_svizzera\output\svizzera_def_all\consiglio_2026-08-08_072139.txt -> 1 giocatori
[svizzera/MID] formazione_svizzera\output\svizzera_mid_all\consiglio_2026-08-08_072140.txt -> 1 giocatori
[svizzera/FWD] formazione_svizzera\output\svizzera_fwd_all\consiglio_2026-08-08_072141.txt -> 0 giocatori
[turchia/GK] formazione_turchia\output\turchia_gk_all\consiglio_2026-08-08_072138.txt -> 0 giocatori
[turchia/DEF] formazione_turchia\output\turchia_def_all\consiglio_2026-08-08_072139.txt -> 0 giocatori
[turchia/MID] formazione_turchia\output\turchia_mid_all\consiglio_2026-08-08_072140.txt -> 0 giocatori
[turchia/FWD] formazione_turchia\output\turchia_fwd_all\consiglio_2026-08-08_072141.txt -> 0 giocatori
[ucraina/GK] NESSUN FILE TROVATO -> 0 giocatori
[ucraina/DEF] formazione_ucraina\output\ucraina_def_all\consiglio_2026-08-08_072139.txt -> 0 giocatori
[ucraina/MID] NESSUN FILE TROVATO -> 0 giocatori
[ucraina/FWD] NESSUN FILE TROVATO -> 0 giocatori
[venezuela/GK] NESSUN FILE TROVATO -> 0 giocatori
[venezuela/DEF] NESSUN FILE TROVATO -> 0 giocatori
[venezuela/MID] NESSUN FILE TROVATO -> 0 giocatori
[venezuela/FWD] formazione_venezuela\output\venezuela_fwd_all\consiglio_2026-08-08_072141.txt -> 0 giocatori

DUMP_JSON_CANDIDATI scritto: analisi_manager/cand_storica.json (250 candidati)

Finestra giornata: solo partite fra adesso e +4 giorni (MATCH_WINDOW_DAYS). Candidati GK: 35->35, DEF: 94->91, MID: 74->73, FWD: 47->45

ATTENZIONE: la lega 'kleague' ha almeno un ruolo senza consiglio disponibile -- le formazioni di quella lega/pool misto potrebbero non completarsi.
Formazione In Season MLS #1: generata (278.3 pt)
Formazione In Season K League #1: NON GENERATA — Nessun candidato disponibile per lo slot FWD (copie esaurite o consiglio vuoto).
Formazione In Season MLS #1: generata (266.5 pt)
Formazione In Season MLS #2: generata (252.7 pt)
Formazione In Season MLS #3: generata (250.5 pt)
Formazione In Season MLS #4: NON GENERATA — Nessun candidato disponibile per lo slot FWD (vincolo di schieramento (portiere vs avversario) + copie esaurite o consiglio vuoto).
Formazione In Season K League #1: NON GENERATA — Nessun candidato disponibile per lo slot FWD (vincolo di schieramento (portiere vs avversario) + copie esaurite o consiglio vuoto).

Formazioni OPZIONALI extra generate con il pool residuo: 3 (In Season MLS=3)

Formazioni generate: 4/2
TOTALE COMPLESSIVO: 1048.0 pt
Candidati non schierati in nessuna formazione: 226 (GK:31, DEF:85, MID:69, FWD:41)

Report visivo salvato in: C:\Users\Andrea\Documents\GitHub\Sorare-tracker-2\generatore_formazioni\output\generatore_formazioni_2026-08-08_094446.html
