VERIFICA 1+2 sul Brief 1 (composizione bloccata) -- tutti i mazzi
V1: favorito_odds tenute vs scartate-per-reale-assente, per ruolo
V2: Brief 1 rifatto con capitano BLOCCATO (stessa carta di A quando presente in B')

mazzi esclusi: ['manager_badamt.json', 'manager_crowss.json', 'manager_foreveryoung_predizioni_gw2.json', 'manager_matangel716.json']
mazzi da processare: 38

[1/38] manager_140spb34.json ...
  righe tenute=710 scartate(reale assente)=86  tasso scarto=10.8%
  arene(capitano bloccato)=141  cambi capitano(pre-blocco)=122  fallback(non presente in B')=116
  delta B'(locked)-A punti = +2.31

[2/38] manager_bartholomaus.json ...
  righe tenute=1092 scartate(reale assente)=100  tasso scarto=8.4%
  arene(capitano bloccato)=200  cambi capitano(pre-blocco)=175  fallback(non presente in B')=162
  delta B'(locked)-A punti = -0.54

[3/38] manager_bassmn26.json ...
  righe tenute=289 scartate(reale assente)=31  tasso scarto=9.7%
  arene(capitano bloccato)=141  cambi capitano(pre-blocco)=87  fallback(non presente in B')=80
  delta B'(locked)-A punti = -0.14

[4/38] manager_braddersfc.json ...
  righe tenute=48 scartate(reale assente)=0  tasso scarto=0.0%
  arene(capitano bloccato)=12  cambi capitano(pre-blocco)=5  fallback(non presente in B')=4
  delta B'(locked)-A punti = +7.67

[5/38] manager_bryanmid.json ...
  righe tenute=231 scartate(reale assente)=36  tasso scarto=13.5%
  arene(capitano bloccato)=28  cambi capitano(pre-blocco)=17  fallback(non presente in B')=11
  delta B'(locked)-A punti = -1.81

[6/38] manager_bxl-spartak.json ...
  righe tenute=1347 scartate(reale assente)=295  tasso scarto=18.0%
  arene(capitano bloccato)=179  cambi capitano(pre-blocco)=115  fallback(non presente in B')=102
  delta B'(locked)-A punti = -2.87

[7/38] manager_el_pepito-fast-reply.json ...
  righe tenute=394 scartate(reale assente)=47  tasso scarto=10.7%
  arene(capitano bloccato)=69  cambi capitano(pre-blocco)=51  fallback(non presente in B')=48
  delta B'(locked)-A punti = -3.15

[8/38] manager_eoghankelly.json ...
  righe tenute=246 scartate(reale assente)=93  tasso scarto=27.4%
  arene(capitano bloccato)=29  cambi capitano(pre-blocco)=17  fallback(non presente in B')=16
  delta B'(locked)-A punti = -3.82

[9/38] manager_ericeinicke-fc2a0cf2-c258-4fdc-afc5-0ec69d4cd4df.json ...
  righe tenute=21 scartate(reale assente)=0  tasso scarto=0.0%
  arene(capitano bloccato)=4  cambi capitano(pre-blocco)=2  fallback(non presente in B')=2
  delta B'(locked)-A punti = -0.53

[10/38] manager_fins49.json ...
  righe tenute=160 scartate(reale assente)=14  tasso scarto=8.0%
  arene(capitano bloccato)=31  cambi capitano(pre-blocco)=10  fallback(non presente in B')=9
  delta B'(locked)-A punti = +0.11

[11/38] manager_forever-young.json ...
  righe tenute=11215 scartate(reale assente)=2558  tasso scarto=18.6%
  arene(capitano bloccato)=652  cambi capitano(pre-blocco)=485  fallback(non presente in B')=448
  delta B'(locked)-A punti = +2.92

[12/38] manager_globidoug81.json ...
  righe tenute=325 scartate(reale assente)=25  tasso scarto=7.1%
  arene(capitano bloccato)=51  cambi capitano(pre-blocco)=43  fallback(non presente in B')=35
  delta B'(locked)-A punti = +0.75

[13/38] manager_gonlea.json ...
  righe tenute=147 scartate(reale assente)=11  tasso scarto=7.0%
  arene(capitano bloccato)=32  cambi capitano(pre-blocco)=26  fallback(non presente in B')=24
  delta B'(locked)-A punti = -1.23

[14/38] manager_handicap-fc.json ...
  righe tenute=470 scartate(reale assente)=33  tasso scarto=6.6%
  arene(capitano bloccato)=88  cambi capitano(pre-blocco)=59  fallback(non presente in B')=54
  delta B'(locked)-A punti = -2.76

[15/38] manager_helgivilli.json ...
  righe tenute=583 scartate(reale assente)=71  tasso scarto=10.9%
  arene(capitano bloccato)=123  cambi capitano(pre-blocco)=105  fallback(non presente in B')=95
  delta B'(locked)-A punti = +2.40

[16/38] manager_lairdinho.json ...
  righe tenute=472 scartate(reale assente)=123  tasso scarto=20.7%
  arene(capitano bloccato)=65  cambi capitano(pre-blocco)=31  fallback(non presente in B')=24
  delta B'(locked)-A punti = +3.44

[17/38] manager_llooll4412.json ...
  righe tenute=481 scartate(reale assente)=48  tasso scarto=9.1%
  arene(capitano bloccato)=76  cambi capitano(pre-blocco)=50  fallback(non presente in B')=42
  delta B'(locked)-A punti = +0.31

[18/38] manager_mad-bunny.json ...
  righe tenute=741 scartate(reale assente)=72  tasso scarto=8.9%
  arene(capitano bloccato)=135  cambi capitano(pre-blocco)=112  fallback(non presente in B')=104
  delta B'(locked)-A punti = -1.41

[19/38] manager_mamatouniang.json ...
  righe tenute=875 scartate(reale assente)=96  tasso scarto=9.9%
  arene(capitano bloccato)=177  cambi capitano(pre-blocco)=147  fallback(non presente in B')=133
  delta B'(locked)-A punti = +1.51

[20/38] manager_mattross.json ...
  righe tenute=985 scartate(reale assente)=84  tasso scarto=7.9%
  arene(capitano bloccato)=164  cambi capitano(pre-blocco)=131  fallback(non presente in B')=119
  delta B'(locked)-A punti = -1.33

[21/38] manager_milkyfresht.json ...
  righe tenute=200 scartate(reale assente)=9  tasso scarto=4.3%
  arene(capitano bloccato)=29  cambi capitano(pre-blocco)=14  fallback(non presente in B')=12
  delta B'(locked)-A punti = -2.52

[22/38] manager_mortz-utl.json ...
  righe tenute=436 scartate(reale assente)=36  tasso scarto=7.6%
  arene(capitano bloccato)=62  cambi capitano(pre-blocco)=41  fallback(non presente in B')=37
  delta B'(locked)-A punti = +1.55

[23/38] manager_ninoshooter.json ...
  righe tenute=70 scartate(reale assente)=16  tasso scarto=18.6%
  arene(capitano bloccato)=7  cambi capitano(pre-blocco)=0  fallback(non presente in B')=0
  delta B'(locked)-A punti = -0.00

[24/38] manager_outbackeras.json ...
  righe tenute=1044 scartate(reale assente)=62  tasso scarto=5.6%
  arene(capitano bloccato)=203  cambi capitano(pre-blocco)=181  fallback(non presente in B')=168
  delta B'(locked)-A punti = -1.83

[25/38] manager_pablo0078.json ...
  righe tenute=2267 scartate(reale assente)=216  tasso scarto=8.7%
  arene(capitano bloccato)=448  cambi capitano(pre-blocco)=397  fallback(non presente in B')=380
  delta B'(locked)-A punti = -1.09

[26/38] manager_private_joker.json ...
  righe tenute=924 scartate(reale assente)=57  tasso scarto=5.8%
  arene(capitano bloccato)=220  cambi capitano(pre-blocco)=199  fallback(non presente in B')=189
  delta B'(locked)-A punti = +0.11

[27/38] manager_qtn-d8cd72ac-240c-493c-894c-a45f5b3d151d.json ...
  righe tenute=1928 scartate(reale assente)=694  tasso scarto=26.5%
  arene(capitano bloccato)=443  cambi capitano(pre-blocco)=337  fallback(non presente in B')=310
  delta B'(locked)-A punti = -1.23

[28/38] manager_s-g-51d741f4-5d7d-4853-a74c-a3bff2d7ed7d.json ...
  righe tenute=280 scartate(reale assente)=19  tasso scarto=6.4%
  arene(capitano bloccato)=39  cambi capitano(pre-blocco)=18  fallback(non presente in B')=13
  delta B'(locked)-A punti = +6.63

[29/38] manager_s2t.json ...
  righe tenute=148 scartate(reale assente)=14  tasso scarto=8.6%
  arene(capitano bloccato)=27  cambi capitano(pre-blocco)=12  fallback(non presente in B')=9
  delta B'(locked)-A punti = +1.03

[30/38] manager_satonio.json ...
  righe tenute=1367 scartate(reale assente)=100  tasso scarto=6.8%
  arene(capitano bloccato)=514  cambi capitano(pre-blocco)=353  fallback(non presente in B')=303
  delta B'(locked)-A punti = -1.36

[31/38] manager_serji0.json ...
  righe tenute=78 scartate(reale assente)=6  tasso scarto=7.1%
  arene(capitano bloccato)=5  cambi capitano(pre-blocco)=0  fallback(non presente in B')=0
  delta B'(locked)-A punti = -1.62

[32/38] manager_shirimimi.json ...
  righe tenute=336 scartate(reale assente)=44  tasso scarto=11.6%
  arene(capitano bloccato)=34  cambi capitano(pre-blocco)=21  fallback(non presente in B')=16
  delta B'(locked)-A punti = +2.39

[33/38] manager_sirbyss-471ad338-0147-42d2-83aa-130cf0e2bdbf.json ...
  righe tenute=281 scartate(reale assente)=45  tasso scarto=13.8%
  arene(capitano bloccato)=33  cambi capitano(pre-blocco)=18  fallback(non presente in B')=17
  delta B'(locked)-A punti = -5.78

[34/38] manager_sorare2gether-youtube.json ...
  righe tenute=727 scartate(reale assente)=83  tasso scarto=10.2%
  arene(capitano bloccato)=184  cambi capitano(pre-blocco)=171  fallback(non presente in B')=167
  delta B'(locked)-A punti = -1.14

[35/38] manager_spillo678.json ...
  righe tenute=68 scartate(reale assente)=9  tasso scarto=11.7%
  arene(capitano bloccato)=11  cambi capitano(pre-blocco)=3  fallback(non presente in B')=2
  delta B'(locked)-A punti = +2.86

[36/38] manager_sticole-ac-i-like-card-swapping-20-more.json ...
  righe tenute=113 scartate(reale assente)=5  tasso scarto=4.2%
  arene(capitano bloccato)=14  cambi capitano(pre-blocco)=5  fallback(non presente in B')=4
  delta B'(locked)-A punti = -1.72

[37/38] manager_talwiwi.json ...
  righe tenute=1233 scartate(reale assente)=109  tasso scarto=8.1%
  arene(capitano bloccato)=199  cambi capitano(pre-blocco)=137  fallback(non presente in B')=124
  delta B'(locked)-A punti = +4.01

[38/38] manager_toschi.json ...
  righe tenute=150 scartate(reale assente)=10  tasso scarto=6.2%
  arene(capitano bloccato)=24  cambi capitano(pre-blocco)=10  fallback(non presente in B')=9
  delta B'(locked)-A punti = -2.13

====================================================================================================
VERIFICA 1 -- favorito_odds: TENUTE (reale trovato) vs SCARTATE (reale assente), per ruolo
(pool di tutte le carte candidate nella finestra +/-30gg, tutti i 38 mazzi, non solo quelle in formazione)
====================================================================================================
ruolo   n_tenute    media_T       SD_T     Q1_T    med_T     Q3_T          |    n_scart    media_S       SD_S     Q1_S    med_S     Q3_S         
GK          5373    -0.0114     0.2630  -0.1853   0.0000   0.1754 |        803    -0.0388     0.2769  -0.2344  -0.0229   0.1656
DEF         9728    -0.0116     0.2755  -0.1900   0.0031   0.1814 |       1844    -0.0024     0.2684  -0.1794   0.0145   0.1934
MID         9364    -0.0141     0.2750  -0.1923   0.0026   0.1774 |       1498    -0.0115     0.2746  -0.1975   0.0090   0.1817
FWD         8017    -0.0260     0.2784  -0.2125  -0.0129   0.1744 |       1212    -0.0336     0.2713  -0.2125  -0.0327   0.1652

  differenza media (scartate - tenute), per ruolo:
    GK   -0.0274  (tenute media -0.0114, n=5373 | scartate media -0.0388, n=803)
    DEF  +0.0092  (tenute media -0.0116, n=9728 | scartate media -0.0024, n=1844)
    MID  +0.0026  (tenute media -0.0141, n=9364 | scartate media -0.0115, n=1498)
    FWD  -0.0076  (tenute media -0.0260, n=8017 | scartate media -0.0336, n=1212)

  tasso di scarto per mazzo (quota di righe scartate per reale assente sul totale con d calcolabile):
  manager                                         tenute scartate   tasso%
  eoghankelly                                        246       93    27.4%
  qtn-d8cd72ac-240c-493c-894c-a45f5b3d151d          1928      694    26.5%
  lairdinho                                          472      123    20.7%
  ninoshooter                                         70       16    18.6%
  forever-young                                    11215     2558    18.6%
  bxl-spartak                                       1347      295    18.0%
  sirbyss-471ad338-0147-42d2-83aa-130cf0e2bdbf       281       45    13.8%
  bryanmid                                           231       36    13.5%
  spillo678                                           68        9    11.7%
  shirimimi                                          336       44    11.6%
  helgivilli                                         583       71    10.9%
  140spb34                                           710       86    10.8%
  el_pepito-fast-reply                               394       47    10.7%
  sorare2gether-youtube                              727       83    10.2%
  mamatouniang                                       875       96     9.9%
  bassmn26                                           289       31     9.7%
  llooll4412                                         481       48     9.1%
  mad-bunny                                          741       72     8.9%
  pablo0078                                         2267      216     8.7%
  s2t                                                148       14     8.6%
  bartholomaus                                      1092      100     8.4%
  talwiwi                                           1233      109     8.1%
  fins49                                             160       14     8.0%
  mattross                                           985       84     7.9%
  mortz-utl                                          436       36     7.6%
  globidoug81                                        325       25     7.1%
  serji0                                              78        6     7.1%
  gonlea                                             147       11     7.0%
  satonio                                           1367      100     6.8%
  handicap-fc                                        470       33     6.6%
  s-g-51d741f4-5d7d-4853-a74c-a3bff2d7ed7d           280       19     6.4%
  toschi                                             150       10     6.2%
  private_joker                                      924       57     5.8%
  outbackeras                                       1044       62     5.6%
  milkyfresht                                        200        9     4.3%
  sticole-ac-i-like-card-swapping-20-more            113        5     4.2%
  braddersfc                                          48        0     0.0%
  ericeinicke-fc2a0cf2-c258-4fdc-afc5-0ec69d4cd       21        0     0.0%

====================================================================================================
VERIFICA 2 -- Brief 1 con CAPITANO BLOCCATO (stessa carta di A quando presente in B')
====================================================================================================
  totale arene valutate: 4893
  cambi di capitano PRIMA del blocco (B' liberO avrebbe capitanato un'altra carta): 3707 (75.8%)
  fallback (capitano di A era un DEF sostituito, non piu' presente in B'): 3388 (69.2%)

  manager                                        arene    gg    delta                 IC95
  forever-young                                    652    35    +2.92        [+0.27,+6.03]
  satonio                                          514     4    -1.36        [-2.32,-0.42]
  pablo0078                                        448     5    -1.09        [-1.72,-0.03]
  qtn-d8cd72ac-240c-493c-894c-a45f5b3d151d         443    10    -1.23        [-3.68,+0.20]
  private_joker                                    220     3    +0.11        [-3.06,+2.71]
  outbackeras                                      203     3    -1.83        [-3.17,+2.23]
  bartholomaus                                     200     5    -0.54        [-2.38,+2.52]
  talwiwi                                          199     5    +4.01       [+1.39,+10.07]
  sorare2gether-youtube                            184     2    -1.14        [-1.79,-0.17]
  bxl-spartak                                      179    11    -2.87        [-5.59,+0.71]
  mamatouniang                                     177     2    +1.51        [-0.03,+2.75]
  mattross                                         164     5    -1.33        [-3.02,+0.65]
  140spb34                                         141     4    +2.31        [+0.54,+3.70]
  bassmn26                                         141     4    -0.14        [-1.66,+1.55]
  mad-bunny                                        135     5    -1.41        [-4.30,+5.31]
  helgivilli                                       123     5    +2.40        [-1.55,+8.61]
  handicap-fc                                       88     5    -2.76        [-5.27,+0.68]
  llooll4412                                        76     5    +0.31        [-3.31,+3.53]
  el_pepito-fast-reply                              69     4    -3.15        [-6.18,+0.68]
  lairdinho                                         65    12    +3.44       [-3.32,+11.08]
  mortz-utl                                         62     5    +1.55        [-2.62,+5.32]
  globidoug81                                       51     5    +0.75        [-5.97,+4.77]
  s-g-51d741f4-5d7d-4853-a74c-a3bff2d7ed7d          39     5    +6.63        [+4.63,+8.38]
  shirimimi                                         34     7    +2.39       [-4.13,+10.59]
  sirbyss-471ad338-0147-42d2-83aa-130cf0e2bdbf      33     4    -5.78       [-23.02,-2.49]
  gonlea                                            32     4    -1.23        [-4.92,+5.35]
  fins49                                            31     7    +0.11        [-4.14,+2.63]
  eoghankelly                                       29     9    -3.82        [-6.12,+0.50]
  milkyfresht                                       29     4    -2.52        [-5.23,-0.25]
  bryanmid                                          28     6    -1.81        [-8.41,+3.04]
  s2t                                               27     4    +1.03        [-1.57,+3.91]
  toschi                                            24     4    -2.13        [-8.20,+3.31]
  sticole-ac-i-like-card-swapping-20-more           14     3    -1.72       [-10.95,+5.95]
  braddersfc                                        12     2    +7.67       [+0.00,+11.51]
  spillo678                                         11     4    +2.86       [-2.40,+22.95]
  ninoshooter                                        7     4    -0.00        [-0.00,+0.00]
  serji0                                             5     4    -1.62        [-6.06,+0.00]
  ericeinicke-fc2a0cf2-c258-4fdc-afc5-0ec69d4cd      4     3    -0.53        [-1.06,+0.00]

  LETTURA 1 (capitano bloccato) -- segno su 38 mazzi: positivi=16 negativi=22 zero=0
  test del segno (bilaterale): p-value = 0.4177

  LETTURA 2 (capitano bloccato) -- mazzi con >=16 giornate: n=1
    positivi=1 negativi=0  p=1.0000

  LETTURA 3 (capitano bloccato) -- delta pesato per arene, con forever-young
    arene=4893 mazzi=38 cluster=218  delta pesato=+0.023  IC95 [-0.594, +0.772]

  LETTURA 3bis (capitano bloccato) -- delta pesato per arene, senza forever-young
    arene=4241 mazzi=37 cluster=183  delta pesato=-0.423  IC95 [-0.951, +0.189]

salvato in analisi_manager/p11_verifiche_out.txt
