========================================================================
PASSO 1 -- SELEZIONE PURA SU COMPETIZIONI SENZA SOGLIA
========================================================================
manager processati: 55   giornate totali (tutti i manager): 738
giornate ESCLUSE per pool<=slot (nessuna scorta): 47
    braddersfc       football-2-5-jun-2026            pool=  28 slot=  28
    braddersfc       football-26-29-may-2026          pool=   7 slot=   7
    cedric9093-61e65334-068e-4a77-bea1-5e25e69e3500 football-2-5-jun-2026            pool=   7 slot=   7
    cedric9093-61e65334-068e-4a77-bea1-5e25e69e3500 football-30-may-2-jun-2026       pool=  14 slot=  14
    cedric9093-61e65334-068e-4a77-bea1-5e25e69e3500 football-26-29-may-2026          pool=   7 slot=   7
    chuchochavez     football-10-13-jul-2026          pool=  14 slot=  14
    chuchochavez     football-5-8-jul-2026            pool=   7 slot=   7
    crowss           football-14-18-nov-2025          pool=  35 slot=  35
    crowss           football-19-22-aug-2025          pool=  11 slot=  28
    crowss           football-2-5-aug-2025            pool=  14 slot=  14
    crowss           football-25-29-jul-2025          pool=   4 slot=   7
    crowss           football-8-8-aug-2025            pool=   7 slot=  28
    crowss           football-5-11-jun-2026           pool=  35 slot=  35
    crowss           football-2-5-jun-2026            pool=   7 slot=   7
    fins49           football-26-29-may-2026          pool=  28 slot=  28
    forever-young    football-19-22-aug-2025          pool=  10 slot=  35
    forever-young    football-2-5-aug-2025            pool=  13 slot=  35
    forever-young    football-22-26-aug-2025          pool=  26 slot=  49
    forever-young    football-25-29-jul-2025          pool=   5 slot=  28
    forever-young    football-29-29-aug-2025          pool=  35 slot=  35
    forever-young    football-8-8-aug-2025            pool=   4 slot=  28
    john942          football-5-8-jul-2026            pool=  14 slot=  14
    john942          football-1-4-jul-2026            pool=  14 slot=  14
    john942          football-5-11-jun-2026           pool=  28 slot=  28
    john942          football-2-5-jun-2026            pool=  21 slot=  21
    john942          football-26-29-may-2026          pool=  14 slot=  14
    joulos_          football-21-24-jul-2026          pool=  21 slot=  21
    joulos_          football-15-20-jul-2026          pool=  14 slot=  14
    joulos_          football-10-13-jul-2026          pool=   7 slot=   7
    joulos_          football-5-8-jul-2026            pool=   7 slot=   7
    joulos_          football-1-4-jul-2026            pool=  14 slot=  14
    joulos_          football-2-5-jun-2026            pool=   7 slot=   7
    keano88          football-2-5-jun-2026            pool=  28 slot=  28
    keano88          football-26-29-may-2026          pool=   7 slot=   7
    lafindubal       football-19-22-may-2026          pool=  32 slot=  35
    matangel716      football-5-11-jun-2026           pool=  14 slot=  14
    matangel716      football-2-5-jun-2026            pool=   7 slot=   7
    matangel716      football-26-29-may-2026          pool=   7 slot=   7
    matteoogg        football-21-24-jul-2026          pool=  14 slot=  14
    nivenzg          football-5-11-jun-2026           pool=  42 slot=  42
    ... e altre 7
formazioni scartate per lega non deducibile: 0
formazioni scartate per shape inattesa (ne' 5 ne' 7 carte): {}
punteggi grezzi da CACHE: 27142   RICOSTRUITI (fallback): 1866

formazioni valutate (A e G costruite): 864
formazioni IDENTICHE fra A e G: 347/864 (40.2%)
overlap medio (carte in comune): 4.397 (su n_carte variabile 5 o 7)

--- per famiglia di competizione ---
competizione                       n        A        G    delta               IC95  %ident
All Star – Limited               534   418.92   424.74    +5.82 [+1.45,+10.46]   38.8%
Under 23 – Limited               330   433.71   439.95    +6.24 [+0.47,+12.30]   42.4%

--- TOTALE aggregato (tutte le famiglie insieme) ---
n=864  A=424.57  G=430.55  delta=+5.98  IC95=[+2.43,+9.68]  identiche=40.2%

salvato analisi_manager/p16_backtest_allstar_u23_out.json
dump leggibile: analisi_manager/p16_dump_esempio.txt
