==============================================================================
PASSO 1 -- allstar_u23 -- A vs G-gruppo vs G-storica (walk-forward)
==============================================================================
manager processati: 55   giornate totali: 738
unita' (manager,GW) valide: 170   formazioni attese: 875
scarti: pool<=slot=47  lega_non_deducibile=0  shape_inattesa={}
punteggi grezzi CACHE=27142  RICOSTRUITI=1866

formazioni valutate (A, G-gruppo, G-storica tutte costruite): 864

--- 1a/1b/1c: A vs G-gruppo vs G-storica (bootstrap sui MANAGER, non sulle formazioni) ---
n=864  manager distinti=13
  A          = 424.57
  G-gruppo   = 430.55   delta G-A = +5.98  IC95=[+4.87,+10.38]
  G-storica  = 430.12   delta S-A = +5.55  IC95=[+3.76,+10.46]
  G-storica vs G-gruppo: delta S-G = -0.43  IC95=[-2.34,+1.21]

--- 1d: PLACEBO (30 permutazioni) ---
  G-gruppo:  placebo delta [-3.18,-0.58] mediana -1.51
    G VERO (+5.98) sta al percentile 100.0 del placebo
  G-storica: placebo delta [-1.21,+1.03] mediana -0.54
    S VERO (+5.55) sta al percentile 100.0 del placebo

salvato analisi_manager/p19_allstar_u23_out.json
