==============================================================================
PASSO 2 -- FRONTE 2 con GRADE_SCALE=storica (S) vs G-gruppo (G) vs A
==============================================================================

arene nel campione: 170  (controllo: 170, vedi p14/p15)
arene valutate (atteso disponibile per tutte le regole): 142  (controllo: 142)
arene escluse per carta-senza-atteso: 28
manager nelle arene valutate: 13

==============================================================================
AGGREGATO (tutte le arene valutate)  (n=142)
==============================================================================
saldo manager reale ("gioca sempre"): -600  |  pavimento "non gioca mai": 0

  ramo A-stretta:
    matrice [bot gioca/non gioca x podio/non podio]: gioca(podio=28,no=58)  non_gioca(podio=15,no=41)
    tasso decisioni giuste: 69/142 (48.6%)
    saldo_bot=+2000  risparmio=+11800  mancato_guadagno=+9200  quadratura=+2000  OK

  ramo G-stretta:
    matrice [bot gioca/non gioca x podio/non podio]: gioca(podio=28,no=58)  non_gioca(podio=15,no=41)
    tasso decisioni giuste: 69/142 (48.6%)
    saldo_bot=+2600  risparmio=+11600  mancato_guadagno=+8400  quadratura=+2600  OK

  ramo S-stretta:
    matrice [bot gioca/non gioca x podio/non podio]: gioca(podio=34,no=68)  non_gioca(podio=9,no=31)
    tasso decisioni giuste: 65/142 (45.8%)
    saldo_bot=+3600  risparmio=+8900  mancato_guadagno=+4700  quadratura=+3600  OK

  ramo A-larga:
    matrice [bot gioca/non gioca x podio/non podio]: gioca(podio=31,no=72)  non_gioca(podio=12,no=27)
    tasso decisioni giuste: 58/142 (40.8%)
    saldo_bot=-100  risparmio=+7900  mancato_guadagno=+7400  quadratura=-100  OK

  ramo G-larga:
    matrice [bot gioca/non gioca x podio/non podio]: gioca(podio=33,no=66)  non_gioca(podio=10,no=33)
    tasso decisioni giuste: 66/142 (46.5%)
    saldo_bot=+2900  risparmio=+9500  mancato_guadagno=+6000  quadratura=+2900  OK

  ramo S-larga:
    matrice [bot gioca/non gioca x podio/non podio]: gioca(podio=37,no=76)  non_gioca(podio=6,no=23)
    tasso decisioni giuste: 60/142 (42.3%)
    saldo_bot=+3500  risparmio=+6800  mancato_guadagno=+2700  quadratura=+3500  OK

==============================================================================
STRATIFICATO PER TIPO -- Cap 260  (n=84)
==============================================================================
saldo manager reale ("gioca sempre"): -5000  |  pavimento "non gioca mai": 0

  ramo A-stretta:
    matrice [bot gioca/non gioca x podio/non podio]: gioca(podio=15,no=40)  non_gioca(podio=8,no=21)
    tasso decisioni giuste: 36/84 (42.9%)
    saldo_bot=-2100  risparmio=+6300  mancato_guadagno=+3400  quadratura=-2100  OK

  ramo G-stretta:
    matrice [bot gioca/non gioca x podio/non podio]: gioca(podio=14,no=40)  non_gioca(podio=9,no=21)
    tasso decisioni giuste: 35/84 (41.7%)
    saldo_bot=-2300  risparmio=+6300  mancato_guadagno=+3600  quadratura=-2300  OK

  ramo S-stretta:
    matrice [bot gioca/non gioca x podio/non podio]: gioca(podio=17,no=46)  non_gioca(podio=6,no=15)
    tasso decisioni giuste: 32/84 (38.1%)
    saldo_bot=-3200  risparmio=+4500  mancato_guadagno=+2700  quadratura=-3200  OK

  ramo A-larga:
    matrice [bot gioca/non gioca x podio/non podio]: gioca(podio=17,no=49)  non_gioca(podio=6,no=12)
    tasso decisioni giuste: 29/84 (34.5%)
    saldo_bot=-3800  risparmio=+3600  mancato_guadagno=+2400  quadratura=-3800  OK

  ramo G-larga:
    matrice [bot gioca/non gioca x podio/non podio]: gioca(podio=18,no=45)  non_gioca(podio=5,no=16)
    tasso decisioni giuste: 34/84 (40.5%)
    saldo_bot=-2400  risparmio=+4800  mancato_guadagno=+2200  quadratura=-2400  OK

  ramo S-larga:
    matrice [bot gioca/non gioca x podio/non podio]: gioca(podio=19,no=51)  non_gioca(podio=4,no=10)
    tasso decisioni giuste: 29/84 (34.5%)
    saldo_bot=-3700  risparmio=+3000  mancato_guadagno=+1700  quadratura=-3700  OK

==============================================================================
STRATIFICATO PER TIPO -- Cap 220  (n=34)
==============================================================================
saldo manager reale ("gioca sempre"): +2000  |  pavimento "non gioca mai": 0

  ramo A-stretta:
    matrice [bot gioca/non gioca x podio/non podio]: gioca(podio=10,no=17)  non_gioca(podio=2,no=5)
    tasso decisioni giuste: 15/34 (44.1%)
    saldo_bot=+1400  risparmio=+1000  mancato_guadagno=+1600  quadratura=+1400  OK

  ramo G-stretta:
    matrice [bot gioca/non gioca x podio/non podio]: gioca(podio=10,no=15)  non_gioca(podio=2,no=7)
    tasso decisioni giuste: 17/34 (50.0%)
    saldo_bot=+1800  risparmio=+1400  mancato_guadagno=+1600  quadratura=+1800  OK

  ramo S-stretta:
    matrice [bot gioca/non gioca x podio/non podio]: gioca(podio=11,no=18)  non_gioca(podio=1,no=4)
    tasso decisioni giuste: 15/34 (44.1%)
    saldo_bot=+2000  risparmio=+800  mancato_guadagno=+800  quadratura=+2000  OK

  ramo A-larga:
    matrice [bot gioca/non gioca x podio/non podio]: gioca(podio=11,no=20)  non_gioca(podio=1,no=2)
    tasso decisioni giuste: 13/34 (38.2%)
    saldo_bot=+1600  risparmio=+400  mancato_guadagno=+800  quadratura=+1600  OK

  ramo G-larga:
    matrice [bot gioca/non gioca x podio/non podio]: gioca(podio=10,no=18)  non_gioca(podio=2,no=4)
    tasso decisioni giuste: 14/34 (41.2%)
    saldo_bot=+1200  risparmio=+800  mancato_guadagno=+1600  quadratura=+1200  OK

  ramo S-larga:
    matrice [bot gioca/non gioca x podio/non podio]: gioca(podio=11,no=21)  non_gioca(podio=1,no=1)
    tasso decisioni giuste: 12/34 (35.3%)
    saldo_bot=+1400  risparmio=+200  mancato_guadagno=+800  quadratura=+1400  OK

==============================================================================
STRATIFICATO PER TIPO -- Uncapped  (n=24)
==============================================================================
saldo manager reale ("gioca sempre"): +2400  |  pavimento "non gioca mai": 0

  ramo A-stretta:
    matrice [bot gioca/non gioca x podio/non podio]: gioca(podio=3,no=1)  non_gioca(podio=5,no=15)
    tasso decisioni giuste: 18/24 (75.0%)
    saldo_bot=+2700  risparmio=+4500  mancato_guadagno=+4200  quadratura=+2700  OK

  ramo G-stretta:
    matrice [bot gioca/non gioca x podio/non podio]: gioca(podio=4,no=3)  non_gioca(podio=4,no=13)
    tasso decisioni giuste: 17/24 (70.8%)
    saldo_bot=+3100  risparmio=+3900  mancato_guadagno=+3200  quadratura=+3100  OK

  ramo S-stretta:
    matrice [bot gioca/non gioca x podio/non podio]: gioca(podio=6,no=4)  non_gioca(podio=2,no=12)
    tasso decisioni giuste: 18/24 (75.0%)
    saldo_bot=+4800  risparmio=+3600  mancato_guadagno=+1200  quadratura=+4800  OK

  ramo A-larga:
    matrice [bot gioca/non gioca x podio/non podio]: gioca(podio=3,no=3)  non_gioca(podio=5,no=13)
    tasso decisioni giuste: 16/24 (66.7%)
    saldo_bot=+2100  risparmio=+3900  mancato_guadagno=+4200  quadratura=+2100  OK

  ramo G-larga:
    matrice [bot gioca/non gioca x podio/non podio]: gioca(podio=5,no=3)  non_gioca(podio=3,no=13)
    tasso decisioni giuste: 18/24 (75.0%)
    saldo_bot=+4100  risparmio=+3900  mancato_guadagno=+2200  quadratura=+4100  OK

  ramo S-larga:
    matrice [bot gioca/non gioca x podio/non podio]: gioca(podio=7,no=4)  non_gioca(podio=1,no=12)
    tasso decisioni giuste: 19/24 (79.2%)
    saldo_bot=+5800  risparmio=+3600  mancato_guadagno=+200  quadratura=+5800  OK

==============================================================================
BOOTSTRAP sui MANAGER (cluster), 3.000 resample -- delta saldo_bot - saldo_manager
==============================================================================
  A-stretta: IC95 [-4100, +8700]  positivo nel 79.6% dei resample
  G-stretta: IC95 [-800, +7600]  positivo nel 93.2% dei resample
  S-stretta: IC95 [+1300, +7000]  positivo nel 99.9% dei resample
  A-larga: IC95 [-4300, +4400]  positivo nel 60.4% dei resample
  G-larga: IC95 [+0, +7600]  positivo nel 97.3% dei resample
  S-larga: IC95 [+1100, +7600]  positivo nel 99.8% dei resample

==============================================================================
CONFRONTO DIRETTO S vs G (quello che interessa, brief Passo 2)
==============================================================================
  regola stretta: arene dove S decide diverso da G: 16/142  saldo G=+2600  saldo S=+3600  delta S-G=+1000
  regola larga: arene dove S decide diverso da G: 16/142  saldo G=+2900  saldo S=+3500  delta S-G=+600

==============================================================================
PLACEBO (200 permutazioni, formazione fissa -> economico)
==============================================================================
  G-stretta: placebo delta [-400,+6600] mediana +3000  |  VERO (+3200) al percentile 57.5
  S-stretta: placebo delta [+300,+6000] mediana +3300  |  VERO (+4200) al percentile 82.5
  G-larga: placebo delta [-2100,+4800] mediana +1100  |  VERO (+3500) al percentile 97.2
  S-larga: placebo delta [-300,+5000] mediana +2400  |  VERO (+4100) al percentile 97.8
