unita totali: 90

C0 popolazione: pool totale 7619 carte, con grade noto 7381, di cui F 778
C1 (P_noF): unita allocazione prima del filtro F: 53; scendono a pool<=slot dopo il filtro: 2

C2 interruttore GF: tabella=0 -> identico a _cal: True; tabella=+5000 -> si muove: True (carte con grade nel campione: 28/30)

EXTRA (residuo reale-_cal per lettera, spaccato per lega): vedi JSON, campo residui_extra_per_lega
EXTRA (idem per ruolo): vedi JSON, campo residui_extra_per_ruolo

============ POPOLAZIONE P_ALL (astensione n_unita=37, allocazione n_unita=53) ============
[P_ALL/vecchio] baseline allocazione G_var: n=547 netto=12100.0 zero_ripetuti=True
[P_ALL/nuovo] baseline allocazione G_var: n=564 netto=16700.0 zero_ripetuti=True
[P_ALL/scala_k0.5/vecchio] AST n=154 var=-2200 gf=-300 delta=+1900 IC95=[-400;4900] || ALLOC n_var=547 n_gf=574 var=12100 gf=15200 delta=+3100 IC95=[-11250;17450]
[P_ALL/scala_k0.5/nuovo] AST n=154 var=300 gf=900 delta=+600 IC95=[-1800;3100] || ALLOC n_var=564 n_gf=585 var=16700 gf=21900 delta=+5200 IC95=[-8800;18850]
[P_ALL/scala_k0.5_centrata/vecchio] AST n=154 var=-2200 gf=250 delta=+2450 IC95=[-350;5800] || ALLOC n_var=547 n_gf=569 var=12100 gf=16000 delta=+3900 IC95=[-8150;16400]
[P_ALL/scala_k0.5_centrata/nuovo] AST n=154 var=300 gf=900 delta=+600 IC95=[-1800;3100] || ALLOC n_var=564 n_gf=585 var=16700 gf=19450 delta=+2750 IC95=[-10350;16050]
[P_ALL/scala_k1/vecchio] AST n=154 var=-2200 gf=400 delta=+2600 IC95=[-400;6200] || ALLOC n_var=547 n_gf=574 var=12100 gf=32200 delta=+20100 IC95=[4950;36500]
[P_ALL/scala_k1/nuovo] AST n=154 var=300 gf=2400 delta=+2100 IC95=[-400;5200] || ALLOC n_var=564 n_gf=579 var=16700 gf=38300 delta=+21600 IC95=[4950;39850]
[P_ALL/scala_k1_centrata/vecchio] AST n=154 var=-2200 gf=350 delta=+2550 IC95=[-450;6150] || ALLOC n_var=547 n_gf=567 var=12100 gf=29550 delta=+17450 IC95=[2750;33650]
[P_ALL/scala_k1_centrata/nuovo] AST n=154 var=300 gf=2100 delta=+1800 IC95=[-200;4000] || ALLOC n_var=564 n_gf=575 var=16700 gf=37250 delta=+20550 IC95=[5650;36600]
[P_ALL/scala_k2/vecchio] AST n=154 var=-2200 gf=4050 delta=+6250 IC95=[1400;11900] || ALLOC n_var=547 n_gf=581 var=12100 gf=31600 delta=+19500 IC95=[5400;33750]
[P_ALL/scala_k2/nuovo] AST n=154 var=300 gf=3550 delta=+3250 IC95=[200;6900] || ALLOC n_var=564 n_gf=589 var=16700 gf=33050 delta=+16350 IC95=[4100;28800]
[P_ALL/scala_k2_centrata/vecchio] AST n=154 var=-2200 gf=4000 delta=+6200 IC95=[1300;11900] || ALLOC n_var=547 n_gf=574 var=12100 gf=31700 delta=+19600 IC95=[6700;32900]
[P_ALL/scala_k2_centrata/nuovo] AST n=154 var=300 gf=3300 delta=+3000 IC95=[-300;6800] || ALLOC n_var=564 n_gf=582 var=16700 gf=32400 delta=+15700 IC95=[5950;25400]
[P_ALL/scala_k4/vecchio] AST n=154 var=-2200 gf=4350 delta=+6550 IC95=[950;12950] || ALLOC n_var=547 n_gf=589 var=12100 gf=24250 delta=+12150 IC95=[-600;25250]
[P_ALL/scala_k4/nuovo] AST n=154 var=300 gf=3650 delta=+3350 IC95=[600;6750] || ALLOC n_var=564 n_gf=592 var=16700 gf=22800 delta=+6100 IC95=[-6400;18650]
[P_ALL/scala_k4_centrata/vecchio] AST n=154 var=-2200 gf=4200 delta=+6400 IC95=[1200;12200] || ALLOC n_var=547 n_gf=582 var=12100 gf=23600 delta=+11500 IC95=[-1700;25500]
[P_ALL/scala_k4_centrata/nuovo] AST n=154 var=300 gf=3900 delta=+3600 IC95=[600;7600] || ALLOC n_var=564 n_gf=584 var=16700 gf=25200 delta=+8500 IC95=[-5750;22850]
[P_ALL/scala_k8/vecchio] AST n=154 var=-2200 gf=5150 delta=+7350 IC95=[1400;14050] || ALLOC n_var=547 n_gf=593 var=12100 gf=15200 delta=+3100 IC95=[-10400;17000]
[P_ALL/scala_k8/nuovo] AST n=154 var=300 gf=3750 delta=+3450 IC95=[1050;6000] || ALLOC n_var=564 n_gf=596 var=16700 gf=16350 delta=-350 IC95=[-14900;14800]
[P_ALL/scala_k8_centrata/vecchio] AST n=154 var=-2200 gf=5500 delta=+7700 IC95=[1800;14300] || ALLOC n_var=547 n_gf=583 var=12100 gf=15500 delta=+3400 IC95=[-10750;18100]
[P_ALL/scala_k8_centrata/nuovo] AST n=154 var=300 gf=2800 delta=+2500 IC95=[-700;5700] || ALLOC n_var=564 n_gf=582 var=16700 gf=17600 delta=+900 IC95=[-14550;17800]
[P_ALL/empirica/vecchio] AST n=154 var=-2200 gf=5800 delta=+8000 IC95=[1700;16000] || ALLOC n_var=547 n_gf=657 var=12100 gf=33550 delta=+21450 IC95=[4200;39800]
[P_ALL/empirica/nuovo] AST n=154 var=300 gf=5000 delta=+4700 IC95=[500;10000] || ALLOC n_var=564 n_gf=680 var=16700 gf=33900 delta=+17200 IC95=[4850;30750]
[P_ALL/empirica_centrata/vecchio] AST n=154 var=-2200 gf=5850 delta=+8050 IC95=[1250;16650] || ALLOC n_var=547 n_gf=708 var=12100 gf=24600 delta=+12500 IC95=[-5900;30100]
[P_ALL/empirica_centrata/nuovo] AST n=154 var=300 gf=5350 delta=+5050 IC95=[-100;11700] || ALLOC n_var=564 n_gf=713 var=16700 gf=21800 delta=+5100 IC95=[-8350;19150]
[P_ALL/placebo/vecchio] AST n=154 var=-2200 gf=-3350 delta=-1150 IC95=[-3400;1050] || ALLOC n_var=547 n_gf=578 var=12100 gf=-16950 delta=-29050 IC95=[-48700;-13300]
[P_ALL/placebo/nuovo] AST n=154 var=300 gf=-150 delta=-450 IC95=[-4450;3000] || ALLOC n_var=564 n_gf=592 var=16700 gf=-7450 delta=-24150 IC95=[-46850;-7350]
[P_ALL/placebo_centrata/vecchio] AST n=154 var=-2200 gf=-3350 delta=-1150 IC95=[-3400;1050] || ALLOC n_var=547 n_gf=578 var=12100 gf=-16950 delta=-29050 IC95=[-48700;-13300]
[P_ALL/placebo_centrata/nuovo] AST n=154 var=300 gf=-150 delta=-450 IC95=[-4450;3000] || ALLOC n_var=564 n_gf=592 var=16700 gf=-7450 delta=-24150 IC95=[-46850;-7350]

============ POPOLAZIONE P_noF (astensione n_unita=39, allocazione n_unita=51) ============
[P_noF/vecchio] baseline allocazione G_var: n=460 netto=40700.0 zero_ripetuti=True
[P_noF/nuovo] baseline allocazione G_var: n=476 netto=44800.0 zero_ripetuti=True
[P_noF/scala_k0.5/vecchio] AST n=111 var=4550 gf=4100 delta=-450 IC95=[-2550;1500] || ALLOC n_var=460 n_gf=517 var=40700 gf=34300 delta=-6400 IC95=[-18200;4950]
[P_noF/scala_k0.5/nuovo] AST n=111 var=5250 gf=4400 delta=-850 IC95=[-3150;1450] || ALLOC n_var=476 n_gf=533 var=44800 gf=42200 delta=-2600 IC95=[-10950;6250]
[P_noF/scala_k0.5_centrata/vecchio] AST n=111 var=4550 gf=4350 delta=-200 IC95=[-2100;1600] || ALLOC n_var=460 n_gf=491 var=40700 gf=28100 delta=-12600 IC95=[-24600;-1300]
[P_noF/scala_k0.5_centrata/nuovo] AST n=111 var=5250 gf=3050 delta=-2200 IC95=[-6000;1300] || ALLOC n_var=476 n_gf=514 var=44800 gf=40150 delta=-4650 IC95=[-15550;6750]
[P_noF/scala_k1/vecchio] AST n=111 var=4550 gf=4400 delta=-150 IC95=[-2400;1800] || ALLOC n_var=460 n_gf=528 var=40700 gf=40250 delta=-450 IC95=[-12250;12150]
[P_noF/scala_k1/nuovo] AST n=111 var=5250 gf=5200 delta=-50 IC95=[-3050;3500] || ALLOC n_var=476 n_gf=541 var=44800 gf=37500 delta=-7300 IC95=[-15800;850]
[P_noF/scala_k1_centrata/vecchio] AST n=111 var=4550 gf=4850 delta=+300 IC95=[-2000;1900] || ALLOC n_var=460 n_gf=489 var=40700 gf=41050 delta=+350 IC95=[-13100;14350]
[P_noF/scala_k1_centrata/nuovo] AST n=111 var=5250 gf=4250 delta=-1000 IC95=[-4000;1900] || ALLOC n_var=476 n_gf=501 var=44800 gf=46700 delta=+1900 IC95=[-8000;11650]
[P_noF/scala_k2/vecchio] AST n=111 var=4550 gf=6000 delta=+1450 IC95=[-1450;4650] || ALLOC n_var=460 n_gf=550 var=40700 gf=35150 delta=-5550 IC95=[-20300;10500]
[P_noF/scala_k2/nuovo] AST n=111 var=5250 gf=5100 delta=-150 IC95=[-3100;3350] || ALLOC n_var=476 n_gf=557 var=44800 gf=37300 delta=-7500 IC95=[-23200;7050]
[P_noF/scala_k2_centrata/vecchio] AST n=111 var=4550 gf=4250 delta=-300 IC95=[-4300;2200] || ALLOC n_var=460 n_gf=484 var=40700 gf=37900 delta=-2800 IC95=[-20850;13900]
[P_noF/scala_k2_centrata/nuovo] AST n=111 var=5250 gf=3550 delta=-1700 IC95=[-4300;900] || ALLOC n_var=476 n_gf=483 var=44800 gf=38550 delta=-6250 IC95=[-23700;7900]
[P_noF/scala_k4/vecchio] AST n=111 var=4550 gf=6400 delta=+1850 IC95=[-1100;5000] || ALLOC n_var=460 n_gf=563 var=40700 gf=26700 delta=-14000 IC95=[-32400;500]
[P_noF/scala_k4/nuovo] AST n=111 var=5250 gf=4800 delta=-450 IC95=[-3700;3300] || ALLOC n_var=476 n_gf=568 var=44800 gf=25250 delta=-19550 IC95=[-37600;-5100]
[P_noF/scala_k4_centrata/vecchio] AST n=111 var=4550 gf=4050 delta=-500 IC95=[-2600;1300] || ALLOC n_var=460 n_gf=465 var=40700 gf=30100 delta=-10600 IC95=[-27650;4300]
[P_noF/scala_k4_centrata/nuovo] AST n=111 var=5250 gf=3150 delta=-2100 IC95=[-8000;3000] || ALLOC n_var=476 n_gf=467 var=44800 gf=36150 delta=-8650 IC95=[-20650;3000]
[P_noF/scala_k8/vecchio] AST n=111 var=4550 gf=6750 delta=+2200 IC95=[-200;5400] || ALLOC n_var=460 n_gf=569 var=40700 gf=16500 delta=-24200 IC95=[-42000;-8150]
[P_noF/scala_k8/nuovo] AST n=111 var=5250 gf=5050 delta=-200 IC95=[-2500;2400] || ALLOC n_var=476 n_gf=572 var=44800 gf=17650 delta=-27150 IC95=[-42350;-13750]
[P_noF/scala_k8_centrata/vecchio] AST n=111 var=4550 gf=2900 delta=-1650 IC95=[-6200;1850] || ALLOC n_var=460 n_gf=445 var=40700 gf=26450 delta=-14250 IC95=[-31900;2800]
[P_noF/scala_k8_centrata/nuovo] AST n=111 var=5250 gf=3800 delta=-1450 IC95=[-7050;3500] || ALLOC n_var=476 n_gf=446 var=44800 gf=26350 delta=-18450 IC95=[-35850;-2800]
[P_noF/empirica/vecchio] AST n=111 var=4550 gf=5400 delta=+850 IC95=[-3750;6700] || ALLOC n_var=460 n_gf=628 var=40700 gf=36100 delta=-4600 IC95=[-18600;10100]
[P_noF/empirica/nuovo] AST n=111 var=5250 gf=4600 delta=-650 IC95=[-4650;3550] || ALLOC n_var=476 n_gf=650 var=44800 gf=36100 delta=-8700 IC95=[-21950;4150]
[P_noF/empirica_centrata/vecchio] AST n=111 var=4550 gf=4550 delta=+0 IC95=[-1800;1800] || ALLOC n_var=460 n_gf=502 var=40700 gf=35700 delta=-5000 IC95=[-18450;9600]
[P_noF/empirica_centrata/nuovo] AST n=111 var=5250 gf=3850 delta=-1400 IC95=[-3800;1400] || ALLOC n_var=476 n_gf=515 var=44800 gf=47200 delta=+2400 IC95=[-6100;12350]
[P_noF/placebo/vecchio] AST n=111 var=4550 gf=4100 delta=-450 IC95=[-2550;1500] || ALLOC n_var=460 n_gf=506 var=40700 gf=25550 delta=-15150 IC95=[-32150;2400]
[P_noF/placebo/nuovo] AST n=111 var=5250 gf=3900 delta=-1350 IC95=[-5450;2050] || ALLOC n_var=476 n_gf=518 var=44800 gf=28600 delta=-16200 IC95=[-29300;-3600]
[P_noF/placebo_centrata/vecchio] AST n=111 var=4550 gf=4100 delta=-450 IC95=[-2550;1500] || ALLOC n_var=460 n_gf=506 var=40700 gf=25550 delta=-15150 IC95=[-32150;2400]
[P_noF/placebo_centrata/nuovo] AST n=111 var=5250 gf=3900 delta=-1350 IC95=[-5450;2050] || ALLOC n_var=476 n_gf=518 var=44800 gf=28600 delta=-16200 IC95=[-29300;-3600]

=== DECISIONE: GF NON VINCE ===
  tabelle che passano (raw o centrata, singolarmente): []
  tabelle che passano il criterio PIENO (raw E centrata): []

salvato analisi_manager/p20_gfisso_v2_backtest_out.json
salvato analisi_manager/p20_gfisso_v2_dump.txt

punteggi grezzi da CACHE: 7175  RICOSTRUITI: 444
