Formazioni richieste: totale=2 -> In Season MLS=1, In Season K League=1
[arabia/GK] NESSUN FILE TROVATO -> 0 giocatori
[arabia/DEF] formazione_arabia\output\arabia_def_all\consiglio_2026-08-08_110043.txt -> 0 giocatori
[arabia/MID] NESSUN FILE TROVATO -> 0 giocatori
[arabia/FWD] NESSUN FILE TROVATO -> 0 giocatori
[argentina/GK] formazione_argentina\output\argentina_gk_all\consiglio_2026-08-08_110042.txt -> 0 giocatori
[argentina/DEF] formazione_argentina\output\argentina_def_all\consiglio_2026-08-08_110043.txt -> 1 giocatori
[argentina/MID] formazione_argentina\output\argentina_mid_all\consiglio_2026-08-08_110044.txt -> 0 giocatori
[argentina/FWD] formazione_argentina\output\argentina_fwd_all\consiglio_2026-08-08_110045.txt -> 1 giocatori
[austria/GK] formazione_austria\output\austria_gk_all\consiglio_2026-08-08_110042.txt -> 2 giocatori
[austria/DEF] formazione_austria\output\austria_def_all\consiglio_2026-08-08_110043.txt -> 5 giocatori
[austria/MID] formazione_austria\output\austria_mid_all\consiglio_2026-08-08_110044.txt -> 3 giocatori
[austria/FWD] formazione_austria\output\austria_fwd_all\consiglio_2026-08-08_110045.txt -> 1 giocatori
[azerbaigian/GK] formazione_azerbaigian\output\azerbaigian_gk_all\consiglio_2026-08-08_110042.txt -> 0 giocatori
[azerbaigian/DEF] NESSUN FILE TROVATO -> 0 giocatori
[azerbaigian/MID] NESSUN FILE TROVATO -> 0 giocatori
[azerbaigian/FWD] NESSUN FILE TROVATO -> 0 giocatori
[belgio/GK] formazione_belgio\output\belgio_gk_all\consiglio_2026-08-08_110042.txt -> 4 giocatori
[belgio/DEF] formazione_belgio\output\belgio_def_all\consiglio_2026-08-08_110043.txt -> 10 giocatori
[belgio/MID] formazione_belgio\output\belgio_mid_all\consiglio_2026-08-08_110044.txt -> 3 giocatori
[belgio/FWD] formazione_belgio\output\belgio_fwd_all\consiglio_2026-08-08_110045.txt -> 6 giocatori
[belgio2/GK] formazione_belgio2\output\belgio2_gk_all\consiglio_2026-08-08_110042.txt -> 0 giocatori
[belgio2/DEF] formazione_belgio2\output\belgio2_def_all\consiglio_2026-08-08_110043.txt -> 0 giocatori
[belgio2/MID] formazione_belgio2\output\belgio2_mid_all\consiglio_2026-08-08_110044.txt -> 0 giocatori
[belgio2/FWD] NESSUN FILE TROVATO -> 0 giocatori
[brasile/GK] formazione_brasile\output\brasile_gk_all\consiglio_2026-08-08_110042.txt -> 2 giocatori
[brasile/DEF] formazione_brasile\output\brasile_def_all\consiglio_2026-08-08_110043.txt -> 0 giocatori
[brasile/MID] formazione_brasile\output\brasile_mid_all\consiglio_2026-08-08_110044.txt -> 1 giocatori
[brasile/FWD] formazione_brasile\output\brasile_fwd_all\consiglio_2026-08-08_110045.txt -> 0 giocatori
[cechia/GK] NESSUN FILE TROVATO -> 0 giocatori
[cechia/DEF] formazione_cechia\output\cechia_def_all\consiglio_2026-08-07_233648.txt -> 0 giocatori
[cechia/MID] NESSUN FILE TROVATO -> 0 giocatori
[cechia/FWD] formazione_cechia\output\cechia_fwd_all\consiglio_2026-08-08_110045.txt -> 0 giocatori
[cile/GK] NESSUN FILE TROVATO -> 0 giocatori
[cile/DEF] NESSUN FILE TROVATO -> 0 giocatori
[cile/MID] NESSUN FILE TROVATO -> 0 giocatori
[cile/FWD] formazione_cile\output\cile_fwd_all\consiglio_2026-08-08_110045.txt -> 0 giocatori
[cina/GK] NESSUN FILE TROVATO -> 0 giocatori
[cina/DEF] NESSUN FILE TROVATO -> 0 giocatori
[cina/MID] formazione_cina\output\cina_mid_all\consiglio_2026-08-08_110044.txt -> 1 giocatori
[cina/FWD] formazione_cina\output\cina_fwd_all\consiglio_2026-08-08_110045.txt -> 1 giocatori
[cipro/GK] formazione_cipro\output\cipro_gk_all\consiglio_2026-08-02_155129.txt -> 0 giocatori
[cipro/DEF] NESSUN FILE TROVATO -> 0 giocatori
[cipro/MID] NESSUN FILE TROVATO -> 0 giocatori
[cipro/FWD] NESSUN FILE TROVATO -> 0 giocatori
[colombia/GK] formazione_colombia\output\colombia_gk_all\consiglio_2026-08-08_110042.txt -> 0 giocatori
[colombia/DEF] formazione_colombia\output\colombia_def_all\consiglio_2026-08-08_110043.txt -> 1 giocatori
[colombia/MID] formazione_colombia\output\colombia_mid_all\consiglio_2026-08-08_110044.txt -> 1 giocatori
[colombia/FWD] formazione_colombia\output\colombia_fwd_all\consiglio_2026-08-08_110045.txt -> 0 giocatori
[croazia/GK] formazione_croazia\output\croazia_gk_all\consiglio_2026-08-08_110042.txt -> 0 giocatori
[croazia/DEF] formazione_croazia\output\croazia_def_all\consiglio_2026-08-08_110043.txt -> 2 giocatori
[croazia/MID] formazione_croazia\output\croazia_mid_all\consiglio_2026-08-08_110044.txt -> 0 giocatori
[croazia/FWD] formazione_croazia\output\croazia_fwd_all\consiglio_2026-08-08_110045.txt -> 0 giocatori
[danimarca/GK] formazione_danimarca\output\danimarca_gk_all\consiglio_2026-08-08_110042.txt -> 0 giocatori
[danimarca/DEF] formazione_danimarca\output\danimarca_def_all\consiglio_2026-08-08_110043.txt -> 0 giocatori
[danimarca/MID] formazione_danimarca\output\danimarca_mid_all\consiglio_2026-08-08_110044.txt -> 1 giocatori
[danimarca/FWD] formazione_danimarca\output\danimarca_fwd_all\consiglio_2026-08-08_110045.txt -> 1 giocatori
[francia/GK] formazione_francia\output\francia_gk_all\consiglio_2026-08-08_110042.txt -> 0 giocatori
[francia/DEF] formazione_francia\output\francia_def_all\consiglio_2026-08-08_110043.txt -> 0 giocatori
[francia/MID] formazione_francia\output\francia_mid_all\consiglio_2026-08-08_110044.txt -> 0 giocatori
[francia/FWD] formazione_francia\output\francia_fwd_all\consiglio_2026-08-08_110045.txt -> 0 giocatori
[francia2/GK] formazione_francia2\output\francia2_gk_all\consiglio_2026-08-08_110042.txt -> 0 giocatori
[francia2/DEF] formazione_francia2\output\francia2_def_all\consiglio_2026-08-08_110043.txt -> 0 giocatori
[francia2/MID] formazione_francia2\output\francia2_mid_all\consiglio_2026-08-08_110044.txt -> 1 giocatori
[francia2/FWD] formazione_francia2\output\francia2_fwd_all\consiglio_2026-08-08_110045.txt -> 2 giocatori
[germania/GK] formazione_germania\output\germania_gk_all\consiglio_2026-08-08_110042.txt -> 0 giocatori
[germania/DEF] formazione_germania\output\germania_def_all\consiglio_2026-08-08_110043.txt -> 0 giocatori
[germania/MID] formazione_germania\output\germania_mid_all\consiglio_2026-08-08_110044.txt -> 0 giocatori
[germania/FWD] formazione_germania\output\germania_fwd_all\consiglio_2026-08-08_110045.txt -> 0 giocatori
[germania2/GK] formazione_germania2\output\germania2_gk_all\consiglio_2026-08-08_110042.txt -> 1 giocatori
[germania2/DEF] formazione_germania2\output\germania2_def_all\consiglio_2026-08-08_110043.txt -> 6 giocatori
[germania2/MID] formazione_germania2\output\germania2_mid_all\consiglio_2026-08-08_110044.txt -> 2 giocatori
[germania2/FWD] formazione_germania2\output\germania2_fwd_all\consiglio_2026-08-08_110045.txt -> 2 giocatori
[germania3/GK] formazione_germania3\output\germania3_gk_all\consiglio_2026-08-08_110042.txt -> 0 giocatori
[germania3/DEF] formazione_germania3\output\germania3_def_all\consiglio_2026-08-08_110043.txt -> 0 giocatori
[germania3/MID] formazione_germania3\output\germania3_mid_all\consiglio_2026-08-08_110044.txt -> 0 giocatori
[germania3/FWD] formazione_germania3\output\germania3_fwd_all\consiglio_2026-08-08_110045.txt -> 0 giocatori
[giappone/GK] formazione_giappone\output\giappone_gk_all\consiglio_2026-08-08_110042.txt -> 0 giocatori
[giappone/DEF] formazione_giappone\output\giappone_def_all\consiglio_2026-08-08_110043.txt -> 8 giocatori
[giappone/MID] formazione_giappone\output\giappone_mid_all\consiglio_2026-08-08_110044.txt -> 10 giocatori
[giappone/FWD] formazione_giappone\output\giappone_fwd_all\consiglio_2026-08-08_110045.txt -> 4 giocatori
[giappone100/GK] formazione_giappone100\output\giappone100_gk_all\consiglio_2026-07-27_190301.txt -> 0 giocatori
[giappone100/DEF] formazione_giappone100\output\giappone100_def_all\consiglio_2026-07-27_190319.txt -> 0 giocatori
[giappone100/MID] formazione_giappone100\output\giappone100_mid_all\consiglio_2026-07-27_190210.txt -> 0 giocatori
[giappone100/FWD] formazione_giappone100\output\giappone100_fwd_all\consiglio_2026-07-27_190321.txt -> 0 giocatori
[giappone2/GK] NESSUN FILE TROVATO -> 0 giocatori
[giappone2/DEF] NESSUN FILE TROVATO -> 0 giocatori
[giappone2/MID] NESSUN FILE TROVATO -> 0 giocatori
[giappone2/FWD] formazione_giappone2\output\giappone2_fwd_all\consiglio_2026-08-08_110045.txt -> 0 giocatori
[grecia/GK] formazione_grecia\output\grecia_gk_all\consiglio_2026-08-08_110042.txt -> 0 giocatori
[grecia/DEF] formazione_grecia\output\grecia_def_all\consiglio_2026-08-08_110043.txt -> 0 giocatori
[grecia/MID] formazione_grecia\output\grecia_mid_all\consiglio_2026-08-08_110044.txt -> 0 giocatori
[grecia/FWD] formazione_grecia\output\grecia_fwd_all\consiglio_2026-08-08_110045.txt -> 0 giocatori
[inghilterra/GK] formazione_inghilterra\output\inghilterra_gk_all\consiglio_2026-08-08_110042.txt -> 0 giocatori
[inghilterra/DEF] formazione_inghilterra\output\inghilterra_def_all\consiglio_2026-08-08_110043.txt -> 0 giocatori
[inghilterra/MID] formazione_inghilterra\output\inghilterra_mid_all\consiglio_2026-08-08_110044.txt -> 0 giocatori
[inghilterra/FWD] formazione_inghilterra\output\inghilterra_fwd_all\consiglio_2026-08-08_110045.txt -> 0 giocatori
[inghilterra2/GK] formazione_inghilterra2\output\inghilterra2_gk_all\consiglio_2026-08-08_110042.txt -> 0 giocatori
[inghilterra2/DEF] formazione_inghilterra2\output\inghilterra2_def_all\consiglio_2026-08-08_110043.txt -> 0 giocatori
[inghilterra2/MID] formazione_inghilterra2\output\inghilterra2_mid_all\consiglio_2026-08-08_110044.txt -> 0 giocatori
[inghilterra2/FWD] formazione_inghilterra2\output\inghilterra2_fwd_all\consiglio_2026-08-08_110045.txt -> 0 giocatori
[islanda/GK] NESSUN FILE TROVATO -> 0 giocatori
[islanda/DEF] NESSUN FILE TROVATO -> 0 giocatori
[islanda/MID] NESSUN FILE TROVATO -> 0 giocatori
[islanda/FWD] NESSUN FILE TROVATO -> 0 giocatori
[israele/GK] NESSUN FILE TROVATO -> 0 giocatori
[israele/DEF] formazione_israele\output\israele_def_all\consiglio_2026-08-08_110043.txt -> 0 giocatori
[israele/MID] NESSUN FILE TROVATO -> 0 giocatori
[israele/FWD] NESSUN FILE TROVATO -> 0 giocatori
[italia/GK] formazione_italia\output\italia_gk_all\consiglio_2026-08-08_110042.txt -> 0 giocatori
[italia/DEF] formazione_italia\output\italia_def_all\consiglio_2026-08-08_110043.txt -> 0 giocatori
[italia/MID] formazione_italia\output\italia_mid_all\consiglio_2026-08-08_110044.txt -> 0 giocatori
[italia/FWD] formazione_italia\output\italia_fwd_all\consiglio_2026-08-08_110045.txt -> 0 giocatori
[italia2/GK] NESSUN FILE TROVATO -> 0 giocatori
[italia2/DEF] formazione_italia2\output\italia2_def_all\consiglio_2026-08-08_110043.txt -> 0 giocatori
[italia2/MID] formazione_italia2\output\italia2_mid_all\consiglio_2026-08-08_110044.txt -> 0 giocatori
[italia2/FWD] formazione_italia2\output\italia2_fwd_all\consiglio_2026-08-08_110045.txt -> 0 giocatori
[kleague/GK] formazione_kleague\output\kleague_gk_all\consiglio_2026-08-08_110042.txt -> 6 giocatori
[kleague/DEF] formazione_kleague\output\kleague_def_all\consiglio_2026-08-08_110043.txt -> 17 giocatori
[kleague/MID] formazione_kleague\output\kleague_mid_all\consiglio_2026-08-08_110044.txt -> 8 giocatori
[kleague/FWD] formazione_kleague\output\kleague_fwd_all\consiglio_2026-08-08_110045.txt -> 5 giocatori
[kleague2/GK] NESSUN FILE TROVATO -> 0 giocatori
[kleague2/DEF] NESSUN FILE TROVATO -> 0 giocatori
[kleague2/MID] NESSUN FILE TROVATO -> 0 giocatori
[kleague2/FWD] formazione_kleague2\output\kleague2_fwd_all\consiglio_2026-08-08_110045.txt -> 0 giocatori
[messico/GK] formazione_messico\output\messico_gk_all\consiglio_2026-08-08_110042.txt -> 1 giocatori
[messico/DEF] formazione_messico\output\messico_def_all\consiglio_2026-08-08_110043.txt -> 2 giocatori
[messico/MID] formazione_messico\output\messico_mid_all\consiglio_2026-08-08_110044.txt -> 6 giocatori
[messico/FWD] formazione_messico\output\messico_fwd_all\consiglio_2026-08-08_110045.txt -> 3 giocatori
[mls/GK] formazione_mls\output\mls_gk_all\consiglio_2026-08-08_110042.txt -> 5 giocatori
[mls/DEF] formazione_mls\output\mls_def_all\consiglio_2026-08-08_110043.txt -> 10 giocatori
[mls/MID] formazione_mls\output\mls_mid_all\consiglio_2026-08-08_110044.txt -> 7 giocatori
[mls/FWD] formazione_mls\output\mls_fwd_all\consiglio_2026-08-08_110045.txt -> 4 giocatori
[norvegia/GK] NESSUN FILE TROVATO -> 0 giocatori
[norvegia/DEF] formazione_norvegia\output\norvegia_def_all\consiglio_2026-08-08_110043.txt -> 1 giocatori
[norvegia/MID] NESSUN FILE TROVATO -> 0 giocatori
[norvegia/FWD] NESSUN FILE TROVATO -> 0 giocatori
[olanda/GK] formazione_olanda\output\olanda_gk_all\consiglio_2026-08-08_110043.txt -> 5 giocatori
[olanda/DEF] formazione_olanda\output\olanda_def_all\consiglio_2026-08-08_110043.txt -> 14 giocatori
[olanda/MID] formazione_olanda\output\olanda_mid_all\consiglio_2026-08-08_110044.txt -> 12 giocatori
[olanda/FWD] formazione_olanda\output\olanda_fwd_all\consiglio_2026-08-08_110045.txt -> 8 giocatori
[olanda2/GK] NESSUN FILE TROVATO -> 0 giocatori
[olanda2/DEF] NESSUN FILE TROVATO -> 0 giocatori
[olanda2/MID] formazione_olanda2\output\olanda2_mid_all\consiglio_2026-08-08_110044.txt -> 0 giocatori
[olanda2/FWD] NESSUN FILE TROVATO -> 0 giocatori
[peru/GK] NESSUN FILE TROVATO -> 0 giocatori
[peru/DEF] NESSUN FILE TROVATO -> 0 giocatori
[peru/MID] formazione_peru\output\peru_mid_all\consiglio_2026-08-02_155139.txt -> 1 giocatori
[peru/FWD] NESSUN FILE TROVATO -> 0 giocatori
[polonia/GK] NESSUN FILE TROVATO -> 0 giocatori
[polonia/DEF] formazione_polonia\output\polonia_def_all\consiglio_2026-08-08_110043.txt -> 0 giocatori
[polonia/MID] formazione_polonia\output\polonia_mid_all\consiglio_2026-08-08_110044.txt -> 0 giocatori
[polonia/FWD] formazione_polonia\output\polonia_fwd_all\consiglio_2026-08-08_110045.txt -> 0 giocatori
[portogallo/GK] formazione_portogallo\output\portogallo_gk_all\consiglio_2026-08-08_110043.txt -> 1 giocatori
[portogallo/DEF] formazione_portogallo\output\portogallo_def_all\consiglio_2026-08-08_110043.txt -> 2 giocatori
[portogallo/MID] formazione_portogallo\output\portogallo_mid_all\consiglio_2026-08-08_110044.txt -> 3 giocatori
[portogallo/FWD] formazione_portogallo\output\portogallo_fwd_all\consiglio_2026-08-08_110045.txt -> 5 giocatori
[romania/GK] NESSUN FILE TROVATO -> 0 giocatori
[romania/DEF] NESSUN FILE TROVATO -> 0 giocatori
[romania/MID] NESSUN FILE TROVATO -> 0 giocatori
[romania/FWD] formazione_romania\output\romania_fwd_all\consiglio_2026-08-08_110045.txt -> 0 giocatori
[russia/GK] NESSUN FILE TROVATO -> 0 giocatori
[russia/DEF] formazione_russia\output\russia_def_all\consiglio_2026-08-08_110043.txt -> 0 giocatori
[russia/MID] formazione_russia\output\russia_mid_all\consiglio_2026-08-08_110044.txt -> 1 giocatori
[russia/FWD] formazione_russia\output\russia_fwd_all\consiglio_2026-08-08_110045.txt -> 0 giocatori
[scozia/GK] formazione_scozia\output\scozia_gk_all\consiglio_2026-08-08_110043.txt -> 0 giocatori
[scozia/DEF] formazione_scozia\output\scozia_def_all\consiglio_2026-08-08_110043.txt -> 6 giocatori
[scozia/MID] formazione_scozia\output\scozia_mid_all\consiglio_2026-08-08_110044.txt -> 4 giocatori
[scozia/FWD] formazione_scozia\output\scozia_fwd_all\consiglio_2026-08-08_110045.txt -> 3 giocatori
[senza_lega/GK] formazione_senza_lega\output\senza_lega_gk_all\consiglio_2026-08-08_110043.txt -> 0 giocatori
[senza_lega/DEF] formazione_senza_lega\output\senza_lega_def_all\consiglio_2026-08-08_110043.txt -> 0 giocatori
[senza_lega/MID] formazione_senza_lega\output\senza_lega_mid_all\consiglio_2026-08-08_110044.txt -> 0 giocatori
[senza_lega/FWD] formazione_senza_lega\output\senza_lega_fwd_all\consiglio_2026-08-08_110045.txt -> 0 giocatori
[serbia/GK] NESSUN FILE TROVATO -> 0 giocatori
[serbia/DEF] NESSUN FILE TROVATO -> 0 giocatori
[serbia/MID] formazione_serbia\output\serbia_mid_all\consiglio_2026-08-08_110044.txt -> 0 giocatori
[serbia/FWD] NESSUN FILE TROVATO -> 0 giocatori
[slovacchia/GK] NESSUN FILE TROVATO -> 0 giocatori
[slovacchia/DEF] formazione_slovacchia\output\slovacchia_def_all\consiglio_2026-08-08_110043.txt -> 0 giocatori
[slovacchia/MID] NESSUN FILE TROVATO -> 0 giocatori
[slovacchia/FWD] NESSUN FILE TROVATO -> 0 giocatori
[spagna/GK] formazione_spagna\output\spagna_gk_all\consiglio_2026-08-08_110043.txt -> 0 giocatori
[spagna/DEF] formazione_spagna\output\spagna_def_all\consiglio_2026-08-08_110044.txt -> 0 giocatori
[spagna/MID] formazione_spagna\output\spagna_mid_all\consiglio_2026-08-08_110044.txt -> 0 giocatoriC:\Users\Andrea\Documents\GitHub\Sorare-tracker-2\generatore_formazioni\build_formazione_globale.py:922: DeprecationWarning: datetime.datetime.utcnow() is deprecated and scheduled for removal in a future version. Use timezone-aware objects to represent datetimes in UTC: datetime.datetime.now(datetime.UTC).
  return scritto >= datetime.datetime.utcnow() - freschezza

[spagna/FWD] formazione_spagna\output\spagna_fwd_all\consiglio_2026-08-08_110045.txt -> 0 giocatori
[spagna2/GK] formazione_spagna2\output\spagna2_gk_all\consiglio_2026-08-08_110043.txt -> 0 giocatori
[spagna2/DEF] formazione_spagna2\output\spagna2_def_all\consiglio_2026-08-08_110044.txt -> 0 giocatori
[spagna2/MID] formazione_spagna2\output\spagna2_mid_all\consiglio_2026-08-08_110044.txt -> 0 giocatori
[spagna2/FWD] formazione_spagna2\output\spagna2_fwd_all\consiglio_2026-08-08_110045.txt -> 0 giocatori
[svezia/GK] NESSUN FILE TROVATO -> 0 giocatori
[svezia/DEF] NESSUN FILE TROVATO -> 0 giocatori
[svezia/MID] formazione_svezia\output\svezia_mid_all\consiglio_2026-08-08_110044.txt -> 0 giocatori
[svezia/FWD] NESSUN FILE TROVATO -> 0 giocatori
[svizzera/GK] formazione_svizzera\output\svizzera_gk_all\consiglio_2026-07-27_184103.txt -> 0 giocatori
[svizzera/DEF] formazione_svizzera\output\svizzera_def_all\consiglio_2026-08-08_110044.txt -> 1 giocatori
[svizzera/MID] formazione_svizzera\output\svizzera_mid_all\consiglio_2026-08-08_110044.txt -> 1 giocatori
[svizzera/FWD] formazione_svizzera\output\svizzera_fwd_all\consiglio_2026-08-08_110045.txt -> 0 giocatori
[turchia/GK] formazione_turchia\output\turchia_gk_all\consiglio_2026-08-08_110043.txt -> 0 giocatori
[turchia/DEF] formazione_turchia\output\turchia_def_all\consiglio_2026-08-08_110044.txt -> 0 giocatori
[turchia/MID] formazione_turchia\output\turchia_mid_all\consiglio_2026-08-08_110044.txt -> 0 giocatori
[turchia/FWD] formazione_turchia\output\turchia_fwd_all\consiglio_2026-08-08_110045.txt -> 0 giocatori
[ucraina/GK] NESSUN FILE TROVATO -> 0 giocatori
[ucraina/DEF] formazione_ucraina\output\ucraina_def_all\consiglio_2026-08-08_110044.txt -> 0 giocatori
[ucraina/MID] NESSUN FILE TROVATO -> 0 giocatori
[ucraina/FWD] NESSUN FILE TROVATO -> 0 giocatori
[venezuela/GK] NESSUN FILE TROVATO -> 0 giocatori
[venezuela/DEF] NESSUN FILE TROVATO -> 0 giocatori
[venezuela/MID] NESSUN FILE TROVATO -> 0 giocatori
[venezuela/FWD] formazione_venezuela\output\venezuela_fwd_all\consiglio_2026-08-08_110045.txt -> 0 giocatori
Finestra esplicita risolta: football-7-11-aug-2026 (gameweek 3) dal 2026-08-07T14:00:00 al 2026-08-11T13:59:00 -- SOLO questa giornata, nessuna tolleranza a giorni.

Finestra giornata: solo partite fra adesso e +4 giorni (MATCH_WINDOW_DAYS). Candidati GK: 27->25, DEF: 86->72, MID: 66->50, FWD: 46->37
Formazione In Season MLS #1: generata (268.8 pt)
Formazione In Season K League #1: generata (267.8 pt)

=== ARENE EFFICIENTI: fino a 50, tipo scelto dal bot
Nessun tipo e' disattivato: quelli che non rendono non vengono
scelti, e torneranno appena il mazzo li rendera' convenienti.
Formazione Arena All Stars (cap 260) #1: generata (275.0 pt)
Formazione Arena All Stars (cap 220) #1: generata (251.8 pt)
Formazione Arena All Stars (uncapped) #1: generata (285.9 pt)
Formazione Arena All Stars (cap 260) #1: generata (275.0 pt)
  arena efficiente #1: Arena All Stars (cap 260) -- atteso 286.8, resa 216 essenze, resa/essenza investita 0.7193
Formazione Arena All Stars (cap 260) #1: generata (269.6 pt)
Formazione Arena All Stars (cap 220) #1: generata (249.5 pt)
Formazione Arena All Stars (uncapped) #1: generata (285.8 pt)
Formazione Arena All Stars (cap 260) #1: generata (269.6 pt)
  arena efficiente #2: Arena All Stars (cap 260) -- atteso 281.4, resa 173 essenze, resa/essenza investita 0.5776
Formazione Arena All Stars (cap 260) #1: generata (269.1 pt)
Formazione Arena All Stars (cap 220) #1: generata (249.3 pt)
Formazione Arena All Stars (uncapped) #1: generata (283.7 pt)
Formazione Arena All Stars (cap 260) #1: generata (269.1 pt)
  arena efficiente #3: Arena All Stars (cap 260) -- atteso 280.3, resa 164 essenze, resa/essenza investita 0.5469
Formazione Arena All Stars (cap 260) #1: generata (267.1 pt)
Formazione Arena All Stars (cap 220) #1: generata (248.3 pt)
Formazione Arena All Stars (uncapped) #1: generata (283.7 pt)
Formazione Arena All Stars (cap 260) #1: generata (267.1 pt)
  arena efficiente #4: Arena All Stars (cap 260) -- atteso 278.6, resa 151 essenze, resa/essenza investita 0.5025
Formazione Arena All Stars (cap 260) #1: generata (267.1 pt)
Formazione Arena All Stars (cap 220) #1: generata (248.3 pt)
Formazione Arena All Stars (uncapped) #1: generata (283.7 pt)
Formazione Arena All Stars (cap 260) #1: generata (267.1 pt)
  arena efficiente #5: Arena All Stars (cap 260) -- atteso 278.6, resa 151 essenze, resa/essenza investita 0.5026
Formazione Arena All Stars (cap 260) #1: generata (265.6 pt)
Formazione Arena All Stars (cap 220) #1: generata (247.8 pt)
Formazione Arena All Stars (uncapped) #1: generata (283.7 pt)
Formazione Arena All Stars (cap 260) #1: generata (265.6 pt)
  arena efficiente #6: Arena All Stars (cap 260) -- atteso 277.2, resa 140 essenze, resa/essenza investita 0.4659
Formazione Arena All Stars (cap 260) #1: generata (264.6 pt)
Formazione Arena All Stars (cap 220) #1: generata (247.8 pt)
Formazione Arena All Stars (uncapped) #1: generata (280.2 pt)
Formazione Arena All Stars (cap 220) #1: generata (247.8 pt)
  arena efficiente #7: Arena All Stars (cap 220) -- atteso 258.4, resa 90 essenze, resa/essenza investita 0.4510
Formazione Arena All Stars (cap 260) #1: generata (263.4 pt)
Formazione Arena All Stars (cap 220) #1: generata (243.3 pt)
Formazione Arena All Stars (uncapped) #1: generata (280.2 pt)
Formazione Arena All Stars (cap 260) #1: generata (263.4 pt)
  arena efficiente #8: Arena All Stars (cap 260) -- atteso 274.7, resa 120 essenze, resa/essenza investita 0.4004
Formazione Arena All Stars (cap 260) #1: generata (263.2 pt)
Formazione Arena All Stars (cap 220) #1: generata (241.8 pt)
Formazione Arena All Stars (uncapped) #1: generata (276.9 pt)
Formazione Arena All Stars (cap 260) #1: generata (263.2 pt)
  arena efficiente #9: Arena All Stars (cap 260) -- atteso 274.4, resa 118 essenze, resa/essenza investita 0.3922
Formazione Arena All Stars (cap 260) #1: generata (260.6 pt)
Formazione Arena All Stars (cap 220) #1: generata (241.8 pt)
Formazione Arena All Stars (uncapped) #1: generata (273.8 pt)
Formazione Arena All Stars (cap 260) #1: generata (260.6 pt)
  arena efficiente #10: Arena All Stars (cap 260) -- atteso 271.6, resa 96 essenze, resa/essenza investita 0.3192
Formazione Arena All Stars (cap 260) #1: generata (258.9 pt)
Formazione Arena All Stars (cap 220) #1: generata (241.8 pt)
Formazione Arena All Stars (uncapped) #1: generata (273.1 pt)
Formazione Arena All Stars (cap 260) #1: generata (258.9 pt)
  arena efficiente #11: Arena All Stars (cap 260) -- atteso 270.7, resa 89 essenze, resa/essenza investita 0.2956
Formazione Arena All Stars (cap 260) #1: generata (258.0 pt)
Formazione Arena All Stars (cap 220) #1: generata (240.6 pt)
Formazione Arena All Stars (uncapped) #1: generata (270.0 pt)
Formazione Arena All Stars (cap 260) #1: generata (258.0 pt)
  arena efficiente #12: Arena All Stars (cap 260) -- atteso 269.1, resa 76 essenze, resa/essenza investita 0.2533
Formazione Arena All Stars (cap 260) #1: generata (256.1 pt)
Formazione Arena All Stars (cap 220) #1: generata (238.7 pt)
Formazione Arena All Stars (uncapped) #1: generata (269.2 pt)
Formazione Arena All Stars (cap 260) #1: generata (256.1 pt)
  arena efficiente #13: Arena All Stars (cap 260) -- atteso 267.1, resa 60 essenze, resa/essenza investita 0.1997
Formazione Arena All Stars (cap 260) #1: generata (254.9 pt)
Formazione Arena All Stars (cap 220) #1: generata (238.0 pt)
Formazione Arena All Stars (uncapped) #1: generata (267.3 pt)
Formazione Arena All Stars (cap 260) #1: generata (254.9 pt)
  arena efficiente #14: Arena All Stars (cap 260) -- atteso 265.6, resa 48 essenze, resa/essenza investita 0.1603
Formazione Arena All Stars (cap 260) #1: generata (254.5 pt)
Formazione Arena All Stars (cap 220) #1: generata (237.4 pt)
Formazione Arena All Stars (uncapped) #1: generata (264.8 pt)
Formazione Arena All Stars (cap 260) #1: generata (254.5 pt)
  arena efficiente #15: Arena All Stars (cap 260) -- atteso 265.0, resa 43 essenze, resa/essenza investita 0.1436
Formazione Arena All Stars (cap 260) #1: generata (254.3 pt)C:\Users\Andrea\Documents\GitHub\Sorare-tracker-2\generatore_formazioni\build_formazione_globale.py:2208: DeprecationWarning: datetime.datetime.utcnow() is deprecated and scheduled for removal in a future version. Use timezone-aware objects to represent datetimes in UTC: datetime.datetime.now(datetime.UTC).
  ts = datetime.datetime.utcnow().strftime('%Y-%m-%d_%H%M%S')
C:\Users\Andrea\Documents\GitHub\Sorare-tracker-2\generatore_formazioni\build_formazione_globale.py:2211: DeprecationWarning: datetime.datetime.utcnow() is deprecated and scheduled for removal in a future version. Use timezone-aware objects to represent datetimes in UTC: datetime.datetime.now(datetime.UTC).
  page_subhead = (f"Generato {datetime.datetime.utcnow().strftime('%d/%m/%Y %H:%M')}Z — "

Formazione Arena All Stars (cap 220) #1: generata (237.4 pt)
Formazione Arena All Stars (uncapped) #1: generata (264.8 pt)
Formazione Arena All Stars (cap 260) #1: generata (254.3 pt)
  arena efficiente #16: Arena All Stars (cap 260) -- atteso 264.7, resa 41 essenze, resa/essenza investita 0.1359
Formazione Arena All Stars (cap 260) #1: generata (253.2 pt)
Formazione Arena All Stars (cap 220) #1: generata (237.3 pt)
Formazione Arena All Stars (uncapped) #1: generata (264.0 pt)
Formazione Arena All Stars (cap 260) #1: generata (253.2 pt)
  arena efficiente #17: Arena All Stars (cap 260) -- atteso 263.8, resa 34 essenze, resa/essenza investita 0.1139
Formazione Arena All Stars (cap 260) #1: generata (252.9 pt)
Formazione Arena All Stars (cap 220) #1: generata (237.3 pt)
Formazione Arena All Stars (uncapped) #1: generata (263.4 pt)
Formazione Arena All Stars (cap 260) #1: generata (252.9 pt)
  arena efficiente #18: Arena All Stars (cap 260) -- atteso 264.2, resa 38 essenze, resa/essenza investita 0.1250
Formazione Arena All Stars (cap 260) #1: generata (250.9 pt)
Formazione Arena All Stars (cap 220) #1: generata (235.9 pt)
Formazione Arena All Stars (uncapped) #1: generata (259.3 pt)
Formazione Arena All Stars (cap 260) #1: generata (250.9 pt)
  arena efficiente #19: Arena All Stars (cap 260) -- atteso 261.6, resa 17 essenze, resa/essenza investita 0.0563
Formazione Arena All Stars (cap 260) #1: generata (250.8 pt)
Formazione Arena All Stars (cap 220) #1: generata (235.9 pt)
Formazione Arena All Stars (uncapped) #1: generata (257.8 pt)
Formazione Arena All Stars (cap 220) #1: generata (235.9 pt)
  arena efficiente #20: Arena All Stars (cap 220) -- atteso 245.8, resa 11 essenze, resa/essenza investita 0.0527
Formazione Arena All Stars (cap 260) #1: generata (250.4 pt)
Formazione Arena All Stars (cap 220) #1: generata (233.4 pt)
Formazione Arena All Stars (uncapped) #1: generata (257.8 pt)
Formazione Arena All Stars (cap 260) #1: generata (250.4 pt)
  arena efficiente #21: Arena All Stars (cap 260) -- atteso 260.6, resa 8 essenze, resa/essenza investita 0.0279
Formazione Arena All Stars (cap 260) #1: generata (249.0 pt)
Formazione Arena All Stars (cap 220) #1: generata (232.5 pt)
Formazione Arena All Stars (uncapped) #1: generata (257.8 pt)
Formazione Arena All Stars (cap 260) #1: generata (249.0 pt)
  arena efficiente #22: Arena All Stars (cap 260) -- atteso 259.6, resa 1 essenze, resa/essenza investita 0.0031
Formazione Arena All Stars (cap 260) #1: generata (248.4 pt)
Formazione Arena All Stars (cap 220) #1: generata (232.5 pt)
Formazione Arena All Stars (uncapped) #1: generata (257.2 pt)
Formazione In Season MLS #1: generata (227.9 pt)
Formazione In Season MLS #2: NON GENERATA — Nessun candidato disponibile per lo slot MID (vincolo di schieramento (portiere vs avversario) + copie esaurite o consiglio vuoto).
Formazione In Season K League #1: NON GENERATA — Nessun candidato disponibile per lo slot FWD (vincolo di schieramento (portiere vs avversario) + copie esaurite o consiglio vuoto).

Formazioni OPZIONALI extra generate con il pool residuo: 1 (In Season MLS=1)

Formazioni generate: 25/2
TOTALE COMPLESSIVO: 6441.9 pt

=== CONVIENE PAGARE L'INGRESSO? (22 su 22 arene)
Soglie misurate su 673 arene reali: sotto, l'ingresso costa piu' di
quanto renda, e le carte valgono di piu' in una competizione gratuita.
  Arena All Stars (cap 260)          atteso  286.8 | pareggio 259.5 |  +27.3 -> SCHIERA
  Arena All Stars (cap 260)          atteso  281.4 | pareggio 259.5 |  +21.9 -> SCHIERA
  Arena All Stars (cap 260)          atteso  280.3 | pareggio 259.5 |  +20.8 -> SCHIERA
  Arena All Stars (cap 260)          atteso  278.6 | pareggio 259.5 |  +19.1 -> SCHIERA
  Arena All Stars (cap 260)          atteso  278.6 | pareggio 259.5 |  +19.1 -> SCHIERA
  Arena All Stars (cap 260)          atteso  277.2 | pareggio 259.5 |  +17.7 -> SCHIERA
  Arena All Stars (cap 260)          atteso  274.7 | pareggio 259.5 |  +15.2 -> SCHIERA
  Arena All Stars (cap 260)          atteso  274.4 | pareggio 259.5 |  +14.9 -> SCHIERA
  Arena All Stars (cap 220)          atteso  258.4 | pareggio 244.1 |  +14.3 -> SCHIERA
  Arena All Stars (cap 260)          atteso  271.6 | pareggio 259.5 |  +12.1 -> SCHIERA
  Arena All Stars (cap 260)          atteso  270.7 | pareggio 259.5 |  +11.2 -> SCHIERA
  Arena All Stars (cap 260)          atteso  269.1 | pareggio 259.5 |   +9.6 -> SCHIERA
  Arena All Stars (cap 260)          atteso  267.1 | pareggio 259.5 |   +7.6 -> SCHIERA
  Arena All Stars (cap 260)          atteso  265.6 | pareggio 259.5 |   +6.1 -> SCHIERA
  Arena All Stars (cap 260)          atteso  265.0 | pareggio 259.5 |   +5.5 -> SCHIERA
  Arena All Stars (cap 260)          atteso  264.7 | pareggio 259.5 |   +5.2 -> SCHIERA
  Arena All Stars (cap 260)          atteso  264.2 | pareggio 259.5 |   +4.7 -> SCHIERA
  Arena All Stars (cap 260)          atteso  263.8 | pareggio 259.5 |   +4.3 -> SCHIERA
  Arena All Stars (cap 260)          atteso  261.6 | pareggio 259.5 |   +2.1 -> SCHIERA
  Arena All Stars (cap 220)          atteso  245.8 | pareggio 244.1 |   +1.7 -> SCHIERA
  Arena All Stars (cap 260)          atteso  260.6 | pareggio 259.5 |   +1.1 -> SCHIERA
  Arena All Stars (cap 260)          atteso  259.6 | pareggio 259.5 |   +0.1 -> SCHIERA
Candidati non schierati in nessuna formazione: 75 (GK:5, DEF:36, MID:20, FWD:14)

Report visivo salvato in: C:\Users\Andrea\Documents\GitHub\Sorare-tracker-2\generatore_formazioni\output\generatore_formazioni_2026-08-08_110503.html
