==============================================================================
PASSO 1 -- come nasce il 6,3 (e il 7,9)
==============================================================================

1a -- consiglio_arena.py riproduce le soglie di produzione OGGI?
  cap 260    n_arene_archivio=  62  sigma=50.60  pareggio=267.9  guadagno/pt=6.27
  cap 220    n_arene_archivio=  16  sigma=42.70  pareggio=240.9  guadagno/pt=5.89
  valori di PRODUZIONE (build_formazione_globale.py): {'cap 260': (259.5, 7.9), 'cap 220': (244.1, 6.3)}
  ATTENZIONE: dati_globali/arene_storico.json e' CROLLATO da 673 a 160 arene
  fra l'1/08 e il 6/08 (bug noto, VALIDAZIONE_SOGLIE.md 07/08 sera, MAI risolto).
  cap 260 oggi ha solo 62 arene in archivio (era molto di piu' quando sono nate
  259.5/7.9), cap 220 ne ha 16. Il ricalcolo sopra usa l'archivio DI OGGI, quindi
  NON e' atteso che riproduca esattamente i valori di produzione -- e infatti non
  li riproduce (vedi sotto). Non e' un difetto di questo script, e' il bug noto.

1b -- con che SIGMA e' stata calcolata la cap 220? (fonte: dati_globali/
  backtest_arene_dettaglio_0805.json, stesso file/metodo di VALIDAZIONE_SOGLIE.md)
  cap 260          n= 113  sigma=50.6  (retta a=215.3 b=0.213)
  cap 220          n=   8  sigma=41.9  (retta a=-110.0 b=1.372)
  Uncapped         n=  31  sigma=42.9  (retta a=-501.3 b=2.604)
  Beginner         n=  73  sigma=46.9  (retta a=-156.5 b=1.503)
  arena division   n=  94  sigma=42.8  (retta a=-181.3 b=1.636)
  RIPRODOTTO ESATTAMENTE il numero di VALIDAZIONE_SOGLIE.md (cap260 50.6 n=113,
  cap220 41.9 n=8, Uncapped 42.9 n=31, Beginner 46.9 n=73, arena division 42.8 n=94).

  CONCLUSIONE 1b: cap 220 NON e' rimasta su una sigma vecchia per disattenzione --
  E' STATA CONTROLLATA (misurata a sigma=41.9, coerente col default 42.70, quindi
  non corretta), ma quel controllo poggia su SOLO n=8 arene. Cap 260 (che invece
  E' stata corretta) poggiava su n=113, quattordici volte piu' dati. Il sospetto
  dell'orchestratore era fondato nella direzione sbagliata: non e' negligenza,
  e' una misura corretta metodologicamente ma con una n che non da' nessuna garanzia.

==============================================================================
PASSO 2 -- misura indipendente della pendenza (ess/pt), metodo dichiarato
==============================================================================

--- 2a: TUTTI I MANAGER (premi BASE, golden non distinte) ---
  Cap 260    n_arene= 2564  pareggio_empirico=290
  Cap 220    n_arene=  980  pareggio_empirico=275
  Uncapped   n_arene=  421  pareggio_empirico=310

  finestra +-10: Cap 260=11.55 (n=337)  Cap 220=8.24 (n=136)   rapporto220/260=0.714
  finestra +-15: Cap 260=12.81 (n=534)  Cap 220=11.48 (n=214)   rapporto220/260=0.896
  finestra +-20: Cap 260=13.16 (n=681)  Cap 220=11.01 (n=280)   rapporto220/260=0.837
  finestra +-25: Cap 260=12.19 (n=850)  Cap 220=11.84 (n=343)   rapporto220/260=0.971

--- 2b: SOLO crowss, premi REALI (golden incluse per costruzione) ---
  Cap 260    n_arene=  194  pareggio_empirico=285
  Cap 220    n_arene=   53  pareggio_empirico=280
  Uncapped   n_arene=   38  pareggio_empirico=305

  finestra +-10: Cap 260=-2.74 (n=31)  Cap 220=45.79 (n=8)   rapporto220/260=-16.727
  finestra +-15: Cap 260=3.35 (n=42)  Cap 220=27.29 (n=12)   rapporto220/260=8.149
  finestra +-20: Cap 260=11.85 (n=57)  Cap 220=17.81 (n=19)   rapporto220/260=1.503
  finestra +-25: Cap 260=13.08 (n=64)  Cap 220=16.2 (n=21)   rapporto220/260=1.239

--- 2c: rapporto cap220/cap260 -- il numero che conta ---
  produzione (6.3/7.9): 0.797
  tutti i manager, per finestra: {10: 0.7136517413460204, 15: 0.8963265859622528, 20: 0.8368742035098523, 25: 0.9714130184510142}
  crowss (premi reali), per finestra: {10: -16.726940619834828, 15: 8.149467508915569, 20: 1.5026790999654835, 25: 1.238639148467926}

Valore candidato per il Passo 3 (rapporto medio finestre +-15/+-20 su tutti i manager = 0.867, applicato a 7.9): GUADAGNO_PER_PUNTO nuovo = 6.85

==============================================================================
PASSO 3 -- quante arene cambierebbero con GUADAGNO_PER_PUNTO[cap220]=6.85
==============================================================================
Nessuna modifica al file build_formazione_globale.py: override IN MEMORIA
dopo l'import (stesso pattern gia' usato da p13/p15/p20 per bfg.LEAGUES).
Dati: stessi committati dal run GitHub 31253830349 (GAMEWEEK=3), nessuna query.

--- baseline (GUADAGNO_PER_PUNTO di produzione, invariato) ---
[arabia/GK] NESSUN FILE TROVATO -> 0 giocatori
[arabia/DEF] formazione_arabia\output\arabia_def_all\consiglio_2026-08-08_110043.txt -> 0 giocatori
[arabia/MID] NESSUN FILE TROVATO -> 0 giocatori
[arabia/FWD] NESSUN FILE TROVATO -> 0 giocatori
[argentina/GK] formazione_argentina\output\argentina_gk_all\consiglio_2026-08-08_110042.txt -> 0 giocatori
[argentina/DEF] formazione_argentina\output\argentina_def_all\consiglio_2026-08-08_110043.txt -> 1 giocatori
[argentina/MID] formazione_argentina\output\argentina_mid_all\consiglio_2026-08-08_110044.txt -> 0 giocatori
[argentina/FWD] formazione_argentina\output\argentina_fwd_all\consiglio_2026-08-08_110045.txt -> 1 giocatori
[austria/GK] formazione_austria\output\austria_gk_all\consiglio_2026-08-08_110042.txt -> 2 giocatori
[austria/DEF] formazione_austria\output\austria_def_all\consiglio_2026-08-08_110043.txt -> 5 giocatori
[austria/MID] formazione_austria\output\austria_mid_all\consiglio_2026-08-08_110044.txt -> 3 giocatori
[austria/FWD] formazione_austria\output\austria_fwd_all\consiglio_2026-08-08_110045.txt -> 1 giocatori
[azerbaigian/GK] formazione_azerbaigian\output\azerbaigian_gk_all\consiglio_2026-08-08_110042.txt -> 0 giocatori
[azerbaigian/DEF] NESSUN FILE TROVATO -> 0 giocatori
[azerbaigian/MID] NESSUN FILE TROVATO -> 0 giocatori
[azerbaigian/FWD] NESSUN FILE TROVATO -> 0 giocatori
[belgio/GK] formazione_belgio\output\belgio_gk_all\consiglio_2026-08-08_110042.txt -> 4 giocatori
[belgio/DEF] formazione_belgio\output\belgio_def_all\consiglio_2026-08-08_110043.txt -> 10 giocatori
[belgio/MID] formazione_belgio\output\belgio_mid_all\consiglio_2026-08-08_110044.txt -> 3 giocatori
[belgio/FWD] formazione_belgio\output\belgio_fwd_all\consiglio_2026-08-08_110045.txt -> 6 giocatori
[belgio2/GK] formazione_belgio2\output\belgio2_gk_all\consiglio_2026-08-08_110042.txt -> 0 giocatori
[belgio2/DEF] formazione_belgio2\output\belgio2_def_all\consiglio_2026-08-08_110043.txt -> 0 giocatori
[belgio2/MID] formazione_belgio2\output\belgio2_mid_all\consiglio_2026-08-08_110044.txt -> 0 giocatori
[belgio2/FWD] NESSUN FILE TROVATO -> 0 giocatori
[brasile/GK] formazione_brasile\output\brasile_gk_all\consiglio_2026-08-08_110042.txt -> 2 giocatori
[brasile/DEF] formazione_brasile\output\brasile_def_all\consiglio_2026-08-08_110043.txt -> 0 giocatori
[brasile/MID] formazione_brasile\output\brasile_mid_all\consiglio_2026-08-08_110044.txt -> 1 giocatori
[brasile/FWD] formazione_brasile\output\brasile_fwd_all\consiglio_2026-08-08_110045.txt -> 0 giocatori
[cechia/GK] NESSUN FILE TROVATO -> 0 giocatori
[cechia/DEF] formazione_cechia\output\cechia_def_all\consiglio_2026-08-07_233648.txt -> 0 giocatori
[cechia/MID] NESSUN FILE TROVATO -> 0 giocatori
[cechia/FWD] formazione_cechia\output\cechia_fwd_all\consiglio_2026-08-08_110045.txt -> 0 giocatori
[cile/GK] NESSUN FILE TROVATO -> 0 giocatori
[cile/DEF] NESSUN FILE TROVATO -> 0 giocatori
[cile/MID] NESSUN FILE TROVATO -> 0 giocatori
[cile/FWD] formazione_cile\output\cile_fwd_all\consiglio_2026-08-08_110045.txt -> 0 giocatori
[cina/GK] NESSUN FILE TROVATO -> 0 giocatori
[cina/DEF] NESSUN FILE TROVATO -> 0 giocatori
[cina/MID] formazione_cina\output\cina_mid_all\consiglio_2026-08-08_110044.txt -> 1 giocatori
[cina/FWD] formazione_cina\output\cina_fwd_all\consiglio_2026-08-08_110045.txt -> 1 giocatori
[cipro/GK] formazione_cipro\output\cipro_gk_all\consiglio_2026-08-02_155129.txt -> 0 giocatori
[cipro/DEF] NESSUN FILE TROVATO -> 0 giocatori
[cipro/MID] NESSUN FILE TROVATO -> 0 giocatori
[cipro/FWD] NESSUN FILE TROVATO -> 0 giocatori
[colombia/GK] formazione_colombia\output\colombia_gk_all\consiglio_2026-08-08_110042.txt -> 0 giocatori
[colombia/DEF] formazione_colombia\output\colombia_def_all\consiglio_2026-08-08_110043.txt -> 1 giocatori
[colombia/MID] formazione_colombia\output\colombia_mid_all\consiglio_2026-08-08_110044.txt -> 1 giocatori
[colombia/FWD] formazione_colombia\output\colombia_fwd_all\consiglio_2026-08-08_110045.txt -> 0 giocatori
[croazia/GK] formazione_croazia\output\croazia_gk_all\consiglio_2026-08-08_110042.txt -> 0 giocatori
[croazia/DEF] formazione_croazia\output\croazia_def_all\consiglio_2026-08-08_110043.txt -> 2 giocatori
[croazia/MID] formazione_croazia\output\croazia_mid_all\consiglio_2026-08-08_110044.txt -> 0 giocatori
[croazia/FWD] formazione_croazia\output\croazia_fwd_all\consiglio_2026-08-08_110045.txt -> 0 giocatori
[danimarca/GK] formazione_danimarca\output\danimarca_gk_all\consiglio_2026-08-08_110042.txt -> 0 giocatori
[danimarca/DEF] formazione_danimarca\output\danimarca_def_all\consiglio_2026-08-08_110043.txt -> 0 giocatori
[danimarca/MID] formazione_danimarca\output\danimarca_mid_all\consiglio_2026-08-08_110044.txt -> 1 giocatori
[danimarca/FWD] formazione_danimarca\output\danimarca_fwd_all\consiglio_2026-08-08_110045.txt -> 1 giocatori
[francia/GK] formazione_francia\output\francia_gk_all\consiglio_2026-08-08_110042.txt -> 0 giocatori
[francia/DEF] formazione_francia\output\francia_def_all\consiglio_2026-08-08_110043.txt -> 0 giocatori
[francia/MID] formazione_francia\output\francia_mid_all\consiglio_2026-08-08_110044.txt -> 0 giocatori
[francia/FWD] formazione_francia\output\francia_fwd_all\consiglio_2026-08-08_110045.txt -> 0 giocatori
[francia2/GK] formazione_francia2\output\francia2_gk_all\consiglio_2026-08-08_110042.txt -> 0 giocatori
[francia2/DEF] formazione_francia2\output\francia2_def_all\consiglio_2026-08-08_110043.txt -> 0 giocatori
[francia2/MID] formazione_francia2\output\francia2_mid_all\consiglio_2026-08-08_110044.txt -> 1 giocatori
[francia2/FWD] formazione_francia2\output\francia2_fwd_all\consiglio_2026-08-08_110045.txt -> 2 giocatori
[germania/GK] formazione_germania\output\germania_gk_all\consiglio_2026-08-08_110042.txt -> 0 giocatori
[germania/DEF] formazione_germania\output\germania_def_all\consiglio_2026-08-08_110043.txt -> 0 giocatori
[germania/MID] formazione_germania\output\germania_mid_all\consiglio_2026-08-08_110044.txt -> 0 giocatori
[germania/FWD] formazione_germania\output\germania_fwd_all\consiglio_2026-08-08_110045.txt -> 0 giocatori
[germania2/GK] formazione_germania2\output\germania2_gk_all\consiglio_2026-08-08_110042.txt -> 1 giocatori
[germania2/DEF] formazione_germania2\output\germania2_def_all\consiglio_2026-08-08_110043.txt -> 6 giocatori
[germania2/MID] formazione_germania2\output\germania2_mid_all\consiglio_2026-08-08_110044.txt -> 2 giocatori
[germania2/FWD] formazione_germania2\output\germania2_fwd_all\consiglio_2026-08-08_110045.txt -> 2 giocatori
[germania3/GK] formazione_germania3\output\germania3_gk_all\consiglio_2026-08-08_110042.txt -> 0 giocatori
[germania3/DEF] formazione_germania3\output\germania3_def_all\consiglio_2026-08-08_110043.txt -> 0 giocatori
[germania3/MID] formazione_germania3\output\germania3_mid_all\consiglio_2026-08-08_110044.txt -> 0 giocatori
[germania3/FWD] formazione_germania3\output\germania3_fwd_all\consiglio_2026-08-08_110045.txt -> 0 giocatori
[giappone/GK] formazione_giappone\output\giappone_gk_all\consiglio_2026-08-08_110042.txt -> 0 giocatori
[giappone/DEF] formazione_giappone\output\giappone_def_all\consiglio_2026-08-08_110043.txt -> 8 giocatori
[giappone/MID] formazione_giappone\output\giappone_mid_all\consiglio_2026-08-08_110044.txt -> 10 giocatori
[giappone/FWD] formazione_giappone\output\giappone_fwd_all\consiglio_2026-08-08_110045.txt -> 4 giocatori
[giappone100/GK] formazione_giappone100\output\giappone100_gk_all\consiglio_2026-07-27_190301.txt -> 0 giocatori
[giappone100/DEF] formazione_giappone100\output\giappone100_def_all\consiglio_2026-07-27_190319.txt -> 0 giocatori
[giappone100/MID] formazione_giappone100\output\giappone100_mid_all\consiglio_2026-07-27_190210.txt -> 0 giocatori
[giappone100/FWD] formazione_giappone100\output\giappone100_fwd_all\consiglio_2026-07-27_190321.txt -> 0 giocatori
[giappone2/GK] NESSUN FILE TROVATO -> 0 giocatori
[giappone2/DEF] NESSUN FILE TROVATO -> 0 giocatori
[giappone2/MID] NESSUN FILE TROVATO -> 0 giocatori
[giappone2/FWD] formazione_giappone2\output\giappone2_fwd_all\consiglio_2026-08-08_110045.txt -> 0 giocatori
[grecia/GK] formazione_grecia\output\grecia_gk_all\consiglio_2026-08-08_110042.txt -> 0 giocatori
[grecia/DEF] formazione_grecia\output\grecia_def_all\consiglio_2026-08-08_110043.txt -> 0 giocatori
[grecia/MID] formazione_grecia\output\grecia_mid_all\consiglio_2026-08-08_110044.txt -> 0 giocatori
[grecia/FWD] formazione_grecia\output\grecia_fwd_all\consiglio_2026-08-08_110045.txt -> 0 giocatori
[inghilterra/GK] formazione_inghilterra\output\inghilterra_gk_all\consiglio_2026-08-08_110042.txt -> 0 giocatori
[inghilterra/DEF] formazione_inghilterra\output\inghilterra_def_all\consiglio_2026-08-08_110043.txt -> 0 giocatori
[inghilterra/MID] formazione_inghilterra\output\inghilterra_mid_all\consiglio_2026-08-08_110044.txt -> 0 giocatori
[inghilterra/FWD] formazione_inghilterra\output\inghilterra_fwd_all\consiglio_2026-08-08_110045.txt -> 0 giocatori
[inghilterra2/GK] formazione_inghilterra2\output\inghilterra2_gk_all\consiglio_2026-08-08_110042.txt -> 0 giocatori
[inghilterra2/DEF] formazione_inghilterra2\output\inghilterra2_def_all\consiglio_2026-08-08_110043.txt -> 0 giocatori
[inghilterra2/MID] formazione_inghilterra2\output\inghilterra2_mid_all\consiglio_2026-08-08_110044.txt -> 0 giocatori
[inghilterra2/FWD] formazione_inghilterra2\output\inghilterra2_fwd_all\consiglio_2026-08-08_110045.txt -> 0 giocatori
[islanda/GK] NESSUN FILE TROVATO -> 0 giocatori
[islanda/DEF] NESSUN FILE TROVATO -> 0 giocatori
[islanda/MID] NESSUN FILE TROVATO -> 0 giocatori
[islanda/FWD] NESSUN FILE TROVATO -> 0 giocatori
[israele/GK] NESSUN FILE TROVATO -> 0 giocatori
[israele/DEF] formazione_israele\output\israele_def_all\consiglio_2026-08-08_110043.txt -> 0 giocatori
[israele/MID] NESSUN FILE TROVATO -> 0 giocatori
[israele/FWD] NESSUN FILE TROVATO -> 0 giocatori
[italia/GK] formazione_italia\output\italia_gk_all\consiglio_2026-08-08_110042.txt -> 0 giocatori
[italia/DEF] formazione_italia\output\italia_def_all\consiglio_2026-08-08_110043.txt -> 0 giocatori
[italia/MID] formazione_italia\output\italia_mid_all\consiglio_2026-08-08_110044.txt -> 0 giocatori
[italia/FWD] formazione_italia\output\italia_fwd_all\consiglio_2026-08-08_110045.txt -> 0 giocatori
[italia2/GK] NESSUN FILE TROVATO -> 0 giocatori
[italia2/DEF] formazione_italia2\output\italia2_def_all\consiglio_2026-08-08_110043.txt -> 0 giocatori
[italia2/MID] formazione_italia2\output\italia2_mid_all\consiglio_2026-08-08_110044.txt -> 0 giocatori
[italia2/FWD] formazione_italia2\output\italia2_fwd_all\consiglio_2026-08-08_110045.txt -> 0 giocatori
[kleague/GK] formazione_kleague\output\kleague_gk_all\consiglio_2026-08-08_110042.txt -> 6 giocatori
[kleague/DEF] formazione_kleague\output\kleague_def_all\consiglio_2026-08-08_110043.txt -> 17 giocatori
[kleague/MID] formazione_kleague\output\kleague_mid_all\consiglio_2026-08-08_110044.txt -> 8 giocatori
[kleague/FWD] formazione_kleague\output\kleague_fwd_all\consiglio_2026-08-08_110045.txt -> 5 giocatori
[kleague2/GK] NESSUN FILE TROVATO -> 0 giocatori
[kleague2/DEF] NESSUN FILE TROVATO -> 0 giocatori
[kleague2/MID] NESSUN FILE TROVATO -> 0 giocatori
[kleague2/FWD] formazione_kleague2\output\kleague2_fwd_all\consiglio_2026-08-08_110045.txt -> 0 giocatori
[messico/GK] formazione_messico\output\messico_gk_all\consiglio_2026-08-08_110042.txt -> 1 giocatori
[messico/DEF] formazione_messico\output\messico_def_all\consiglio_2026-08-08_110043.txt -> 2 giocatori
[messico/MID] formazione_messico\output\messico_mid_all\consiglio_2026-08-08_110044.txt -> 6 giocatori
[messico/FWD] formazione_messico\output\messico_fwd_all\consiglio_2026-08-08_110045.txt -> 3 giocatori
[mls/GK] formazione_mls\output\mls_gk_all\consiglio_2026-08-08_110042.txt -> 5 giocatori
[mls/DEF] formazione_mls\output\mls_def_all\consiglio_2026-08-08_110043.txt -> 10 giocatori
[mls/MID] formazione_mls\output\mls_mid_all\consiglio_2026-08-08_110044.txt -> 7 giocatori
[mls/FWD] formazione_mls\output\mls_fwd_all\consiglio_2026-08-08_110045.txt -> 4 giocatori
[norvegia/GK] NESSUN FILE TROVATO -> 0 giocatori
[norvegia/DEF] formazione_norvegia\output\norvegia_def_all\consiglio_2026-08-08_110043.txt -> 1 giocatori
[norvegia/MID] NESSUN FILE TROVATO -> 0 giocatori
[norvegia/FWD] NESSUN FILE TROVATO -> 0 giocatori
[olanda/GK] formazione_olanda\output\olanda_gk_all\consiglio_2026-08-08_110043.txt -> 5 giocatori
[olanda/DEF] formazione_olanda\output\olanda_def_all\consiglio_2026-08-08_110043.txt -> 14 giocatori
[olanda/MID] formazione_olanda\output\olanda_mid_all\consiglio_2026-08-08_110044.txt -> 12 giocatori
[olanda/FWD] formazione_olanda\output\olanda_fwd_all\consiglio_2026-08-08_110045.txt -> 8 giocatori
[olanda2/GK] NESSUN FILE TROVATO -> 0 giocatori
[olanda2/DEF] NESSUN FILE TROVATO -> 0 giocatori
[olanda2/MID] formazione_olanda2\output\olanda2_mid_all\consiglio_2026-08-08_110044.txt -> 0 giocatori
[olanda2/FWD] NESSUN FILE TROVATO -> 0 giocatori
[peru/GK] NESSUN FILE TROVATO -> 0 giocatori
[peru/DEF] NESSUN FILE TROVATO -> 0 giocatori
[peru/MID] formazione_peru\output\peru_mid_all\consiglio_2026-08-02_155139.txt -> 1 giocatori
[peru/FWD] NESSUN FILE TROVATO -> 0 giocatori
[polonia/GK] NESSUN FILE TROVATO -> 0 giocatori
[polonia/DEF] formazione_polonia\output\polonia_def_all\consiglio_2026-08-08_110043.txt -> 0 giocatori
[polonia/MID] formazione_polonia\output\polonia_mid_all\consiglio_2026-08-08_110044.txt -> 0 giocatori
[polonia/FWD] formazione_polonia\output\polonia_fwd_all\consiglio_2026-08-08_110045.txt -> 0 giocatori
[portogallo/GK] formazione_portogallo\output\portogallo_gk_all\consiglio_2026-08-08_110043.txt -> 1 giocatori
[portogallo/DEF] formazione_portogallo\output\portogallo_def_all\consiglio_2026-08-08_110043.txt -> 2 giocatori
[portogallo/MID] formazione_portogallo\output\portogallo_mid_all\consiglio_2026-08-08_110044.txt -> 3 giocatori
[portogallo/FWD] formazione_portogallo\output\portogallo_fwd_all\consiglio_2026-08-08_110045.txt -> 5 giocatori
[romania/GK] NESSUN FILE TROVATO -> 0 giocatori
[romania/DEF] NESSUN FILE TROVATO -> 0 giocatori
[romania/MID] NESSUN FILE TROVATO -> 0 giocatori
[romania/FWD] formazione_romania\output\romania_fwd_all\consiglio_2026-08-08_110045.txt -> 0 giocatori
[russia/GK] NESSUN FILE TROVATO -> 0 giocatori
[russia/DEF] formazione_russia\output\russia_def_all\consiglio_2026-08-08_110043.txt -> 0 giocatori
[russia/MID] formazione_russia\output\russia_mid_all\consiglio_2026-08-08_110044.txt -> 1 giocatori
[russia/FWD] formazione_russia\output\russia_fwd_all\consiglio_2026-08-08_110045.txt -> 0 giocatori
[scozia/GK] formazione_scozia\output\scozia_gk_all\consiglio_2026-08-08_110043.txt -> 0 giocatori
[scozia/DEF] formazione_scozia\output\scozia_def_all\consiglio_2026-08-08_110043.txt -> 6 giocatori
[scozia/MID] formazione_scozia\output\scozia_mid_all\consiglio_2026-08-08_110044.txt -> 4 giocatori
[scozia/FWD] formazione_scozia\output\scozia_fwd_all\consiglio_2026-08-08_110045.txt -> 3 giocatori
[senza_lega/GK] formazione_senza_lega\output\senza_lega_gk_all\consiglio_2026-08-08_110043.txt -> 0 giocatori
[senza_lega/DEF] formazione_senza_lega\output\senza_lega_def_all\consiglio_2026-08-08_110043.txt -> 0 giocatori
[senza_lega/MID] formazione_senza_lega\output\senza_lega_mid_all\consiglio_2026-08-08_110044.txt -> 0 giocatori
[senza_lega/FWD] formazione_senza_lega\output\senza_lega_fwd_all\consiglio_2026-08-08_110045.txt -> 0 giocatori
[serbia/GK] NESSUN FILE TROVATO -> 0 giocatori
[serbia/DEF] NESSUN FILE TROVATO -> 0 giocatori
[serbia/MID] formazione_serbia\output\serbia_mid_all\consiglio_2026-08-08_110044.txt -> 0 giocatori
[serbia/FWD] NESSUN FILE TROVATO -> 0 giocatori
[slovacchia/GK] NESSUN FILE TROVATO -> 0 giocatori
[slovacchia/DEF] formazione_slovacchia\output\slovacchia_def_all\consiglio_2026-08-08_110043.txt -> 0 giocatori
[slovacchia/MID] NESSUN FILE TROVATO -> 0 giocatori
[slovacchia/FWD] NESSUN FILE TROVATO -> 0 giocatori
[spagna/GK] formazione_spagna\output\spagna_gk_all\consiglio_2026-08-08_110043.txt -> 0 giocatori
[spagna/DEF] formazione_spagna\output\spagna_def_all\consiglio_2026-08-08_110044.txt -> 0 giocatori
[spagna/MID] formazione_spagna\output\spagna_mid_all\consiglio_2026-08-08_110044.txt -> 0 giocatori
[spagna/FWD] formazione_spagna\output\spagna_fwd_all\consiglio_2026-08-08_110045.txt -> 0 giocatori
[spagna2/GK] formazione_spagna2\output\spagna2_gk_all\consiglio_2026-08-08_110043.txt -> 0 giocatori
[spagna2/DEF] formazione_spagna2\output\spagna2_def_all\consiglio_2026-08-08_110044.txt -> 0 giocatori
[spagna2/MID] formazione_spagna2\output\spagna2_mid_all\consiglio_2026-08-08_110044.txt -> 0 giocatori
[spagna2/FWD] formazione_spagna2\output\spagna2_fwd_all\consiglio_2026-08-08_110045.txt -> 0 giocatori
[svezia/GK] NESSUN FILE TROVATO -> 0 giocatori
[svezia/DEF] NESSUN FILE TROVATO -> 0 giocatori
[svezia/MID] formazione_svezia\output\svezia_mid_all\consiglio_2026-08-08_110044.txt -> 0 giocatori
[svezia/FWD] NESSUN FILE TROVATO -> 0 giocatori
[svizzera/GK] formazione_svizzera\output\svizzera_gk_all\consiglio_2026-07-27_184103.txt -> 0 giocatori
[svizzera/DEF] formazione_svizzera\output\svizzera_def_all\consiglio_2026-08-08_110044.txt -> 1 giocatori
[svizzera/MID] formazione_svizzera\output\svizzera_mid_all\consiglio_2026-08-08_110044.txt -> 1 giocatori
[svizzera/FWD] formazione_svizzera\output\svizzera_fwd_all\consiglio_2026-08-08_110045.txt -> 0 giocatori
[turchia/GK] formazione_turchia\output\turchia_gk_all\consiglio_2026-08-08_110043.txt -> 0 giocatori
[turchia/DEF] formazione_turchia\output\turchia_def_all\consiglio_2026-08-08_110044.txt -> 0 giocatori
[turchia/MID] formazione_turchia\output\turchia_mid_all\consiglio_2026-08-08_110044.txt -> 0 giocatori
[turchia/FWD] formazione_turchia\output\turchia_fwd_all\consiglio_2026-08-08_110045.txt -> 0 giocatori
[ucraina/GK] NESSUN FILE TROVATO -> 0 giocatori
[ucraina/DEF] formazione_ucraina\output\ucraina_def_all\consiglio_2026-08-08_110044.txt -> 0 giocatori
[ucraina/MID] NESSUN FILE TROVATO -> 0 giocatori
[ucraina/FWD] NESSUN FILE TROVATO -> 0 giocatori
[venezuela/GK] NESSUN FILE TROVATO -> 0 giocatori
[venezuela/DEF] NESSUN FILE TROVATO -> 0 giocatori
[venezuela/MID] NESSUN FILE TROVATO -> 0 giocatori
[venezuela/FWD] formazione_venezuela\output\venezuela_fwd_all\consiglio_2026-08-08_110045.txt -> 0 giocatori
Finestra esplicita risolta: football-7-11-aug-2026 (gameweek 3) dal 2026-08-07T14:00:00 al 2026-08-11T13:59:00 -- SOLO questa giornata, nessuna tolleranza a giorni.
Formazione Arena All Stars (cap 260) #1: generata (277.3 pt)
Formazione Arena All Stars (cap 220) #1: generata (251.9 pt)
Formazione Arena All Stars (uncapped) #1: generata (286.4 pt)
Formazione Arena All Stars (cap 260) #1: generata (277.3 pt)
  arena efficiente #1: Arena All Stars (cap 260) -- atteso 289.1, resa 234 essenze
Formazione Arena All Stars (cap 260) #1: generata (274.3 pt)
Formazione Arena All Stars (cap 220) #1: generata (251.8 pt)
Formazione Arena All Stars (uncapped) #1: generata (286.3 pt)
Formazione Arena All Stars (cap 260) #1: generata (274.3 pt)
  arena efficiente #2: Arena All Stars (cap 260) -- atteso 286.1, resa 210 essenze
Formazione Arena All Stars (cap 260) #1: generata (268.8 pt)
Formazione Arena All Stars (cap 220) #1: generata (249.5 pt)
Formazione Arena All Stars (uncapped) #1: generata (285.3 pt)
Formazione Arena All Stars (cap 260) #1: generata (268.8 pt)
  arena efficiente #3: Arena All Stars (cap 260) -- atteso 280.7, resa 167 essenze
Formazione Arena All Stars (cap 260) #1: generata (268.2 pt)
Formazione Arena All Stars (cap 220) #1: generata (248.5 pt)
Formazione Arena All Stars (uncapped) #1: generata (284.2 pt)
Formazione Arena All Stars (cap 260) #1: generata (268.2 pt)
  arena efficiente #4: Arena All Stars (cap 260) -- atteso 279.7, resa 159 essenze
Formazione Arena All Stars (cap 260) #1: generata (267.4 pt)
Formazione Arena All Stars (cap 220) #1: generata (247.6 pt)
Formazione Arena All Stars (uncapped) #1: generata (284.2 pt)
Formazione Arena All Stars (cap 260) #1: generata (267.4 pt)
  arena efficiente #5: Arena All Stars (cap 260) -- atteso 279.0, resa 154 essenze
Formazione Arena All Stars (cap 260) #1: generata (266.0 pt)
Formazione Arena All Stars (cap 220) #1: generata (247.6 pt)
Formazione Arena All Stars (uncapped) #1: generata (282.1 pt)
Formazione Arena All Stars (cap 260) #1: generata (266.0 pt)
  arena efficiente #6: Arena All Stars (cap 260) -- atteso 277.7, resa 143 essenze
Formazione Arena All Stars (cap 260) #1: generata (265.3 pt)
Formazione Arena All Stars (cap 220) #1: generata (247.1 pt)
Formazione Arena All Stars (uncapped) #1: generata (281.3 pt)
Formazione Arena All Stars (cap 260) #1: generata (265.3 pt)
  arena efficiente #7: Arena All Stars (cap 260) -- atteso 276.8, resa 136 essenze
Formazione Arena All Stars (cap 260) #1: generata (263.9 pt)
Formazione Arena All Stars (cap 220) #1: generata (245.4 pt)
Formazione Arena All Stars (uncapped) #1: generata (277.4 pt)
Formazione Arena All Stars (cap 260) #1: generata (263.9 pt)
  arena efficiente #8: Arena All Stars (cap 260) -- atteso 275.1, resa 123 essenze
Formazione Arena All Stars (cap 260) #1: generata (262.4 pt)
Formazione Arena All Stars (cap 220) #1: generata (244.7 pt)
Formazione Arena All Stars (uncapped) #1: generata (275.9 pt)
Formazione Arena All Stars (cap 260) #1: generata (262.4 pt)
  arena efficiente #9: Arena All Stars (cap 260) -- atteso 273.3, resa 109 essenze
Formazione Arena All Stars (cap 260) #1: generata (261.3 pt)
Formazione Arena All Stars (cap 220) #1: generata (244.7 pt)
Formazione Arena All Stars (uncapped) #1: generata (275.8 pt)
Formazione Arena All Stars (cap 260) #1: generata (261.3 pt)
  arena efficiente #10: Arena All Stars (cap 260) -- atteso 273.0, resa 107 essenze
Formazione Arena All Stars (cap 260) #1: generata (260.4 pt)
Formazione Arena All Stars (cap 220) #1: generata (243.6 pt)
Formazione Arena All Stars (uncapped) #1: generata (272.7 pt)
Formazione Arena All Stars (cap 260) #1: generata (260.4 pt)
  arena efficiente #11: Arena All Stars (cap 260) -- atteso 271.1, resa 92 essenze
Formazione Arena All Stars (cap 260) #1: generata (258.9 pt)
Formazione Arena All Stars (cap 220) #1: generata (242.6 pt)
Formazione Arena All Stars (uncapped) #1: generata (270.4 pt)
Formazione Arena All Stars (cap 260) #1: generata (258.9 pt)
  arena efficiente #12: Arena All Stars (cap 260) -- atteso 270.0, resa 83 essenze
Formazione Arena All Stars (cap 260) #1: generata (259.0 pt)
Formazione Arena All Stars (cap 220) #1: generata (242.4 pt)
Formazione Arena All Stars (uncapped) #1: generata (269.7 pt)
Formazione Arena All Stars (cap 260) #1: generata (259.0 pt)
  arena efficiente #13: Arena All Stars (cap 260) -- atteso 270.0, resa 83 essenze
Formazione Arena All Stars (cap 260) #1: generata (256.3 pt)
Formazione Arena All Stars (cap 220) #1: generata (240.6 pt)
Formazione Arena All Stars (uncapped) #1: generata (269.0 pt)
Formazione Arena All Stars (cap 260) #1: generata (256.3 pt)
  arena efficiente #14: Arena All Stars (cap 260) -- atteso 267.3, resa 61 essenze
Formazione Arena All Stars (cap 260) #1: generata (255.1 pt)
Formazione Arena All Stars (cap 220) #1: generata (239.6 pt)
Formazione Arena All Stars (uncapped) #1: generata (266.0 pt)
Formazione Arena All Stars (cap 260) #1: generata (255.1 pt)
  arena efficiente #15: Arena All Stars (cap 260) -- atteso 265.8, resa 50 essenze
Formazione Arena All Stars (cap 260) #1: generata (254.4 pt)
Formazione Arena All Stars (cap 220) #1: generata (238.4 pt)
Formazione Arena All Stars (uncapped) #1: generata (265.7 pt)
Formazione Arena All Stars (cap 260) #1: generata (254.4 pt)
  arena efficiente #16: Arena All Stars (cap 260) -- atteso 264.8, resa 42 essenze
Formazione Arena All Stars (cap 260) #1: generata (254.9 pt)
Formazione Arena All Stars (cap 220) #1: generata (237.5 pt)
Formazione Arena All Stars (uncapped) #1: generata (264.9 pt)
Formazione Arena All Stars (cap 260) #1: generata (254.9 pt)
  arena efficiente #17: Arena All Stars (cap 260) -- atteso 266.2, resa 53 essenze
Formazione Arena All Stars (cap 260) #1: generata (254.5 pt)
Formazione Arena All Stars (cap 220) #1: generata (237.4 pt)
Formazione Arena All Stars (uncapped) #1: generata (261.4 pt)
Formazione Arena All Stars (cap 260) #1: generata (254.5 pt)
  arena efficiente #18: Arena All Stars (cap 260) -- atteso 265.0, resa 43 essenze
Formazione Arena All Stars (cap 260) #1: generata (253.6 pt)
Formazione Arena All Stars (cap 220) #1: generata (236.3 pt)
Formazione Arena All Stars (uncapped) #1: generata (261.4 pt)
Formazione Arena All Stars (cap 260) #1: generata (253.6 pt)
  arena efficiente #19: Arena All Stars (cap 260) -- atteso 264.4, resa 39 essenze
Formazione Arena All Stars (cap 260) #1: generata (252.0 pt)
Formazione Arena All Stars (cap 220) #1: generata (236.3 pt)
Formazione Arena All Stars (uncapped) #1: generata (260.1 pt)
Formazione Arena All Stars (cap 260) #1: generata (252.0 pt)
  arena efficiente #20: Arena All Stars (cap 260) -- atteso 262.7, resa 25 essenze
Formazione Arena All Stars (cap 260) #1: generata (251.3 pt)
Formazione Arena All Stars (cap 220) #1: generata (236.1 pt)
Formazione Arena All Stars (uncapped) #1: generata (258.6 pt)
Formazione Arena All Stars (cap 260) #1: generata (251.3 pt)
  arena efficiente #21: Arena All Stars (cap 260) -- atteso 261.9, resa 19 essenze
Formazione Arena All Stars (cap 260) #1: generata (250.2 pt)
Formazione Arena All Stars (cap 220) #1: generata (236.1 pt)
Formazione Arena All Stars (uncapped) #1: generata (257.8 pt)
Formazione Arena All Stars (cap 220) #1: generata (236.1 pt)
  arena efficiente #22: Arena All Stars (cap 220) -- atteso 246.0, resa 12 essenze
Formazione Arena All Stars (cap 260) #1: generata (249.9 pt)
Formazione Arena All Stars (cap 220) #1: generata (234.2 pt)
Formazione Arena All Stars (uncapped) #1: generata (257.8 pt)
Formazione Arena All Stars (cap 260) #1: generata (249.9 pt)
  arena efficiente #23: Arena All Stars (cap 260) -- atteso 260.6, resa 8 essenze
Formazione Arena All Stars (cap 260) #1: generata (249.2 pt)
Formazione Arena All Stars (cap 220) #1: generata (233.9 pt)
Formazione Arena All Stars (uncapped) #1: generata (257.2 pt)
n arene: 23  mix: {'ARENA_ALLSTARS_260': 22, 'ARENA_ALLSTARS_220': 1}

--- con GUADAGNO_PER_PUNTO[cap220 in produzione]=6.85 (override in memoria) ---
[arabia/GK] NESSUN FILE TROVATO -> 0 giocatori
[arabia/DEF] formazione_arabia\output\arabia_def_all\consiglio_2026-08-08_110043.txt -> 0 giocatori
[arabia/MID] NESSUN FILE TROVATO -> 0 giocatori
[arabia/FWD] NESSUN FILE TROVATO -> 0 giocatori
[argentina/GK] formazione_argentina\output\argentina_gk_all\consiglio_2026-08-08_110042.txt -> 0 giocatori
[argentina/DEF] formazione_argentina\output\argentina_def_all\consiglio_2026-08-08_110043.txt -> 1 giocatori
[argentina/MID] formazione_argentina\output\argentina_mid_all\consiglio_2026-08-08_110044.txt -> 0 giocatori
[argentina/FWD] formazione_argentina\output\argentina_fwd_all\consiglio_2026-08-08_110045.txt -> 1 giocatori
[austria/GK] formazione_austria\output\austria_gk_all\consiglio_2026-08-08_110042.txt -> 2 giocatori
[austria/DEF] formazione_austria\output\austria_def_all\consiglio_2026-08-08_110043.txt -> 5 giocatori
[austria/MID] formazione_austria\output\austria_mid_all\consiglio_2026-08-08_110044.txt -> 3 giocatori
[austria/FWD] formazione_austria\output\austria_fwd_all\consiglio_2026-08-08_110045.txt -> 1 giocatori
[azerbaigian/GK] formazione_azerbaigian\output\azerbaigian_gk_all\consiglio_2026-08-08_110042.txt -> 0 giocatori
[azerbaigian/DEF] NESSUN FILE TROVATO -> 0 giocatori
[azerbaigian/MID] NESSUN FILE TROVATO -> 0 giocatori
[azerbaigian/FWD] NESSUN FILE TROVATO -> 0 giocatori
[belgio/GK] formazione_belgio\output\belgio_gk_all\consiglio_2026-08-08_110042.txt -> 4 giocatori
[belgio/DEF] formazione_belgio\output\belgio_def_all\consiglio_2026-08-08_110043.txt -> 10 giocatori
[belgio/MID] formazione_belgio\output\belgio_mid_all\consiglio_2026-08-08_110044.txt -> 3 giocatori
[belgio/FWD] formazione_belgio\output\belgio_fwd_all\consiglio_2026-08-08_110045.txt -> 6 giocatori
[belgio2/GK] formazione_belgio2\output\belgio2_gk_all\consiglio_2026-08-08_110042.txt -> 0 giocatori
[belgio2/DEF] formazione_belgio2\output\belgio2_def_all\consiglio_2026-08-08_110043.txt -> 0 giocatori
[belgio2/MID] formazione_belgio2\output\belgio2_mid_all\consiglio_2026-08-08_110044.txt -> 0 giocatori
[belgio2/FWD] NESSUN FILE TROVATO -> 0 giocatori
[brasile/GK] formazione_brasile\output\brasile_gk_all\consiglio_2026-08-08_110042.txt -> 2 giocatori
[brasile/DEF] formazione_brasile\output\brasile_def_all\consiglio_2026-08-08_110043.txt -> 0 giocatori
[brasile/MID] formazione_brasile\output\brasile_mid_all\consiglio_2026-08-08_110044.txt -> 1 giocatori
[brasile/FWD] formazione_brasile\output\brasile_fwd_all\consiglio_2026-08-08_110045.txt -> 0 giocatori
[cechia/GK] NESSUN FILE TROVATO -> 0 giocatori
[cechia/DEF] formazione_cechia\output\cechia_def_all\consiglio_2026-08-07_233648.txt -> 0 giocatori
[cechia/MID] NESSUN FILE TROVATO -> 0 giocatori
[cechia/FWD] formazione_cechia\output\cechia_fwd_all\consiglio_2026-08-08_110045.txt -> 0 giocatori
[cile/GK] NESSUN FILE TROVATO -> 0 giocatori
[cile/DEF] NESSUN FILE TROVATO -> 0 giocatori
[cile/MID] NESSUN FILE TROVATO -> 0 giocatori
[cile/FWD] formazione_cile\output\cile_fwd_all\consiglio_2026-08-08_110045.txt -> 0 giocatori
[cina/GK] NESSUN FILE TROVATO -> 0 giocatori
[cina/DEF] NESSUN FILE TROVATO -> 0 giocatori
[cina/MID] formazione_cina\output\cina_mid_all\consiglio_2026-08-08_110044.txt -> 1 giocatori
[cina/FWD] formazione_cina\output\cina_fwd_all\consiglio_2026-08-08_110045.txt -> 1 giocatori
[cipro/GK] formazione_cipro\output\cipro_gk_all\consiglio_2026-08-02_155129.txt -> 0 giocatori
[cipro/DEF] NESSUN FILE TROVATO -> 0 giocatori
[cipro/MID] NESSUN FILE TROVATO -> 0 giocatori
[cipro/FWD] NESSUN FILE TROVATO -> 0 giocatori
[colombia/GK] formazione_colombia\output\colombia_gk_all\consiglio_2026-08-08_110042.txt -> 0 giocatori
[colombia/DEF] formazione_colombia\output\colombia_def_all\consiglio_2026-08-08_110043.txt -> 1 giocatori
[colombia/MID] formazione_colombia\output\colombia_mid_all\consiglio_2026-08-08_110044.txt -> 1 giocatori
[colombia/FWD] formazione_colombia\output\colombia_fwd_all\consiglio_2026-08-08_110045.txt -> 0 giocatori
[croazia/GK] formazione_croazia\output\croazia_gk_all\consiglio_2026-08-08_110042.txt -> 0 giocatori
[croazia/DEF] formazione_croazia\output\croazia_def_all\consiglio_2026-08-08_110043.txt -> 2 giocatori
[croazia/MID] formazione_croazia\output\croazia_mid_all\consiglio_2026-08-08_110044.txt -> 0 giocatori
[croazia/FWD] formazione_croazia\output\croazia_fwd_all\consiglio_2026-08-08_110045.txt -> 0 giocatori
[danimarca/GK] formazione_danimarca\output\danimarca_gk_all\consiglio_2026-08-08_110042.txt -> 0 giocatori
[danimarca/DEF] formazione_danimarca\output\danimarca_def_all\consiglio_2026-08-08_110043.txt -> 0 giocatori
[danimarca/MID] formazione_danimarca\output\danimarca_mid_all\consiglio_2026-08-08_110044.txt -> 1 giocatori
[danimarca/FWD] formazione_danimarca\output\danimarca_fwd_all\consiglio_2026-08-08_110045.txt -> 1 giocatori
[francia/GK] formazione_francia\output\francia_gk_all\consiglio_2026-08-08_110042.txt -> 0 giocatori
[francia/DEF] formazione_francia\output\francia_def_all\consiglio_2026-08-08_110043.txt -> 0 giocatori
[francia/MID] formazione_francia\output\francia_mid_all\consiglio_2026-08-08_110044.txt -> 0 giocatori
[francia/FWD] formazione_francia\output\francia_fwd_all\consiglio_2026-08-08_110045.txt -> 0 giocatori
[francia2/GK] formazione_francia2\output\francia2_gk_all\consiglio_2026-08-08_110042.txt -> 0 giocatori
[francia2/DEF] formazione_francia2\output\francia2_def_all\consiglio_2026-08-08_110043.txt -> 0 giocatori
[francia2/MID] formazione_francia2\output\francia2_mid_all\consiglio_2026-08-08_110044.txt -> 1 giocatori
[francia2/FWD] formazione_francia2\output\francia2_fwd_all\consiglio_2026-08-08_110045.txt -> 2 giocatori
[germania/GK] formazione_germania\output\germania_gk_all\consiglio_2026-08-08_110042.txt -> 0 giocatori
[germania/DEF] formazione_germania\output\germania_def_all\consiglio_2026-08-08_110043.txt -> 0 giocatori
[germania/MID] formazione_germania\output\germania_mid_all\consiglio_2026-08-08_110044.txt -> 0 giocatori
[germania/FWD] formazione_germania\output\germania_fwd_all\consiglio_2026-08-08_110045.txt -> 0 giocatori
[germania2/GK] formazione_germania2\output\germania2_gk_all\consiglio_2026-08-08_110042.txt -> 1 giocatori
[germania2/DEF] formazione_germania2\output\germania2_def_all\consiglio_2026-08-08_110043.txt -> 6 giocatori
[germania2/MID] formazione_germania2\output\germania2_mid_all\consiglio_2026-08-08_110044.txt -> 2 giocatori
[germania2/FWD] formazione_germania2\output\germania2_fwd_all\consiglio_2026-08-08_110045.txt -> 2 giocatori
[germania3/GK] formazione_germania3\output\germania3_gk_all\consiglio_2026-08-08_110042.txt -> 0 giocatori
[germania3/DEF] formazione_germania3\output\germania3_def_all\consiglio_2026-08-08_110043.txt -> 0 giocatori
[germania3/MID] formazione_germania3\output\germania3_mid_all\consiglio_2026-08-08_110044.txt -> 0 giocatori
[germania3/FWD] formazione_germania3\output\germania3_fwd_all\consiglio_2026-08-08_110045.txt -> 0 giocatori
[giappone/GK] formazione_giappone\output\giappone_gk_all\consiglio_2026-08-08_110042.txt -> 0 giocatori
[giappone/DEF] formazione_giappone\output\giappone_def_all\consiglio_2026-08-08_110043.txt -> 8 giocatori
[giappone/MID] formazione_giappone\output\giappone_mid_all\consiglio_2026-08-08_110044.txt -> 10 giocatori
[giappone/FWD] formazione_giappone\output\giappone_fwd_all\consiglio_2026-08-08_110045.txt -> 4 giocatori
[giappone100/GK] formazione_giappone100\output\giappone100_gk_all\consiglio_2026-07-27_190301.txt -> 0 giocatori
[giappone100/DEF] formazione_giappone100\output\giappone100_def_all\consiglio_2026-07-27_190319.txt -> 0 giocatori
[giappone100/MID] formazione_giappone100\output\giappone100_mid_all\consiglio_2026-07-27_190210.txt -> 0 giocatori
[giappone100/FWD] formazione_giappone100\output\giappone100_fwd_all\consiglio_2026-07-27_190321.txt -> 0 giocatori
[giappone2/GK] NESSUN FILE TROVATO -> 0 giocatori
[giappone2/DEF] NESSUN FILE TROVATO -> 0 giocatori
[giappone2/MID] NESSUN FILE TROVATO -> 0 giocatori
[giappone2/FWD] formazione_giappone2\output\giappone2_fwd_all\consiglio_2026-08-08_110045.txt -> 0 giocatori
[grecia/GK] formazione_grecia\output\grecia_gk_all\consiglio_2026-08-08_110042.txt -> 0 giocatori
[grecia/DEF] formazione_grecia\output\grecia_def_all\consiglio_2026-08-08_110043.txt -> 0 giocatori
[grecia/MID] formazione_grecia\output\grecia_mid_all\consiglio_2026-08-08_110044.txt -> 0 giocatori
[grecia/FWD] formazione_grecia\output\grecia_fwd_all\consiglio_2026-08-08_110045.txt -> 0 giocatori
[inghilterra/GK] formazione_inghilterra\output\inghilterra_gk_all\consiglio_2026-08-08_110042.txt -> 0 giocatori
[inghilterra/DEF] formazione_inghilterra\output\inghilterra_def_all\consiglio_2026-08-08_110043.txt -> 0 giocatori
[inghilterra/MID] formazione_inghilterra\output\inghilterra_mid_all\consiglio_2026-08-08_110044.txt -> 0 giocatori
[inghilterra/FWD] formazione_inghilterra\output\inghilterra_fwd_all\consiglio_2026-08-08_110045.txt -> 0 giocatori
[inghilterra2/GK] formazione_inghilterra2\output\inghilterra2_gk_all\consiglio_2026-08-08_110042.txt -> 0 giocatori
[inghilterra2/DEF] formazione_inghilterra2\output\inghilterra2_def_all\consiglio_2026-08-08_110043.txt -> 0 giocatori
[inghilterra2/MID] formazione_inghilterra2\output\inghilterra2_mid_all\consiglio_2026-08-08_110044.txt -> 0 giocatori
[inghilterra2/FWD] formazione_inghilterra2\output\inghilterra2_fwd_all\consiglio_2026-08-08_110045.txt -> 0 giocatori
[islanda/GK] NESSUN FILE TROVATO -> 0 giocatori
[islanda/DEF] NESSUN FILE TROVATO -> 0 giocatori
[islanda/MID] NESSUN FILE TROVATO -> 0 giocatori
[islanda/FWD] NESSUN FILE TROVATO -> 0 giocatori
[israele/GK] NESSUN FILE TROVATO -> 0 giocatori
[israele/DEF] formazione_israele\output\israele_def_all\consiglio_2026-08-08_110043.txt -> 0 giocatori
[israele/MID] NESSUN FILE TROVATO -> 0 giocatori
[israele/FWD] NESSUN FILE TROVATO -> 0 giocatori
[italia/GK] formazione_italia\output\italia_gk_all\consiglio_2026-08-08_110042.txt -> 0 giocatori
[italia/DEF] formazione_italia\output\italia_def_all\consiglio_2026-08-08_110043.txt -> 0 giocatori
[italia/MID] formazione_italia\output\italia_mid_all\consiglio_2026-08-08_110044.txt -> 0 giocatori
[italia/FWD] formazione_italia\output\italia_fwd_all\consiglio_2026-08-08_110045.txt -> 0 giocatori
[italia2/GK] NESSUN FILE TROVATO -> 0 giocatori
[italia2/DEF] formazione_italia2\output\italia2_def_all\consiglio_2026-08-08_110043.txt -> 0 giocatori
[italia2/MID] formazione_italia2\output\italia2_mid_all\consiglio_2026-08-08_110044.txt -> 0 giocatori
[italia2/FWD] formazione_italia2\output\italia2_fwd_all\consiglio_2026-08-08_110045.txt -> 0 giocatori
[kleague/GK] formazione_kleague\output\kleague_gk_all\consiglio_2026-08-08_110042.txt -> 6 giocatori
[kleague/DEF] formazione_kleague\output\kleague_def_all\consiglio_2026-08-08_110043.txt -> 17 giocatori
[kleague/MID] formazione_kleague\output\kleague_mid_all\consiglio_2026-08-08_110044.txt -> 8 giocatori
[kleague/FWD] formazione_kleague\output\kleague_fwd_all\consiglio_2026-08-08_110045.txt -> 5 giocatori
[kleague2/GK] NESSUN FILE TROVATO -> 0 giocatori
[kleague2/DEF] NESSUN FILE TROVATO -> 0 giocatori
[kleague2/MID] NESSUN FILE TROVATO -> 0 giocatori
[kleague2/FWD] formazione_kleague2\output\kleague2_fwd_all\consiglio_2026-08-08_110045.txt -> 0 giocatori
[messico/GK] formazione_messico\output\messico_gk_all\consiglio_2026-08-08_110042.txt -> 1 giocatori
[messico/DEF] formazione_messico\output\messico_def_all\consiglio_2026-08-08_110043.txt -> 2 giocatori
[messico/MID] formazione_messico\output\messico_mid_all\consiglio_2026-08-08_110044.txt -> 6 giocatori
[messico/FWD] formazione_messico\output\messico_fwd_all\consiglio_2026-08-08_110045.txt -> 3 giocatori
[mls/GK] formazione_mls\output\mls_gk_all\consiglio_2026-08-08_110042.txt -> 5 giocatori
[mls/DEF] formazione_mls\output\mls_def_all\consiglio_2026-08-08_110043.txt -> 10 giocatori
[mls/MID] formazione_mls\output\mls_mid_all\consiglio_2026-08-08_110044.txt -> 7 giocatori
[mls/FWD] formazione_mls\output\mls_fwd_all\consiglio_2026-08-08_110045.txt -> 4 giocatori
[norvegia/GK] NESSUN FILE TROVATO -> 0 giocatori
[norvegia/DEF] formazione_norvegia\output\norvegia_def_all\consiglio_2026-08-08_110043.txt -> 1 giocatori
[norvegia/MID] NESSUN FILE TROVATO -> 0 giocatori
[norvegia/FWD] NESSUN FILE TROVATO -> 0 giocatori
[olanda/GK] formazione_olanda\output\olanda_gk_all\consiglio_2026-08-08_110043.txt -> 5 giocatori
[olanda/DEF] formazione_olanda\output\olanda_def_all\consiglio_2026-08-08_110043.txt -> 14 giocatori
[olanda/MID] formazione_olanda\output\olanda_mid_all\consiglio_2026-08-08_110044.txt -> 12 giocatori
[olanda/FWD] formazione_olanda\output\olanda_fwd_all\consiglio_2026-08-08_110045.txt -> 8 giocatori
[olanda2/GK] NESSUN FILE TROVATO -> 0 giocatori
[olanda2/DEF] NESSUN FILE TROVATO -> 0 giocatori
[olanda2/MID] formazione_olanda2\output\olanda2_mid_all\consiglio_2026-08-08_110044.txt -> 0 giocatori
[olanda2/FWD] NESSUN FILE TROVATO -> 0 giocatori
[peru/GK] NESSUN FILE TROVATO -> 0 giocatori
[peru/DEF] NESSUN FILE TROVATO -> 0 giocatori
[peru/MID] formazione_peru\output\peru_mid_all\consiglio_2026-08-02_155139.txt -> 1 giocatori
[peru/FWD] NESSUN FILE TROVATO -> 0 giocatori
[polonia/GK] NESSUN FILE TROVATO -> 0 giocatori
[polonia/DEF] formazione_polonia\output\polonia_def_all\consiglio_2026-08-08_110043.txt -> 0 giocatori
[polonia/MID] formazione_polonia\output\polonia_mid_all\consiglio_2026-08-08_110044.txt -> 0 giocatori
[polonia/FWD] formazione_polonia\output\polonia_fwd_all\consiglio_2026-08-08_110045.txt -> 0 giocatori
[portogallo/GK] formazione_portogallo\output\portogallo_gk_all\consiglio_2026-08-08_110043.txt -> 1 giocatori
[portogallo/DEF] formazione_portogallo\output\portogallo_def_all\consiglio_2026-08-08_110043.txt -> 2 giocatori
[portogallo/MID] formazione_portogallo\output\portogallo_mid_all\consiglio_2026-08-08_110044.txt -> 3 giocatori
[portogallo/FWD] formazione_portogallo\output\portogallo_fwd_all\consiglio_2026-08-08_110045.txt -> 5 giocatori
[romania/GK] NESSUN FILE TROVATO -> 0 giocatori
[romania/DEF] NESSUN FILE TROVATO -> 0 giocatori
[romania/MID] NESSUN FILE TROVATO -> 0 giocatori
[romania/FWD] formazione_romania\output\romania_fwd_all\consiglio_2026-08-08_110045.txt -> 0 giocatori
[russia/GK] NESSUN FILE TROVATO -> 0 giocatori
[russia/DEF] formazione_russia\output\russia_def_all\consiglio_2026-08-08_110043.txt -> 0 giocatori
[russia/MID] formazione_russia\output\russia_mid_all\consiglio_2026-08-08_110044.txt -> 1 giocatori
[russia/FWD] formazione_russia\output\russia_fwd_all\consiglio_2026-08-08_110045.txt -> 0 giocatori
[scozia/GK] formazione_scozia\output\scozia_gk_all\consiglio_2026-08-08_110043.txt -> 0 giocatori
[scozia/DEF] formazione_scozia\output\scozia_def_all\consiglio_2026-08-08_110043.txt -> 6 giocatori
[scozia/MID] formazione_scozia\output\scozia_mid_all\consiglio_2026-08-08_110044.txt -> 4 giocatori
[scozia/FWD] formazione_scozia\output\scozia_fwd_all\consiglio_2026-08-08_110045.txt -> 3 giocatori
[senza_lega/GK] formazione_senza_lega\output\senza_lega_gk_all\consiglio_2026-08-08_110043.txt -> 0 giocatori
[senza_lega/DEF] formazione_senza_lega\output\senza_lega_def_all\consiglio_2026-08-08_110043.txt -> 0 giocatori
[senza_lega/MID] formazione_senza_lega\output\senza_lega_mid_all\consiglio_2026-08-08_110044.txt -> 0 giocatori
[senza_lega/FWD] formazione_senza_lega\output\senza_lega_fwd_all\consiglio_2026-08-08_110045.txt -> 0 giocatori
[serbia/GK] NESSUN FILE TROVATO -> 0 giocatori
[serbia/DEF] NESSUN FILE TROVATO -> 0 giocatori
[serbia/MID] formazione_serbia\output\serbia_mid_all\consiglio_2026-08-08_110044.txt -> 0 giocatori
[serbia/FWD] NESSUN FILE TROVATO -> 0 giocatori
[slovacchia/GK] NESSUN FILE TROVATO -> 0 giocatori
[slovacchia/DEF] formazione_slovacchia\output\slovacchia_def_all\consiglio_2026-08-08_110043.txt -> 0 giocatori
[slovacchia/MID] NESSUN FILE TROVATO -> 0 giocatori
[slovacchia/FWD] NESSUN FILE TROVATO -> 0 giocatori
[spagna/GK] formazione_spagna\output\spagna_gk_all\consiglio_2026-08-08_110043.txt -> 0 giocatori
[spagna/DEF] formazione_spagna\output\spagna_def_all\consiglio_2026-08-08_110044.txt -> 0 giocatori
[spagna/MID] formazione_spagna\output\spagna_mid_all\consiglio_2026-08-08_110044.txt -> 0 giocatori
[spagna/FWD] formazione_spagna\output\spagna_fwd_all\consiglio_2026-08-08_110045.txt -> 0 giocatori
[spagna2/GK] formazione_spagna2\output\spagna2_gk_all\consiglio_2026-08-08_110043.txt -> 0 giocatori
[spagna2/DEF] formazione_spagna2\output\spagna2_def_all\consiglio_2026-08-08_110044.txt -> 0 giocatori
[spagna2/MID] formazione_spagna2\output\spagna2_mid_all\consiglio_2026-08-08_110044.txt -> 0 giocatori
[spagna2/FWD] formazione_spagna2\output\spagna2_fwd_all\consiglio_2026-08-08_110045.txt -> 0 giocatori
[svezia/GK] NESSUN FILE TROVATO -> 0 giocatori
[svezia/DEF] NESSUN FILE TROVATO -> 0 giocatori
[svezia/MID] formazione_svezia\output\svezia_mid_all\consiglio_2026-08-08_110044.txt -> 0 giocatori
[svezia/FWD] NESSUN FILE TROVATO -> 0 giocatori
[svizzera/GK] formazione_svizzera\output\svizzera_gk_all\consiglio_2026-07-27_184103.txt -> 0 giocatori
[svizzera/DEF] formazione_svizzera\output\svizzera_def_all\consiglio_2026-08-08_110044.txt -> 1 giocatori
[svizzera/MID] formazione_svizzera\output\svizzera_mid_all\consiglio_2026-08-08_110044.txt -> 1 giocatori
[svizzera/FWD] formazione_svizzera\output\svizzera_fwd_all\consiglio_2026-08-08_110045.txt -> 0 giocatori
[turchia/GK] formazione_turchia\output\turchia_gk_all\consiglio_2026-08-08_110043.txt -> 0 giocatori
[turchia/DEF] formazione_turchia\output\turchia_def_all\consiglio_2026-08-08_110044.txt -> 0 giocatori
[turchia/MID] formazione_turchia\output\turchia_mid_all\consiglio_2026-08-08_110044.txt -> 0 giocatori
[turchia/FWD] formazione_turchia\output\turchia_fwd_all\consiglio_2026-08-08_110045.txt -> 0 giocatori
[ucraina/GK] NESSUN FILE TROVATO -> 0 giocatori
[ucraina/DEF] formazione_ucraina\output\ucraina_def_all\consiglio_2026-08-08_110044.txt -> 0 giocatori
[ucraina/MID] NESSUN FILE TROVATO -> 0 giocatori
[ucraina/FWD] NESSUN FILE TROVATO -> 0 giocatori
[venezuela/GK] NESSUN FILE TROVATO -> 0 giocatori
[venezuela/DEF] NESSUN FILE TROVATO -> 0 giocatori
[venezuela/MID] NESSUN FILE TROVATO -> 0 giocatori
[venezuela/FWD] formazione_venezuela\output\venezuela_fwd_all\consiglio_2026-08-08_110045.txt -> 0 giocatori
Formazione Arena All Stars (cap 260) #1: generata (277.3 pt)
Formazione Arena All Stars (cap 220) #1: generata (251.9 pt)
Formazione Arena All Stars (uncapped) #1: generata (286.4 pt)
Formazione Arena All Stars (cap 260) #1: generata (277.3 pt)
  arena efficiente #1: Arena All Stars (cap 260) -- atteso 289.1, resa 234 essenze
Formazione Arena All Stars (cap 260) #1: generata (274.3 pt)
Formazione Arena All Stars (cap 220) #1: generata (251.8 pt)
Formazione Arena All Stars (uncapped) #1: generata (286.3 pt)
Formazione Arena All Stars (cap 260) #1: generata (274.3 pt)
  arena efficiente #2: Arena All Stars (cap 260) -- atteso 286.1, resa 210 essenze
Formazione Arena All Stars (cap 260) #1: generata (268.8 pt)
Formazione Arena All Stars (cap 220) #1: generata (249.5 pt)
Formazione Arena All Stars (uncapped) #1: generata (285.3 pt)
Formazione Arena All Stars (cap 260) #1: generata (268.8 pt)
  arena efficiente #3: Arena All Stars (cap 260) -- atteso 280.7, resa 167 essenze
Formazione Arena All Stars (cap 260) #1: generata (268.2 pt)
Formazione Arena All Stars (cap 220) #1: generata (248.5 pt)
Formazione Arena All Stars (uncapped) #1: generata (284.2 pt)
Formazione Arena All Stars (cap 260) #1: generata (268.2 pt)
  arena efficiente #4: Arena All Stars (cap 260) -- atteso 279.7, resa 159 essenze
Formazione Arena All Stars (cap 260) #1: generata (267.4 pt)
Formazione Arena All Stars (cap 220) #1: generata (247.6 pt)
Formazione Arena All Stars (uncapped) #1: generata (284.2 pt)
Formazione Arena All Stars (cap 260) #1: generata (267.4 pt)
  arena efficiente #5: Arena All Stars (cap 260) -- atteso 279.0, resa 154 essenze
Formazione Arena All Stars (cap 260) #1: generata (266.0 pt)
Formazione Arena All Stars (cap 220) #1: generata (247.6 pt)
Formazione Arena All Stars (uncapped) #1: generata (282.1 pt)
Formazione Arena All Stars (cap 260) #1: generata (266.0 pt)
  arena efficiente #6: Arena All Stars (cap 260) -- atteso 277.7, resa 143 essenze
Formazione Arena All Stars (cap 260) #1: generata (265.3 pt)
Formazione Arena All Stars (cap 220) #1: generata (247.1 pt)
Formazione Arena All Stars (uncapped) #1: generata (281.3 pt)
Formazione Arena All Stars (cap 260) #1: generata (265.3 pt)
  arena efficiente #7: Arena All Stars (cap 260) -- atteso 276.8, resa 136 essenze
Formazione Arena All Stars (cap 260) #1: generata (263.9 pt)
Formazione Arena All Stars (cap 220) #1: generata (245.4 pt)
Formazione Arena All Stars (uncapped) #1: generata (277.4 pt)
Formazione Arena All Stars (cap 260) #1: generata (263.9 pt)
  arena efficiente #8: Arena All Stars (cap 260) -- atteso 275.1, resa 123 essenze
Formazione Arena All Stars (cap 260) #1: generata (262.4 pt)
Formazione Arena All Stars (cap 220) #1: generata (244.7 pt)
Formazione Arena All Stars (uncapped) #1: generata (275.9 pt)
Formazione Arena All Stars (cap 260) #1: generata (262.4 pt)
  arena efficiente #9: Arena All Stars (cap 260) -- atteso 273.3, resa 109 essenze
Formazione Arena All Stars (cap 260) #1: generata (261.3 pt)
Formazione Arena All Stars (cap 220) #1: generata (244.7 pt)
Formazione Arena All Stars (uncapped) #1: generata (275.8 pt)
Formazione Arena All Stars (cap 260) #1: generata (261.3 pt)
  arena efficiente #10: Arena All Stars (cap 260) -- atteso 273.0, resa 107 essenze
Formazione Arena All Stars (cap 260) #1: generata (260.4 pt)
Formazione Arena All Stars (cap 220) #1: generata (243.6 pt)
Formazione Arena All Stars (uncapped) #1: generata (272.7 pt)
Formazione Arena All Stars (cap 260) #1: generata (260.4 pt)
  arena efficiente #11: Arena All Stars (cap 260) -- atteso 271.1, resa 92 essenze
Formazione Arena All Stars (cap 260) #1: generata (258.9 pt)
Formazione Arena All Stars (cap 220) #1: generata (242.6 pt)
Formazione Arena All Stars (uncapped) #1: generata (270.4 pt)
Formazione Arena All Stars (cap 260) #1: generata (258.9 pt)
  arena efficiente #12: Arena All Stars (cap 260) -- atteso 270.0, resa 83 essenze
Formazione Arena All Stars (cap 260) #1: generata (259.0 pt)
Formazione Arena All Stars (cap 220) #1: generata (242.4 pt)
Formazione Arena All Stars (uncapped) #1: generata (269.7 pt)
Formazione Arena All Stars (cap 260) #1: generata (259.0 pt)
  arena efficiente #13: Arena All Stars (cap 260) -- atteso 270.0, resa 83 essenze
Formazione Arena All Stars (cap 260) #1: generata (256.3 pt)
Formazione Arena All Stars (cap 220) #1: generata (240.6 pt)
Formazione Arena All Stars (uncapped) #1: generata (269.0 pt)
Formazione Arena All Stars (cap 260) #1: generata (256.3 pt)
  arena efficiente #14: Arena All Stars (cap 260) -- atteso 267.3, resa 61 essenze
Formazione Arena All Stars (cap 260) #1: generata (255.1 pt)
Formazione Arena All Stars (cap 220) #1: generata (239.6 pt)
Formazione Arena All Stars (uncapped) #1: generata (266.0 pt)
Formazione Arena All Stars (cap 260) #1: generata (255.1 pt)
  arena efficiente #15: Arena All Stars (cap 260) -- atteso 265.8, resa 50 essenze
Formazione Arena All Stars (cap 260) #1: generata (254.4 pt)
Formazione Arena All Stars (cap 220) #1: generata (238.4 pt)
Formazione Arena All Stars (uncapped) #1: generata (265.7 pt)
Formazione Arena All Stars (cap 260) #1: generata (254.4 pt)
  arena efficiente #16: Arena All Stars (cap 260) -- atteso 264.8, resa 42 essenze
Formazione Arena All Stars (cap 260) #1: generata (254.9 pt)
Formazione Arena All Stars (cap 220) #1: generata (237.5 pt)
Formazione Arena All Stars (uncapped) #1: generata (264.9 pt)
Formazione Arena All Stars (cap 260) #1: generata (254.9 pt)
  arena efficiente #17: Arena All Stars (cap 260) -- atteso 266.2, resa 53 essenze
Formazione Arena All Stars (cap 260) #1: generata (254.5 pt)
Formazione Arena All Stars (cap 220) #1: generata (237.4 pt)
Formazione Arena All Stars (uncapped) #1: generata (261.4 pt)
Formazione Arena All Stars (cap 260) #1: generata (254.5 pt)
  arena efficiente #18: Arena All Stars (cap 260) -- atteso 265.0, resa 43 essenze
Formazione Arena All Stars (cap 260) #1: generata (253.6 pt)
Formazione Arena All Stars (cap 220) #1: generata (236.3 pt)
Formazione Arena All Stars (uncapped) #1: generata (261.4 pt)
Formazione Arena All Stars (cap 260) #1: generata (253.6 pt)
  arena efficiente #19: Arena All Stars (cap 260) -- atteso 264.4, resa 39 essenze
Formazione Arena All Stars (cap 260) #1: generata (252.0 pt)
Formazione Arena All Stars (cap 220) #1: generata (236.3 pt)
Formazione Arena All Stars (uncapped) #1: generata (260.1 pt)
Formazione Arena All Stars (cap 260) #1: generata (252.0 pt)
  arena efficiente #20: Arena All Stars (cap 260) -- atteso 262.7, resa 25 essenze
Formazione Arena All Stars (cap 260) #1: generata (251.3 pt)
Formazione Arena All Stars (cap 220) #1: generata (236.1 pt)
Formazione Arena All Stars (uncapped) #1: generata (258.6 pt)
Formazione Arena All Stars (cap 260) #1: generata (251.3 pt)
  arena efficiente #21: Arena All Stars (cap 260) -- atteso 261.9, resa 19 essenze
Formazione Arena All Stars (cap 260) #1: generata (250.2 pt)
Formazione Arena All Stars (cap 220) #1: generata (236.1 pt)
Formazione Arena All Stars (uncapped) #1: generata (257.8 pt)
Formazione Arena All Stars (cap 220) #1: generata (236.1 pt)
  arena efficiente #22: Arena All Stars (cap 220) -- atteso 246.0, resa 13 essenze
Formazione Arena All Stars (cap 260) #1: generata (249.9 pt)
Formazione Arena All Stars (cap 220) #1: generata (234.2 pt)
Formazione Arena All Stars (uncapped) #1: generata (257.8 pt)
Formazione Arena All Stars (cap 260) #1: generata (249.9 pt)
  arena efficiente #23: Arena All Stars (cap 260) -- atteso 260.6, resa 8 essenze
Formazione Arena All Stars (cap 260) #1: generata (249.2 pt)
Formazione Arena All Stars (cap 220) #1: generata (233.9 pt)
Formazione Arena All Stars (uncapped) #1: generata (257.2 pt)
n arene: 23  mix: {'ARENA_ALLSTARS_260': 22, 'ARENA_ALLSTARS_220': 1}
