Skip to content
andreasalvatore93-oss
Sorare-tracker-2
Repository navigation
Code
Issues
Pull requests
Agents
Actions
Projects
Wiki
Security and quality
Insights
Settings
Formazione giornata
Formazione giornata #119
All jobs
Run details
Annotations
1 error and 1 warning
discovery 15 mid7h1 gk3h0
failed 2 hours ago in 6m 9s
Search logs
1s
13s
2s
3s
5m 47s
Run set -u
Shard di questo gruppo:
mid,7:9,1:2
gk,3:5,0:2
=== discovery ruoli=mid shard=7:9 heavy=1:2
[2026-08-04T13:02:47.609437Z] [turchia_gk_discovery] [ERRORE HTTP 403] tentativo 1/5, body (primi 1500 char): <!DOCTYPE HTML PUBLIC "-//W3C//DTD HTML 4.01 Transitional//EN" "http://www.w3.org/TR/html4/loose.dtd">
<HTML><HEAD><META HTTP-EQUIV="Content-Type" CONTENT="text/html; charset=iso-8859-1">
<TITLE>ERROR: The request could not be satisfied</TITLE>
</HEAD><BODY>
<H1>403 ERROR</H1>
<H2>The request could not be satisfied.</H2>
<HR noshade size="1px">
Request blocked.
We can't connect to the server for this app or website at this time. There might be too much traffic or a configuration error. Try again later, or contact the app or website owner.
<BR clear="all">
If you provide content to customers through CloudFront, you can find steps to troubleshoot and help prevent this error by reviewing the CloudFront documentation.
<BR clear="all">
<HR noshade size="1px">
<PRE>
Generated by cloudfront (CloudFront)
Request ID: q8ysVSGUjaTWVr8khoNPYhHV4mZAdNCCLjjq6Lb7Mvp_CnadO2UtOg==
</PRE>
<ADDRESS>
</ADDRESS>
</BODY></HTML>
[2026-08-04T13:02:48.618228Z] [turchia_gk_discovery] [ERRORE HTTP 403] tentativo 2/5, body (primi 1500 char): <!DOCTYPE HTML PUBLIC "-//W3C//DTD HTML 4.01 Transitional//EN" "http://www.w3.org/TR/html4/loose.dtd">
<HTML><HEAD><META HTTP-EQUIV="Content-Type" CONTENT="text/html; charset=iso-8859-1">
<TITLE>ERROR: The request could not be satisfied</TITLE>
</HEAD><BODY>
<H1>403 ERROR</H1>
<H2>The request could not be satisfied.</H2>
<HR noshade size="1px">
Request blocked.
We can't connect to the server for this app or website at this time. There might be too much traffic or a configuration error. Try again later, or contact the app or website owner.
<BR clear="all">
If you provide content to customers through CloudFront, you can find steps to troubleshoot and help prevent this error by reviewing the CloudFront documentation.
<BR clear="all">
<HR noshade size="1px">
<PRE>
Generated by cloudfront (CloudFront)
Request ID: Ut2tmofPfSZvMNrkdzz8-9WV5RG-xXAuhmdt0p_W3eDtGa2DMNG80A==
</PRE>
<ADDRESS>
</ADDRESS>
</BODY></HTML>
[2026-08-04T13:02:50.626428Z] [turchia_gk_discovery] [ERRORE HTTP 403] tentativo 3/5, body (primi 1500 char): <!DOCTYPE HTML PUBLIC "-//W3C//DTD HTML 4.01 Transitional//EN" "http://www.w3.org/TR/html4/loose.dtd">
<HTML><HEAD><META HTTP-EQUIV="Content-Type" CONTENT="text/html; charset=iso-8859-1">
<TITLE>ERROR: The request could not be satisfied</TITLE>
</HEAD><BODY>
<H1>403 ERROR</H1>
<H2>The request could not be satisfied.</H2>
<HR noshade size="1px">
Request blocked.
We can't connect to the server for this app or website at this time. There might be too much traffic or a configuration error. Try again later, or contact the app or website owner.
<BR clear="all">
If you provide content to customers through CloudFront, you can find steps to troubleshoot and help prevent this error by reviewing the CloudFront documentation.
<BR clear="all">
<HR noshade size="1px">
<PRE>
Generated by cloudfront (CloudFront)
Request ID: -JvbE7FRxFDWFY5Uf187CfyL-hdjMYriBGE4hjwcHx0S5tiqEPU6gA==
</PRE>
<ADDRESS>
</ADDRESS>
</BODY></HTML>
[2026-08-04T13:02:54.634494Z] [turchia_gk_discovery] [ERRORE HTTP 403] tentativo 4/5, body (primi 1500 char): <!DOCTYPE HTML PUBLIC "-//W3C//DTD HTML 4.01 Transitional//EN" "http://www.w3.org/TR/html4/loose.dtd">
<HTML><HEAD><META HTTP-EQUIV="Content-Type" CONTENT="text/html; charset=iso-8859-1">
<TITLE>ERROR: The request could not be satisfied</TITLE>
</HEAD><BODY>
<H1>403 ERROR</H1>
<H2>The request could not be satisfied.</H2>
<HR noshade size="1px">
Request blocked.
We can't connect to the server for this app or website at this time. There might be too much traffic or a configuration error. Try again later, or contact the app or website owner.
<BR clear="all">
If you provide content to customers through CloudFront, you can find steps to troubleshoot and help prevent this error by reviewing the CloudFront documentation.
<BR clear="all">
<HR noshade size="1px">
<PRE>
Generated by cloudfront (CloudFront)
Request ID: GdSBXOtPtKxcSgqODNBEMR82ID-V4q9-POXH5Kc6Ip4GKv9oqqsDDQ==
</PRE>
<ADDRESS>
</ADDRESS>
</BODY></HTML>
[2026-08-04T13:03:02.642600Z] [turchia_gk_discovery] [ERRORE HTTP 403] tentativo 5/5, body (primi 1500 char): <!DOCTYPE HTML PUBLIC "-//W3C//DTD HTML 4.01 Transitional//EN" "http://www.w3.org/TR/html4/loose.dtd">
<HTML><HEAD><META HTTP-EQUIV="Content-Type" CONTENT="text/html; charset=iso-8859-1">
<TITLE>ERROR: The request could not be satisfied</TITLE>
</HEAD><BODY>
<H1>403 ERROR</H1>
<H2>The request could not be satisfied.</H2>
<HR noshade size="1px">
Request blocked.
We can't connect to the server for this app or website at this time. There might be too much traffic or a configuration error. Try again later, or contact the app or website owner.
<BR clear="all">
If you provide content to customers through CloudFront, you can find steps to troubleshoot and help prevent this error by reviewing the CloudFront documentation.
<BR clear="all">
<HR noshade size="1px">
<PRE>
Generated by cloudfront (CloudFront)
Request ID: YYgDaAT0UUMuRLg0SP7dMQvHP_9ZFC8IPIM9a4GnMdTZrZi7hlduCQ==
</PRE>
<ADDRESS>
</ADDRESS>
</BODY></HTML>
[discovery_fixture] ATTENZIONE: FixtureList senza risultato utilizzabile (tentativo 1/6), riprovo tra 6.1s...
[2026-08-04T13:03:08.779553Z] [turchia_gk_discovery] [ERRORE HTTP 403] tentativo 1/5, body (primi 1500 char): <!DOCTYPE HTML PUBLIC "-//W3C//DTD HTML 4.01 Transitional//EN" "http://www.w3.org/TR/html4/loose.dtd">
<HTML><HEAD><META HTTP-EQUIV="Content-Type" CONTENT="text/html; charset=iso-8859-1">
<TITLE>ERROR: The request could not be satisfied</TITLE>
</HEAD><BODY>
<H1>403 ERROR</H1>
<H2>The request could not be satisfied.</H2>
<HR noshade size="1px">
Request blocked.
We can't connect to the server for this app or website at this time. There might be too much traffic or a configuration error. Try again later, or contact the app or website owner.
<BR clear="all">
If you provide content to customers through CloudFront, you can find steps to troubleshoot and help prevent this error by reviewing the CloudFront documentation.
<BR clear="all">
<HR noshade size="1px">
<PRE>
Generated by cloudfront (CloudFront)
Request ID: iDYG05wRotssq2RAxCikHnmsK87FYk6Pkc5lreYvOcKh-_8BV_SOjQ==
</PRE>
<ADDRESS>
</ADDRESS>
</BODY></HTML>
[2026-08-04T13:03:09.788519Z] [turchia_gk_discovery] [ERRORE HTTP 403] tentativo 2/5, body (primi 1500 char): <!DOCTYPE HTML PUBLIC "-//W3C//DTD HTML 4.01 Transitional//EN" "http://www.w3.org/TR/html4/loose.dtd">
<HTML><HEAD><META HTTP-EQUIV="Content-Type" CONTENT="text/html; charset=iso-8859-1">
<TITLE>ERROR: The request could not be satisfied</TITLE>
</HEAD><BODY>
<H1>403 ERROR</H1>
<H2>The request could not be satisfied.</H2>
<HR noshade size="1px">
Request blocked.
We can't connect to the server for this app or website at this time. There might be too much traffic or a configuration error. Try again later, or contact the app or website owner.
<BR clear="all">
If you provide content to customers through CloudFront, you can find steps to troubleshoot and help prevent this error by reviewing the CloudFront documentation.
<BR clear="all">
<HR noshade size="1px">
<PRE>
Generated by cloudfront (CloudFront)
Request ID: 8wCJKRZ0kA0OVHxktm1PkCR31fO3xp-NG-mznsatCDThplhO5KmgiA==
</PRE>
<ADDRESS>
</ADDRESS>
</BODY></HTML>
[2026-08-04T13:03:11.797695Z] [turchia_gk_discovery] [ERRORE HTTP 403] tentativo 3/5, body (primi 1500 char): <!DOCTYPE HTML PUBLIC "-//W3C//DTD HTML 4.01 Transitional//EN" "http://www.w3.org/TR/html4/loose.dtd">
<HTML><HEAD><META HTTP-EQUIV="Content-Type" CONTENT="text/html; charset=iso-8859-1">
<TITLE>ERROR: The request could not be satisfied</TITLE>
</HEAD><BODY>
<H1>403 ERROR</H1>
<H2>The request could not be satisfied.</H2>
<HR noshade size="1px">
Request blocked.
We can't connect to the server for this app or website at this time. There might be too much traffic or a configuration error. Try again later, or contact the app or website owner.
<BR clear="all">
If you provide content to customers through CloudFront, you can find steps to troubleshoot and help prevent this error by reviewing the CloudFront documentation.
<BR clear="all">
<HR noshade size="1px">
<PRE>
Generated by cloudfront (CloudFront)
Request ID: 7CMgXbmEUErC6AIy7683Da1RSz0vEHc9GD4cxk9VL5dHg2IQFWNqUQ==
</PRE>
<ADDRESS>
</ADDRESS>
</BODY></HTML>
[2026-08-04T13:03:15.805504Z] [turchia_gk_discovery] [ERRORE HTTP 403] tentativo 4/5, body (primi 1500 char): <!DOCTYPE HTML PUBLIC "-//W3C//DTD HTML 4.01 Transitional//EN" "http://www.w3.org/TR/html4/loose.dtd">
<HTML><HEAD><META HTTP-EQUIV="Content-Type" CONTENT="text/html; charset=iso-8859-1">
<TITLE>ERROR: The request could not be satisfied</TITLE>
</HEAD><BODY>
<H1>403 ERROR</H1>
<H2>The request could not be satisfied.</H2>
<HR noshade size="1px">
Request blocked.
We can't connect to the server for this app or website at this time. There might be too much traffic or a configuration error. Try again later, or contact the app or website owner.
<BR clear="all">
If you provide content to customers through CloudFront, you can find steps to troubleshoot and help prevent this error by reviewing the CloudFront documentation.
<BR clear="all">
<HR noshade size="1px">
<PRE>
Generated by cloudfront (CloudFront)
Request ID: 96ME70ej0T-iDm7G-6BFEqmw6yHLNQ8NlfpsxNfvTw6KZmslNoFinQ==
</PRE>
<ADDRESS>
</ADDRESS>
</BODY></HTML>
[2026-08-04T13:03:23.813354Z] [turchia_gk_discovery] [ERRORE HTTP 403] tentativo 5/5, body (primi 1500 char): <!DOCTYPE HTML PUBLIC "-//W3C//DTD HTML 4.01 Transitional//EN" "http://www.w3.org/TR/html4/loose.dtd">
<HTML><HEAD><META HTTP-EQUIV="Content-Type" CONTENT="text/html; charset=iso-8859-1">
<TITLE>ERROR: The request could not be satisfied</TITLE>
</HEAD><BODY>
<H1>403 ERROR</H1>
<H2>The request could not be satisfied.</H2>
<HR noshade size="1px">
Request blocked.
We can't connect to the server for this app or website at this time. There might be too much traffic or a configuration error. Try again later, or contact the app or website owner.
<BR clear="all">
If you provide content to customers through CloudFront, you can find steps to troubleshoot and help prevent this error by reviewing the CloudFront documentation.
<BR clear="all">
<HR noshade size="1px">
<PRE>
Generated by cloudfront (CloudFront)
Request ID: KDUjVPOAEAa8Gb5D7VQhrY35AJ86rASmbhoaN8Gfi7IPqciQ2m2KxA==
</PRE>
<ADDRESS>
</ADDRESS>
</BODY></HTML>
[discovery_fixture] ATTENZIONE: FixtureList senza risultato utilizzabile (tentativo 2/6), riprovo tra 12.1s...
[2026-08-04T13:03:35.923264Z] [turchia_gk_discovery] [ERRORE HTTP 403] tentativo 1/5, body (primi 1500 char): <!DOCTYPE HTML PUBLIC "-//W3C//DTD HTML 4.01 Transitional//EN" "http://www.w3.org/TR/html4/loose.dtd">
<HTML><HEAD><META HTTP-EQUIV="Content-Type" CONTENT="text/html; charset=iso-8859-1">
<TITLE>ERROR: The request could not be satisfied</TITLE>
</HEAD><BODY>
<H1>403 ERROR</H1>
<H2>The request could not be satisfied.</H2>
<HR noshade size="1px">
Request blocked.
We can't connect to the server for this app or website at this time. There might be too much traffic or a configuration error. Try again later, or contact the app or website owner.
<BR clear="all">
If you provide content to customers through CloudFront, you can find steps to troubleshoot and help prevent this error by reviewing the CloudFront documentation.
<BR clear="all">
<HR noshade size="1px">
<PRE>
Generated by cloudfront (CloudFront)
Request ID: yIO45E8-Q_PvnexnBXleIAo-kAR3leVcrFEEzOYFidUg781YQVe03w==
</PRE>
<ADDRESS>
</ADDRESS>
</BODY></HTML>
[2026-08-04T13:03:36.931715Z] [turchia_gk_discovery] [ERRORE HTTP 403] tentativo 2/5, body (primi 1500 char): <!DOCTYPE HTML PUBLIC "-//W3C//DTD HTML 4.01 Transitional//EN" "http://www.w3.org/TR/html4/loose.dtd">
<HTML><HEAD><META HTTP-EQUIV="Content-Type" CONTENT="text/html; charset=iso-8859-1">
<TITLE>ERROR: The request could not be satisfied</TITLE>
</HEAD><BODY>
<H1>403 ERROR</H1>
<H2>The request could not be satisfied.</H2>
<HR noshade size="1px">
Request blocked.
We can't connect to the server for this app or website at this time. There might be too much traffic or a configuration error. Try again later, or contact the app or website owner.
<BR clear="all">
If you provide content to customers through CloudFront, you can find steps to troubleshoot and help prevent this error by reviewing the CloudFront documentation.
<BR clear="all">
<HR noshade size="1px">
<PRE>
Generated by cloudfront (CloudFront)
Request ID: 85Tc-LGS875sSGoma7MTtBz1slzwppMTknEE0IkV5E0QUP6lyf6QMg==
</PRE>
<ADDRESS>
</ADDRESS>
</BODY></HTML>
[2026-08-04T13:03:38.939621Z] [turchia_gk_discovery] [ERRORE HTTP 403] tentativo 3/5, body (primi 1500 char): <!DOCTYPE HTML PUBLIC "-//W3C//DTD HTML 4.01 Transitional//EN" "http://www.w3.org/TR/html4/loose.dtd">
<HTML><HEAD><META HTTP-EQUIV="Content-Type" CONTENT="text/html; charset=iso-8859-1">
<TITLE>ERROR: The request could not be satisfied</TITLE>
</HEAD><BODY>
<H1>403 ERROR</H1>
<H2>The request could not be satisfied.</H2>
<HR noshade size="1px">
Request blocked.
We can't connect to the server for this app or website at this time. There might be too much traffic or a configuration error. Try again later, or contact the app or website owner.
<BR clear="all">
If you provide content to customers through CloudFront, you can find steps to troubleshoot and help prevent this error by reviewing the CloudFront documentation.
<BR clear="all">
<HR noshade size="1px">
<PRE>
Generated by cloudfront (CloudFront)
Request ID: cyRAV1y80sKc0CljB8EiQcPq8lxeLTyyg4P9Uugf17BWll336TOVRw==
</PRE>
<ADDRESS>
</ADDRESS>
</BODY></HTML>
[2026-08-04T13:03:42.947717Z] [turchia_gk_discovery] [ERRORE HTTP 403] tentativo 4/5, body (primi 1500 char): <!DOCTYPE HTML PUBLIC "-//W3C//DTD HTML 4.01 Transitional//EN" "http://www.w3.org/TR/html4/loose.dtd">
<HTML><HEAD><META HTTP-EQUIV="Content-Type" CONTENT="text/html; charset=iso-8859-1">
<TITLE>ERROR: The request could not be satisfied</TITLE>
</HEAD><BODY>
<H1>403 ERROR</H1>
<H2>The request could not be satisfied.</H2>
<HR noshade size="1px">
Request blocked.
We can't connect to the server for this app or website at this time. There might be too much traffic or a configuration error. Try again later, or contact the app or website owner.
<BR clear="all">
If you provide content to customers through CloudFront, you can find steps to troubleshoot and help prevent this error by reviewing the CloudFront documentation.
<BR clear="all">
<HR noshade size="1px">
<PRE>
Generated by cloudfront (CloudFront)
Request ID: wkE_YKffAI5E-nZYsMmVQ1d8pFSU-H9jI7VnDzwmM93h2UolKnA17A==
</PRE>
<ADDRESS>
</ADDRESS>
</BODY></HTML>
[2026-08-04T13:03:50.958123Z] [turchia_gk_discovery] [ERRORE HTTP 403] tentativo 5/5, body (primi 1500 char): <!DOCTYPE HTML PUBLIC "-//W3C//DTD HTML 4.01 Transitional//EN" "http://www.w3.org/TR/html4/loose.dtd">
<HTML><HEAD><META HTTP-EQUIV="Content-Type" CONTENT="text/html; charset=iso-8859-1">
<TITLE>ERROR: The request could not be satisfied</TITLE>
</HEAD><BODY>
<H1>403 ERROR</H1>
<H2>The request could not be satisfied.</H2>
<HR noshade size="1px">
Request blocked.
We can't connect to the server for this app or website at this time. There might be too much traffic or a configuration error. Try again later, or contact the app or website owner.
<BR clear="all">
If you provide content to customers through CloudFront, you can find steps to troubleshoot and help prevent this error by reviewing the CloudFront documentation.
<BR clear="all">
<HR noshade size="1px">
<PRE>
Generated by cloudfront (CloudFront)
Request ID: OTzsMolj4ftgOiVkc9mQQZQ3sl_qhol7Mq-y_PQKW1l3AWullzbghQ==
</PRE>
<ADDRESS>
</ADDRESS>
</BODY></HTML>
[discovery_fixture] ATTENZIONE: FixtureList senza risultato utilizzabile (tentativo 3/6), riprovo tra 16.9s...
[2026-08-04T13:04:07.832515Z] [turchia_gk_discovery] [ERRORE HTTP 403] tentativo 1/5, body (primi 1500 char): <!DOCTYPE HTML PUBLIC "-//W3C//DTD HTML 4.01 Transitional//EN" "http://www.w3.org/TR/html4/loose.dtd">
<HTML><HEAD><META HTTP-EQUIV="Content-Type" CONTENT="text/html; charset=iso-8859-1">
<TITLE>ERROR: The request could not be satisfied</TITLE>
</HEAD><BODY>
<H1>403 ERROR</H1>
<H2>The request could not be satisfied.</H2>
<HR noshade size="1px">
Request blocked.
We can't connect to the server for this app or website at this time. There might be too much traffic or a configuration error. Try again later, or contact the app or website owner.
<BR clear="all">
If you provide content to customers through CloudFront, you can find steps to troubleshoot and help prevent this error by reviewing the CloudFront documentation.
<BR clear="all">
<HR noshade size="1px">
<PRE>
Generated by cloudfront (CloudFront)
Request ID: BVj483Tx_EIne5eozRSLtw4pfSyu1hPN_eCqSsF21_H5LINaP1t-Xg==
</PRE>
<ADDRESS>
</ADDRESS>
</BODY></HTML>
[2026-08-04T13:04:08.841227Z] [turchia_gk_discovery] [ERRORE HTTP 403] tentativo 2/5, body (primi 1500 char): <!DOCTYPE HTML PUBLIC "-//W3C//DTD HTML 4.01 Transitional//EN" "http://www.w3.org/TR/html4/loose.dtd">
<HTML><HEAD><META HTTP-EQUIV="Content-Type" CONTENT="text/html; charset=iso-8859-1">
<TITLE>ERROR: The request could not be satisfied</TITLE>
</HEAD><BODY>
<H1>403 ERROR</H1>
<H2>The request could not be satisfied.</H2>
<HR noshade size="1px">
Request blocked.
We can't connect to the server for this app or website at this time. There might be too much traffic or a configuration error. Try again later, or contact the app or website owner.
<BR clear="all">
If you provide content to customers through CloudFront, you can find steps to troubleshoot and help prevent this error by reviewing the CloudFront documentation.
<BR clear="all">
<HR noshade size="1px">
<PRE>
Generated by cloudfront (CloudFront)
Request ID: x3f1pCEpk3-_OWYKRyHQw-ggbzRtGzy7gsYYkhiK5ZZ9BZCsJJybxA==
</PRE>
<ADDRESS>
</ADDRESS>
</BODY></HTML>
[2026-08-04T13:04:10.850493Z] [turchia_gk_discovery] [ERRORE HTTP 403] tentativo 3/5, body (primi 1500 char): <!DOCTYPE HTML PUBLIC "-//W3C//DTD HTML 4.01 Transitional//EN" "http://www.w3.org/TR/html4/loose.dtd">
<HTML><HEAD><META HTTP-EQUIV="Content-Type" CONTENT="text/html; charset=iso-8859-1">
<TITLE>ERROR: The request could not be satisfied</TITLE>
</HEAD><BODY>
<H1>403 ERROR</H1>
<H2>The request could not be satisfied.</H2>
<HR noshade size="1px">
Request blocked.
We can't connect to the server for this app or website at this time. There might be too much traffic or a configuration error. Try again later, or contact the app or website owner.
<BR clear="all">
If you provide content to customers through CloudFront, you can find steps to troubleshoot and help prevent this error by reviewing the CloudFront documentation.
<BR clear="all">
<HR noshade size="1px">
<PRE>
Generated by cloudfront (CloudFront)
Request ID: rShWpPwsZQkZoTJsbv_9dv5RSszjAYvw5iBdxWsNcrNWM4_k6d3s5w==
</PRE>
<ADDRESS>
</ADDRESS>
</BODY></HTML>
[2026-08-04T13:04:14.858679Z] [turchia_gk_discovery] [ERRORE HTTP 403] tentativo 4/5, body (primi 1500 char): <!DOCTYPE HTML PUBLIC "-//W3C//DTD HTML 4.01 Transitional//EN" "http://www.w3.org/TR/html4/loose.dtd">
<HTML><HEAD><META HTTP-EQUIV="Content-Type" CONTENT="text/html; charset=iso-8859-1">
<TITLE>ERROR: The request could not be satisfied</TITLE>
</HEAD><BODY>
<H1>403 ERROR</H1>
<H2>The request could not be satisfied.</H2>
<HR noshade size="1px">
Request blocked.
We can't connect to the server for this app or website at this time. There might be too much traffic or a configuration error. Try again later, or contact the app or website owner.
<BR clear="all">
If you provide content to customers through CloudFront, you can find steps to troubleshoot and help prevent this error by reviewing the CloudFront documentation.
<BR clear="all">
<HR noshade size="1px">
<PRE>
Generated by cloudfront (CloudFront)
Request ID: SxRdJ01KY9Pkcjwq92BSrfTbqVFMmHgtgAnkVS4011pHSKZM6tgE9A==
</PRE>
<ADDRESS>
</ADDRESS>
</BODY></HTML>
[2026-08-04T13:04:22.867862Z] [turchia_gk_discovery] [ERRORE HTTP 403] tentativo 5/5, body (primi 1500 char): <!DOCTYPE HTML PUBLIC "-//W3C//DTD HTML 4.01 Transitional//EN" "http://www.w3.org/TR/html4/loose.dtd">
<HTML><HEAD><META HTTP-EQUIV="Content-Type" CONTENT="text/html; charset=iso-8859-1">
<TITLE>ERROR: The request could not be satisfied</TITLE>
</HEAD><BODY>
<H1>403 ERROR</H1>
<H2>The request could not be satisfied.</H2>
<HR noshade size="1px">
Request blocked.
We can't connect to the server for this app or website at this time. There might be too much traffic or a configuration error. Try again later, or contact the app or website owner.
<BR clear="all">
If you provide content to customers through CloudFront, you can find steps to troubleshoot and help prevent this error by reviewing the CloudFront documentation.
<BR clear="all">
<HR noshade size="1px">
<PRE>
Generated by cloudfront (CloudFront)
Request ID: oDZXLArxGSUW-MkAKgTnMTj5t-AC_q-3RWwUXPelXR45XDuKsyQrMA==
</PRE>
<ADDRESS>
</ADDRESS>
</BODY></HTML>
[discovery_fixture] ATTENZIONE: FixtureList senza risultato utilizzabile (tentativo 4/6), riprovo tra 20.9s...
[2026-08-04T13:04:43.740420Z] [turchia_gk_discovery] [ERRORE HTTP 403] tentativo 1/5, body (primi 1500 char): <!DOCTYPE HTML PUBLIC "-//W3C//DTD HTML 4.01 Transitional//EN" "http://www.w3.org/TR/html4/loose.dtd">
<HTML><HEAD><META HTTP-EQUIV="Content-Type" CONTENT="text/html; charset=iso-8859-1">
<TITLE>ERROR: The request could not be satisfied</TITLE>
</HEAD><BODY>
<H1>403 ERROR</H1>
<H2>The request could not be satisfied.</H2>
<HR noshade size="1px">
Request blocked.
We can't connect to the server for this app or website at this time. There might be too much traffic or a configuration error. Try again later, or contact the app or website owner.
<BR clear="all">
If you provide content to customers through CloudFront, you can find steps to troubleshoot and help prevent this error by reviewing the CloudFront documentation.
<BR clear="all">
<HR noshade size="1px">
<PRE>
Generated by cloudfront (CloudFront)
Request ID: pav4KAHHK3WqIGqkqJIIVP5TpFLw2T9a-rxtnuLcik8XCeqlZRfMsg==
</PRE>
<ADDRESS>
</ADDRESS>
</BODY></HTML>
[2026-08-04T13:04:44.748777Z] [turchia_gk_discovery] [ERRORE HTTP 403] tentativo 2/5, body (primi 1500 char): <!DOCTYPE HTML PUBLIC "-//W3C//DTD HTML 4.01 Transitional//EN" "http://www.w3.org/TR/html4/loose.dtd">
<HTML><HEAD><META HTTP-EQUIV="Content-Type" CONTENT="text/html; charset=iso-8859-1">
<TITLE>ERROR: The request could not be satisfied</TITLE>
</HEAD><BODY>
<H1>403 ERROR</H1>
<H2>The request could not be satisfied.</H2>
<HR noshade size="1px">
Request blocked.
We can't connect to the server for this app or website at this time. There might be too much traffic or a configuration error. Try again later, or contact the app or website owner.
<BR clear="all">
If you provide content to customers through CloudFront, you can find steps to troubleshoot and help prevent this error by reviewing the CloudFront documentation.
<BR clear="all">
<HR noshade size="1px">
<PRE>
Generated by cloudfront (CloudFront)
Request ID: 8V8b59YUEZ4ES6PAATfz-h-MCg6EyvF49OS2dtq4rBerqa8OqTYXig==
</PRE>
<ADDRESS>
</ADDRESS>
</BODY></HTML>
[2026-08-04T13:04:46.756618Z] [turchia_gk_discovery] [ERRORE HTTP 403] tentativo 3/5, body (primi 1500 char): <!DOCTYPE HTML PUBLIC "-//W3C//DTD HTML 4.01 Transitional//EN" "http://www.w3.org/TR/html4/loose.dtd">
<HTML><HEAD><META HTTP-EQUIV="Content-Type" CONTENT="text/html; charset=iso-8859-1">
<TITLE>ERROR: The request could not be satisfied</TITLE>
</HEAD><BODY>
<H1>403 ERROR</H1>
<H2>The request could not be satisfied.</H2>
<HR noshade size="1px">
Request blocked.
We can't connect to the server for this app or website at this time. There might be too much traffic or a configuration error. Try again later, or contact the app or website owner.
<BR clear="all">
If you provide content to customers through CloudFront, you can find steps to troubleshoot and help prevent this error by reviewing the CloudFront documentation.
<BR clear="all">
<HR noshade size="1px">
<PRE>
Generated by cloudfront (CloudFront)
Request ID: LDmGLf_Dzq8CH1O4WgOBLO_4g50bxHmlL5h179kKx_K9FxBYa6gGyg==
</PRE>
<ADDRESS>
</ADDRESS>
</BODY></HTML>
[2026-08-04T13:04:50.764735Z] [turchia_gk_discovery] [ERRORE HTTP 403] tentativo 4/5, body (primi 1500 char): <!DOCTYPE HTML PUBLIC "-//W3C//DTD HTML 4.01 Transitional//EN" "http://www.w3.org/TR/html4/loose.dtd">
<HTML><HEAD><META HTTP-EQUIV="Content-Type" CONTENT="text/html; charset=iso-8859-1">
<TITLE>ERROR: The request could not be satisfied</TITLE>
</HEAD><BODY>
<H1>403 ERROR</H1>
<H2>The request could not be satisfied.</H2>
<HR noshade size="1px">
Request blocked.
We can't connect to the server for this app or website at this time. There might be too much traffic or a configuration error. Try again later, or contact the app or website owner.
<BR clear="all">
If you provide content to customers through CloudFront, you can find steps to troubleshoot and help prevent this error by reviewing the CloudFront documentation.
<BR clear="all">
<HR noshade size="1px">
<PRE>
Generated by cloudfront (CloudFront)
Request ID: UMKEpbqQV0We4fOOh0tZ_fL2reTlXMjFXJ2-F5YABNzNBFs6QuKxTQ==
</PRE>
<ADDRESS>
</ADDRESS>
</BODY></HTML>
[2026-08-04T13:04:58.772783Z] [turchia_gk_discovery] [ERRORE HTTP 403] tentativo 5/5, body (primi 1500 char): <!DOCTYPE HTML PUBLIC "-//W3C//DTD HTML 4.01 Transitional//EN" "http://www.w3.org/TR/html4/loose.dtd">
<HTML><HEAD><META HTTP-EQUIV="Content-Type" CONTENT="text/html; charset=iso-8859-1">
<TITLE>ERROR: The request could not be satisfied</TITLE>
</HEAD><BODY>
<H1>403 ERROR</H1>
<H2>The request could not be satisfied.</H2>
<HR noshade size="1px">
Request blocked.
We can't connect to the server for this app or website at this time. There might be too much traffic or a configuration error. Try again later, or contact the app or website owner.
<BR clear="all">
If you provide content to customers through CloudFront, you can find steps to troubleshoot and help prevent this error by reviewing the CloudFront documentation.
<BR clear="all">
<HR noshade size="1px">
<PRE>
Generated by cloudfront (CloudFront)
Request ID: Y2y-vW5u9aKc44FN3EC2fkHmevdTOBPbauUJiM6lJ2Z8DEy2SKolLA==
</PRE>
<ADDRESS>
</ADDRESS>
</BODY></HTML>
[discovery_fixture] ATTENZIONE: FixtureList senza risultato utilizzabile (tentativo 5/6), riprovo tra 27.4s...
[2026-08-04T13:05:26.158704Z] [turchia_gk_discovery] [ERRORE HTTP 403] tentativo 1/5, body (primi 1500 char): <!DOCTYPE HTML PUBLIC "-//W3C//DTD HTML 4.01 Transitional//EN" "http://www.w3.org/TR/html4/loose.dtd">
<HTML><HEAD><META HTTP-EQUIV="Content-Type" CONTENT="text/html; charset=iso-8859-1">
<TITLE>ERROR: The request could not be satisfied</TITLE>
</HEAD><BODY>
<H1>403 ERROR</H1>
<H2>The request could not be satisfied.</H2>
<HR noshade size="1px">
Request blocked.
We can't connect to the server for this app or website at this time. There might be too much traffic or a configuration error. Try again later, or contact the app or website owner.
<BR clear="all">
If you provide content to customers through CloudFront, you can find steps to troubleshoot and help prevent this error by reviewing the CloudFront documentation.
<BR clear="all">
<HR noshade size="1px">
<PRE>
Generated by cloudfront (CloudFront)
Request ID: SRF532lobM4U9dR9rnndAZCbXKYOto3d0QSjgT7LGImxpIJBkufMew==
</PRE>
<ADDRESS>
</ADDRESS>
</BODY></HTML>
[2026-08-04T13:05:27.167811Z] [turchia_gk_discovery] [ERRORE HTTP 403] tentativo 2/5, body (primi 1500 char): <!DOCTYPE HTML PUBLIC "-//W3C//DTD HTML 4.01 Transitional//EN" "http://www.w3.org/TR/html4/loose.dtd">
<HTML><HEAD><META HTTP-EQUIV="Content-Type" CONTENT="text/html; charset=iso-8859-1">
<TITLE>ERROR: The request could not be satisfied</TITLE>
</HEAD><BODY>
<H1>403 ERROR</H1>
<H2>The request could not be satisfied.</H2>
<HR noshade size="1px">
Request blocked.
We can't connect to the server for this app or website at this time. There might be too much traffic or a configuration error. Try again later, or contact the app or website owner.
<BR clear="all">
If you provide content to customers through CloudFront, you can find steps to troubleshoot and help prevent this error by reviewing the CloudFront documentation.
<BR clear="all">
<HR noshade size="1px">
<PRE>
Generated by cloudfront (CloudFront)
Request ID: gQzzI52ovSBDMZ71SOBmP2vGzhjwfdWX5ngR-P6RpbAmtD5bqCCFhA==
</PRE>
<ADDRESS>
</ADDRESS>
</BODY></HTML>
[2026-08-04T13:05:29.175758Z] [turchia_gk_discovery] [ERRORE HTTP 403] tentativo 3/5, body (primi 1500 char): <!DOCTYPE HTML PUBLIC "-//W3C//DTD HTML 4.01 Transitional//EN" "http://www.w3.org/TR/html4/loose.dtd">
<HTML><HEAD><META HTTP-EQUIV="Content-Type" CONTENT="text/html; charset=iso-8859-1">
<TITLE>ERROR: The request could not be satisfied</TITLE>
</HEAD><BODY>
<H1>403 ERROR</H1>
<H2>The request could not be satisfied.</H2>
<HR noshade size="1px">
Request blocked.
We can't connect to the server for this app or website at this time. There might be too much traffic or a configuration error. Try again later, or contact the app or website owner.
<BR clear="all">
If you provide content to customers through CloudFront, you can find steps to troubleshoot and help prevent this error by reviewing the CloudFront documentation.
<BR clear="all">
<HR noshade size="1px">
<PRE>
Generated by cloudfront (CloudFront)
Request ID: w0V1MAWjk3ekCgf6qZFUmLojOj50uWYwIBuViLGj5_l1ym1TsBLE8g==
</PRE>
<ADDRESS>
</ADDRESS>
</BODY></HTML>
[2026-08-04T13:05:33.184238Z] [turchia_gk_discovery] [ERRORE HTTP 403] tentativo 4/5, body (primi 1500 char): <!DOCTYPE HTML PUBLIC "-//W3C//DTD HTML 4.01 Transitional//EN" "http://www.w3.org/TR/html4/loose.dtd">
<HTML><HEAD><META HTTP-EQUIV="Content-Type" CONTENT="text/html; charset=iso-8859-1">
<TITLE>ERROR: The request could not be satisfied</TITLE>
</HEAD><BODY>
<H1>403 ERROR</H1>
<H2>The request could not be satisfied.</H2>
<HR noshade size="1px">
Request blocked.
We can't connect to the server for this app or website at this time. There might be too much traffic or a configuration error. Try again later, or contact the app or website owner.
<BR clear="all">
If you provide content to customers through CloudFront, you can find steps to troubleshoot and help prevent this error by reviewing the CloudFront documentation.
<BR clear="all">
<HR noshade size="1px">
<PRE>
Generated by cloudfront (CloudFront)
Request ID: bljBxX50-BlQ2J4RoFe0ZGc17ozBQMQVnOYk2x9EQWjSnU5-jt_Tgg==
</PRE>
<ADDRESS>
</ADDRESS>
</BODY></HTML>
[2026-08-04T13:05:41.192199Z] [turchia_gk_discovery] [ERRORE HTTP 403] tentativo 5/5, body (primi 1500 char): <!DOCTYPE HTML PUBLIC "-//W3C//DTD HTML 4.01 Transitional//EN" "http://www.w3.org/TR/html4/loose.dtd">
<HTML><HEAD><META HTTP-EQUIV="Content-Type" CONTENT="text/html; charset=iso-8859-1">
<TITLE>ERROR: The request could not be satisfied</TITLE>
</HEAD><BODY>
<H1>403 ERROR</H1>
<H2>The request could not be satisfied.</H2>
<HR noshade size="1px">
Request blocked.
We can't connect to the server for this app or website at this time. There might be too much traffic or a configuration error. Try again later, or contact the app or website owner.
<BR clear="all">
If you provide content to customers through CloudFront, you can find steps to troubleshoot and help prevent this error by reviewing the CloudFront documentation.
<BR clear="all">
<HR noshade size="1px">
<PRE>
Generated by cloudfront (CloudFront)
Request ID: ZofBzsjAAD-SRt3sHZ0n-APh7939hspiwYuJ_YcJDfi2Fkqycry3TQ==
</PRE>
<ADDRESS>
</ADDRESS>
</BODY></HTML>
[discovery_fixture] ATTENZIONE: nessuna giornata restituita da Sorare per la risoluzione automatica.
[discovery_fixture] ERRORE: impossibile risolvere la giornata. Imposta GAMEWEEK o FIXTURE_SLUG.
ATTENZIONE: shard mid/7:9/1:2 FALLITO
=== discovery ruoli=gk shard=3:5 heavy=0:2
[2026-08-04T13:05:41.511407Z] [turchia_gk_discovery] [ERRORE HTTP 403] tentativo 1/5, body (primi 1500 char): <!DOCTYPE HTML PUBLIC "-//W3C//DTD HTML 4.01 Transitional//EN" "http://www.w3.org/TR/html4/loose.dtd">
<HTML><HEAD><META HTTP-EQUIV="Content-Type" CONTENT="text/html; charset=iso-8859-1">
<TITLE>ERROR: The request could not be satisfied</TITLE>
</HEAD><BODY>
<H1>403 ERROR</H1>
<H2>The request could not be satisfied.</H2>
<HR noshade size="1px">
Request blocked.
We can't connect to the server for this app or website at this time. There might be too much traffic or a configuration error. Try again later, or contact the app or website owner.
<BR clear="all">
If you provide content to customers through CloudFront, you can find steps to troubleshoot and help prevent this error by reviewing the CloudFront documentation.
<BR clear="all">
<HR noshade size="1px">
<PRE>
Generated by cloudfront (CloudFront)
Request ID: t7zB62o_wmWn86L550IFowDnX10td8K_Wvky6ioJnoF4YA31cZl6pw==
</PRE>
<ADDRESS>
</ADDRESS>
</BODY></HTML>
[2026-08-04T13:05:42.520255Z] [turchia_gk_discovery] [ERRORE HTTP 403] tentativo 2/5, body (primi 1500 char): <!DOCTYPE HTML PUBLIC "-//W3C//DTD HTML 4.01 Transitional//EN" "http://www.w3.org/TR/html4/loose.dtd">
<HTML><HEAD><META HTTP-EQUIV="Content-Type" CONTENT="text/html; charset=iso-8859-1">
<TITLE>ERROR: The request could not be satisfied</TITLE>
</HEAD><BODY>
<H1>403 ERROR</H1>
<H2>The request could not be satisfied.</H2>
<HR noshade size="1px">
Request blocked.
We can't connect to the server for this app or website at this time. There might be too much traffic or a configuration error. Try again later, or contact the app or website owner.
<BR clear="all">
If you provide content to customers through CloudFront, you can find steps to troubleshoot and help prevent this error by reviewing the CloudFront documentation.
<BR clear="all">
<HR noshade size="1px">
<PRE>
Generated by cloudfront (CloudFront)
Request ID: 2Oy2ZSptj0Krtw_Q1LdjB7kLpxPzVaEpwUYX_E_ZLciLn8VBGPhCuQ==
</PRE>
<ADDRESS>
</ADDRESS>
</BODY></HTML>
[2026-08-04T13:05:44.529057Z] [turchia_gk_discovery] [ERRORE HTTP 403] tentativo 3/5, body (primi 1500 char): <!DOCTYPE HTML PUBLIC "-//W3C//DTD HTML 4.01 Transitional//EN" "http://www.w3.org/TR/html4/loose.dtd">
<HTML><HEAD><META HTTP-EQUIV="Content-Type" CONTENT="text/html; charset=iso-8859-1">
<TITLE>ERROR: The request could not be satisfied</TITLE>
</HEAD><BODY>
<H1>403 ERROR</H1>
<H2>The request could not be satisfied.</H2>
<HR noshade size="1px">
Request blocked.
We can't connect to the server for this app or website at this time. There might be too much traffic or a configuration error. Try again later, or contact the app or website owner.
<BR clear="all">
If you provide content to customers through CloudFront, you can find steps to troubleshoot and help prevent this error by reviewing the CloudFront documentation.
<BR clear="all">
<HR noshade size="1px">
<PRE>
Generated by cloudfront (CloudFront)
Request ID: JoRTPjElEWErSAFQzy_vDbUYpUISY6kR1JkEZvjX8V_O78aBurFkmA==
</PRE>
<ADDRESS>
</ADDRESS>
</BODY></HTML>
[2026-08-04T13:05:48.537772Z] [turchia_gk_discovery] [ERRORE HTTP 403] tentativo 4/5, body (primi 1500 char): <!DOCTYPE HTML PUBLIC "-//W3C//DTD HTML 4.01 Transitional//EN" "http://www.w3.org/TR/html4/loose.dtd">
<HTML><HEAD><META HTTP-EQUIV="Content-Type" CONTENT="text/html; charset=iso-8859-1">
<TITLE>ERROR: The request could not be satisfied</TITLE>
</HEAD><BODY>
<H1>403 ERROR</H1>
<H2>The request could not be satisfied.</H2>
<HR noshade size="1px">
Request blocked.
We can't connect to the server for this app or website at this time. There might be too much traffic or a configuration error. Try again later, or contact the app or website owner.
<BR clear="all">
If you provide content to customers through CloudFront, you can find steps to troubleshoot and help prevent this error by reviewing the CloudFront documentation.
<BR clear="all">
<HR noshade size="1px">
<PRE>
Generated by cloudfront (CloudFront)
Request ID: 6SwPDpN0RtMVpsCTbsErvifMBcgS22975tZivOagHbmNpfitdwM3LA==
</PRE>
<ADDRESS>
</ADDRESS>
</BODY></HTML>
[2026-08-04T13:05:56.546341Z] [turchia_gk_discovery] [ERRORE HTTP 403] tentativo 5/5, body (primi 1500 char): <!DOCTYPE HTML PUBLIC "-//W3C//DTD HTML 4.01 Transitional//EN" "http://www.w3.org/TR/html4/loose.dtd">
<HTML><HEAD><META HTTP-EQUIV="Content-Type" CONTENT="text/html; charset=iso-8859-1">
<TITLE>ERROR: The request could not be satisfied</TITLE>
</HEAD><BODY>
<H1>403 ERROR</H1>
<H2>The request could not be satisfied.</H2>
<HR noshade size="1px">
Request blocked.
We can't connect to the server for this app or website at this time. There might be too much traffic or a configuration error. Try again later, or contact the app or website owner.
<BR clear="all">
If you provide content to customers through CloudFront, you can find steps to troubleshoot and help prevent this error by reviewing the CloudFront documentation.
<BR clear="all">
<HR noshade size="1px">
<PRE>
Generated by cloudfront (CloudFront)
Request ID: 8pIyDWmEK3NNkHDmxV-ylZ8HAUhPEBt-gB3YXFlg17podQ75ZIqzwQ==
</PRE>
<ADDRESS>
</ADDRESS>
</BODY></HTML>
[discovery_fixture] ATTENZIONE: FixtureList senza risultato utilizzabile (tentativo 1/6), riprovo tra 6.3s...
[2026-08-04T13:06:02.842738Z] [turchia_gk_discovery] [ERRORE HTTP 403] tentativo 1/5, body (primi 1500 char): <!DOCTYPE HTML PUBLIC "-//W3C//DTD HTML 4.01 Transitional//EN" "http://www.w3.org/TR/html4/loose.dtd">
<HTML><HEAD><META HTTP-EQUIV="Content-Type" CONTENT="text/html; charset=iso-8859-1">
<TITLE>ERROR: The request could not be satisfied</TITLE>
</HEAD><BODY>
<H1>403 ERROR</H1>
<H2>The request could not be satisfied.</H2>
<HR noshade size="1px">
Request blocked.
We can't connect to the server for this app or website at this time. There might be too much traffic or a configuration error. Try again later, or contact the app or website owner.
<BR clear="all">
If you provide content to customers through CloudFront, you can find steps to troubleshoot and help prevent this error by reviewing the CloudFront documentation.
<BR clear="all">
<HR noshade size="1px">
<PRE>
Generated by cloudfront (CloudFront)
Request ID: lpln551CayLtX112f3dKDFyY20Fplteiwu9gPRLhQlJ5ed-A9Dcs0A==
</PRE>
<ADDRESS>
</ADDRESS>
</BODY></HTML>
[2026-08-04T13:06:03.851581Z] [turchia_gk_discovery] [ERRORE HTTP 403] tentativo 2/5, body (primi 1500 char): <!DOCTYPE HTML PUBLIC "-//W3C//DTD HTML 4.01 Transitional//EN" "http://www.w3.org/TR/html4/loose.dtd">
<HTML><HEAD><META HTTP-EQUIV="Content-Type" CONTENT="text/html; charset=iso-8859-1">
<TITLE>ERROR: The request could not be satisfied</TITLE>
</HEAD><BODY>
<H1>403 ERROR</H1>
<H2>The request could not be satisfied.</H2>
<HR noshade size="1px">
Request blocked.
We can't connect to the server for this app or website at this time. There might be too much traffic or a configuration error. Try again later, or contact the app or website owner.
<BR clear="all">
If you provide content to customers through CloudFront, you can find steps to troubleshoot and help prevent this error by reviewing the CloudFront documentation.
<BR clear="all">
<HR noshade size="1px">
<PRE>
Generated by cloudfront (CloudFront)
Request ID: WluB5ejHLBaneq-uHHB3j4OeJfc0fzS2ODgHhxQbirmCCBmybHWBxQ==
</PRE>
<ADDRESS>
</ADDRESS>
</BODY></HTML>
[2026-08-04T13:06:05.860595Z] [turchia_gk_discovery] [ERRORE HTTP 403] tentativo 3/5, body (primi 1500 char): <!DOCTYPE HTML PUBLIC "-//W3C//DTD HTML 4.01 Transitional//EN" "http://www.w3.org/TR/html4/loose.dtd">
<HTML><HEAD><META HTTP-EQUIV="Content-Type" CONTENT="text/html; charset=iso-8859-1">
<TITLE>ERROR: The request could not be satisfied</TITLE>
</HEAD><BODY>
<H1>403 ERROR</H1>
<H2>The request could not be satisfied.</H2>
<HR noshade size="1px">
Request blocked.
We can't connect to the server for this app or website at this time. There might be too much traffic or a configuration error. Try again later, or contact the app or website owner.
<BR clear="all">
If you provide content to customers through CloudFront, you can find steps to troubleshoot and help prevent this error by reviewing the CloudFront documentation.
<BR clear="all">
<HR noshade size="1px">
<PRE>
Generated by cloudfront (CloudFront)
Request ID: nbBskFLIHn06r2cC5dQQU9o8fL4R9n5TRzNLEvmI3DWdq18Q2Uekbg==
</PRE>
<ADDRESS>
</ADDRESS>
</BODY></HTML>
[2026-08-04T13:06:09.869794Z] [turchia_gk_discovery] [ERRORE HTTP 403] tentativo 4/5, body (primi 1500 char): <!DOCTYPE HTML PUBLIC "-//W3C//DTD HTML 4.01 Transitional//EN" "http://www.w3.org/TR/html4/loose.dtd">
<HTML><HEAD><META HTTP-EQUIV="Content-Type" CONTENT="text/html; charset=iso-8859-1">
<TITLE>ERROR: The request could not be satisfied</TITLE>
</HEAD><BODY>
<H1>403 ERROR</H1>
<H2>The request could not be satisfied.</H2>
<HR noshade size="1px">
Request blocked.
We can't connect to the server for this app or website at this time. There might be too much traffic or a configuration error. Try again later, or contact the app or website owner.
<BR clear="all">
If you provide content to customers through CloudFront, you can find steps to troubleshoot and help prevent this error by reviewing the CloudFront documentation.
<BR clear="all">
<HR noshade size="1px">
<PRE>
Generated by cloudfront (CloudFront)
Request ID: bAixxEZBde0XO76fMdp_10Cdj1sXOMUlKJ233gc6p2SgduwPkil10A==
</PRE>
<ADDRESS>
</ADDRESS>
</BODY></HTML>
[2026-08-04T13:06:17.878678Z] [turchia_gk_discovery] [ERRORE HTTP 403] tentativo 5/5, body (primi 1500 char): <!DOCTYPE HTML PUBLIC "-//W3C//DTD HTML 4.01 Transitional//EN" "http://www.w3.org/TR/html4/loose.dtd">
<HTML><HEAD><META HTTP-EQUIV="Content-Type" CONTENT="text/html; charset=iso-8859-1">
<TITLE>ERROR: The request could not be satisfied</TITLE>
</HEAD><BODY>
<H1>403 ERROR</H1>
<H2>The request could not be satisfied.</H2>
<HR noshade size="1px">
Request blocked.
We can't connect to the server for this app or website at this time. There might be too much traffic or a configuration error. Try again later, or contact the app or website owner.
<BR clear="all">
If you provide content to customers through CloudFront, you can find steps to troubleshoot and help prevent this error by reviewing the CloudFront documentation.
<BR clear="all">
<HR noshade size="1px">
<PRE>
Generated by cloudfront (CloudFront)
Request ID: LM9qTkkrgJA5jWuu8_EzS8yjTnupHJ5VhzcL9vLPV7PYfxzJEiU5pg==
</PRE>
<ADDRESS>
</ADDRESS>
</BODY></HTML>
[discovery_fixture] ATTENZIONE: FixtureList senza risultato utilizzabile (tentativo 2/6), riprovo tra 11.3s...
[2026-08-04T13:06:29.169850Z] [turchia_gk_discovery] [ERRORE HTTP 403] tentativo 1/5, body (primi 1500 char): <!DOCTYPE HTML PUBLIC "-//W3C//DTD HTML 4.01 Transitional//EN" "http://www.w3.org/TR/html4/loose.dtd">
<HTML><HEAD><META HTTP-EQUIV="Content-Type" CONTENT="text/html; charset=iso-8859-1">
<TITLE>ERROR: The request could not be satisfied</TITLE>
</HEAD><BODY>
<H1>403 ERROR</H1>
<H2>The request could not be satisfied.</H2>
<HR noshade size="1px">
Request blocked.
We can't connect to the server for this app or website at this time. There might be too much traffic or a configuration error. Try again later, or contact the app or website owner.
<BR clear="all">
If you provide content to customers through CloudFront, you can find steps to troubleshoot and help prevent this error by reviewing the CloudFront documentation.
<BR clear="all">
<HR noshade size="1px">
<PRE>
Generated by cloudfront (CloudFront)
Request ID: 5YjvrHxEwPyfFCJGl-SqKc1-zApUXrblYj_hLHLMlimDF04uadcMhw==
</PRE>
<ADDRESS>
</ADDRESS>
</BODY></HTML>
[2026-08-04T13:06:30.181258Z] [turchia_gk_discovery] [ERRORE HTTP 403] tentativo 2/5, body (primi 1500 char): <!DOCTYPE HTML PUBLIC "-//W3C//DTD HTML 4.01 Transitional//EN" "http://www.w3.org/TR/html4/loose.dtd">
<HTML><HEAD><META HTTP-EQUIV="Content-Type" CONTENT="text/html; charset=iso-8859-1">
<TITLE>ERROR: The request could not be satisfied</TITLE>
</HEAD><BODY>
<H1>403 ERROR</H1>
<H2>The request could not be satisfied.</H2>
<HR noshade size="1px">
Request blocked.
We can't connect to the server for this app or website at this time. There might be too much traffic or a configuration error. Try again later, or contact the app or website owner.
<BR clear="all">
If you provide content to customers through CloudFront, you can find steps to troubleshoot and help prevent this error by reviewing the CloudFront documentation.
<BR clear="all">
<HR noshade size="1px">
<PRE>
Generated by cloudfront (CloudFront)
Request ID: zjW4bIZlWcn3LYPXHBti496V_1Bdt6-fIel_POjpLZiNZSupBdtQwA==
</PRE>
<ADDRESS>
</ADDRESS>
</BODY></HTML>
[2026-08-04T13:06:32.190032Z] [turchia_gk_discovery] [ERRORE HTTP 403] tentativo 3/5, body (primi 1500 char): <!DOCTYPE HTML PUBLIC "-//W3C//DTD HTML 4.01 Transitional//EN" "http://www.w3.org/TR/html4/loose.dtd">
<HTML><HEAD><META HTTP-EQUIV="Content-Type" CONTENT="text/html; charset=iso-8859-1">
<TITLE>ERROR: The request could not be satisfied</TITLE>
</HEAD><BODY>
<H1>403 ERROR</H1>
<H2>The request could not be satisfied.</H2>
<HR noshade size="1px">
Request blocked.
We can't connect to the server for this app or website at this time. There might be too much traffic or a configuration error. Try again later, or contact the app or website owner.
<BR clear="all">
If you provide content to customers through CloudFront, you can find steps to troubleshoot and help prevent this error by reviewing the CloudFront documentation.
<BR clear="all">
<HR noshade size="1px">
<PRE>
Generated by cloudfront (CloudFront)
Request ID: v41yuwfALFzG23YeCVamftBASdZyVPfjRNLqWHgI5sOL6k2Y2GRtpQ==
</PRE>
<ADDRESS>
</ADDRESS>
</BODY></HTML>
[2026-08-04T13:06:36.198516Z] [turchia_gk_discovery] [ERRORE HTTP 403] tentativo 4/5, body (primi 1500 char): <!DOCTYPE HTML PUBLIC "-//W3C//DTD HTML 4.01 Transitional//EN" "http://www.w3.org/TR/html4/loose.dtd">
<HTML><HEAD><META HTTP-EQUIV="Content-Type" CONTENT="text/html; charset=iso-8859-1">
<TITLE>ERROR: The request could not be satisfied</TITLE>
</HEAD><BODY>
<H1>403 ERROR</H1>
<H2>The request could not be satisfied.</H2>
<HR noshade size="1px">
Request blocked.
We can't connect to the server for this app or website at this time. There might be too much traffic or a configuration error. Try again later, or contact the app or website owner.
<BR clear="all">
If you provide content to customers through CloudFront, you can find steps to troubleshoot and help prevent this error by reviewing the CloudFront documentation.
<BR clear="all">
<HR noshade size="1px">
<PRE>
Generated by cloudfront (CloudFront)
Request ID: tu8ADvsxpX0n-A7VP-eh5q4yN1tjLFEtoHA_oJilrj4UDdbhZvnCEQ==
</PRE>
<ADDRESS>
</ADDRESS>
</BODY></HTML>
[2026-08-04T13:06:44.208835Z] [turchia_gk_discovery] [ERRORE HTTP 403] tentativo 5/5, body (primi 1500 char): <!DOCTYPE HTML PUBLIC "-//W3C//DTD HTML 4.01 Transitional//EN" "http://www.w3.org/TR/html4/loose.dtd">
<HTML><HEAD><META HTTP-EQUIV="Content-Type" CONTENT="text/html; charset=iso-8859-1">
<TITLE>ERROR: The request could not be satisfied</TITLE>
</HEAD><BODY>
<H1>403 ERROR</H1>
<H2>The request could not be satisfied.</H2>
<HR noshade size="1px">
Request blocked.
We can't connect to the server for this app or website at this time. There might be too much traffic or a configuration error. Try again later, or contact the app or website owner.
<BR clear="all">
If you provide content to customers through CloudFront, you can find steps to troubleshoot and help prevent this error by reviewing the CloudFront documentation.
<BR clear="all">
<HR noshade size="1px">
<PRE>
Generated by cloudfront (CloudFront)
Request ID: HLCefSUJXgvOCVq5E1-NT8GW3DI3Ygu4wyZ0Igu5lLin8liuFYj94A==
</PRE>
<ADDRESS>
</ADDRESS>
</BODY></HTML>
[discovery_fixture] ATTENZIONE: FixtureList senza risultato utilizzabile (tentativo 3/6), riprovo tra 16.8s...
[2026-08-04T13:07:01.006018Z] [turchia_gk_discovery] [ERRORE HTTP 403] tentativo 1/5, body (primi 1500 char): <!DOCTYPE HTML PUBLIC "-//W3C//DTD HTML 4.01 Transitional//EN" "http://www.w3.org/TR/html4/loose.dtd">
<HTML><HEAD><META HTTP-EQUIV="Content-Type" CONTENT="text/html; charset=iso-8859-1">
<TITLE>ERROR: The request could not be satisfied</TITLE>
</HEAD><BODY>
<H1>403 ERROR</H1>
<H2>The request could not be satisfied.</H2>
<HR noshade size="1px">
Request blocked.
We can't connect to the server for this app or website at this time. There might be too much traffic or a configuration error. Try again later, or contact the app or website owner.
<BR clear="all">
If you provide content to customers through CloudFront, you can find steps to troubleshoot and help prevent this error by reviewing the CloudFront documentation.
<BR clear="all">
<HR noshade size="1px">
<PRE>
Generated by cloudfront (CloudFront)
Request ID: GDpuhQBaNUUE7zy9QpDrEouw_TcK5uR4rQanwfj_IMI18l_9JNtxzQ==
</PRE>
<ADDRESS>
</ADDRESS>
</BODY></HTML>
[2026-08-04T13:07:02.014800Z] [turchia_gk_discovery] [ERRORE HTTP 403] tentativo 2/5, body (primi 1500 char): <!DOCTYPE HTML PUBLIC "-//W3C//DTD HTML 4.01 Transitional//EN" "http://www.w3.org/TR/html4/loose.dtd">
<HTML><HEAD><META HTTP-EQUIV="Content-Type" CONTENT="text/html; charset=iso-8859-1">
<TITLE>ERROR: The request could not be satisfied</TITLE>
</HEAD><BODY>
<H1>403 ERROR</H1>
<H2>The request could not be satisfied.</H2>
<HR noshade size="1px">
Request blocked.
We can't connect to the server for this app or website at this time. There might be too much traffic or a configuration error. Try again later, or contact the app or website owner.
<BR clear="all">
If you provide content to customers through CloudFront, you can find steps to troubleshoot and help prevent this error by reviewing the CloudFront documentation.
<BR clear="all">
<HR noshade size="1px">
<PRE>
Generated by cloudfront (CloudFront)
Request ID: 3sXpV7tqw0Acr-0cohZmcZXj33Y8Gsfcady1ctmTHxmULdc8Bt-EoA==
</PRE>
<ADDRESS>
</ADDRESS>
</BODY></HTML>
[2026-08-04T13:07:04.024316Z] [turchia_gk_discovery] [ERRORE HTTP 403] tentativo 3/5, body (primi 1500 char): <!DOCTYPE HTML PUBLIC "-//W3C//DTD HTML 4.01 Transitional//EN" "http://www.w3.org/TR/html4/loose.dtd">
<HTML><HEAD><META HTTP-EQUIV="Content-Type" CONTENT="text/html; charset=iso-8859-1">
<TITLE>ERROR: The request could not be satisfied</TITLE>
</HEAD><BODY>
<H1>403 ERROR</H1>
<H2>The request could not be satisfied.</H2>
<HR noshade size="1px">
Request blocked.
We can't connect to the server for this app or website at this time. There might be too much traffic or a configuration error. Try again later, or contact the app or website owner.
<BR clear="all">
If you provide content to customers through CloudFront, you can find steps to troubleshoot and help prevent this error by reviewing the CloudFront documentation.
<BR clear="all">
<HR noshade size="1px">
<PRE>
Generated by cloudfront (CloudFront)
Request ID: RkPi1J2xwXMHo6Ckh_GssjlUDHpfxWyuO2RG8mDPfQFPw1lgf7GNig==
</PRE>
<ADDRESS>
</ADDRESS>
</BODY></HTML>
[2026-08-04T13:07:08.032943Z] [turchia_gk_discovery] [ERRORE HTTP 403] tentativo 4/5, body (primi 1500 char): <!DOCTYPE HTML PUBLIC "-//W3C//DTD HTML 4.01 Transitional//EN" "http://www.w3.org/TR/html4/loose.dtd">
<HTML><HEAD><META HTTP-EQUIV="Content-Type" CONTENT="text/html; charset=iso-8859-1">
<TITLE>ERROR: The request could not be satisfied</TITLE>
</HEAD><BODY>
<H1>403 ERROR</H1>
<H2>The request could not be satisfied.</H2>
<HR noshade size="1px">
Request blocked.
We can't connect to the server for this app or website at this time. There might be too much traffic or a configuration error. Try again later, or contact the app or website owner.
<BR clear="all">
If you provide content to customers through CloudFront, you can find steps to troubleshoot and help prevent this error by reviewing the CloudFront documentation.
<BR clear="all">
<HR noshade size="1px">
<PRE>
Generated by cloudfront (CloudFront)
Request ID: QZrP_jH5R3XZzuOZlPdRmDqewCV3uDkN0vW3vLFtPgsfTY0kVyf8IQ==
</PRE>
<ADDRESS>
</ADDRESS>
</BODY></HTML>
[2026-08-04T13:07:16.041866Z] [turchia_gk_discovery] [ERRORE HTTP 403] tentativo 5/5, body (primi 1500 char): <!DOCTYPE HTML PUBLIC "-//W3C//DTD HTML 4.01 Transitional//EN" "http://www.w3.org/TR/html4/loose.dtd">
<HTML><HEAD><META HTTP-EQUIV="Content-Type" CONTENT="text/html; charset=iso-8859-1">
<TITLE>ERROR: The request could not be satisfied</TITLE>
</HEAD><BODY>
<H1>403 ERROR</H1>
<H2>The request could not be satisfied.</H2>
<HR noshade size="1px">
Request blocked.
We can't connect to the server for this app or website at this time. There might be too much traffic or a configuration error. Try again later, or contact the app or website owner.
<BR clear="all">
If you provide content to customers through CloudFront, you can find steps to troubleshoot and help prevent this error by reviewing the CloudFront documentation.
<BR clear="all">
<HR noshade size="1px">
<PRE>
Generated by cloudfront (CloudFront)
Request ID: LIlMXJlIgy30Q5lx1av0UoHsSoItba3x2PccsRgO71hvhC5KmUgfxA==
</PRE>
<ADDRESS>
</ADDRESS>
</BODY></HTML>
[discovery_fixture] ATTENZIONE: FixtureList senza risultato utilizzabile (tentativo 4/6), riprovo tra 20.8s...
[2026-08-04T13:07:36.806727Z] [turchia_gk_discovery] [ERRORE HTTP 403] tentativo 1/5, body (primi 1500 char): <!DOCTYPE HTML PUBLIC "-//W3C//DTD HTML 4.01 Transitional//EN" "http://www.w3.org/TR/html4/loose.dtd">
<HTML><HEAD><META HTTP-EQUIV="Content-Type" CONTENT="text/html; charset=iso-8859-1">
<TITLE>ERROR: The request could not be satisfied</TITLE>
</HEAD><BODY>
<H1>403 ERROR</H1>
<H2>The request could not be satisfied.</H2>
<HR noshade size="1px">
Request blocked.
We can't connect to the server for this app or website at this time. There might be too much traffic or a configuration error. Try again later, or contact the app or website owner.
<BR clear="all">
If you provide content to customers through CloudFront, you can find steps to troubleshoot and help prevent this error by reviewing the CloudFront documentation.
<BR clear="all">
<HR noshade size="1px">
<PRE>
Generated by cloudfront (CloudFront)
Request ID: YmcK2Z8k81ZtnA-QXmDs6jUxHIGxVikD7AEGzVt_LpJJ_C3wVsuySg==
</PRE>
<ADDRESS>
</ADDRESS>
</BODY></HTML>
[2026-08-04T13:07:37.815412Z] [turchia_gk_discovery] [ERRORE HTTP 403] tentativo 2/5, body (primi 1500 char): <!DOCTYPE HTML PUBLIC "-//W3C//DTD HTML 4.01 Transitional//EN" "http://www.w3.org/TR/html4/loose.dtd">
<HTML><HEAD><META HTTP-EQUIV="Content-Type" CONTENT="text/html; charset=iso-8859-1">
<TITLE>ERROR: The request could not be satisfied</TITLE>
</HEAD><BODY>
<H1>403 ERROR</H1>
<H2>The request could not be satisfied.</H2>
<HR noshade size="1px">
Request blocked.
We can't connect to the server for this app or website at this time. There might be too much traffic or a configuration error. Try again later, or contact the app or website owner.
<BR clear="all">
If you provide content to customers through CloudFront, you can find steps to troubleshoot and help prevent this error by reviewing the CloudFront documentation.
<BR clear="all">
<HR noshade size="1px">
<PRE>
Generated by cloudfront (CloudFront)
Request ID: rj_63MBwdMSBOhSOMVD82HJ6zEo-JRurEzj07pu3X2xjwrrfqbvqgg==
</PRE>
<ADDRESS>
</ADDRESS>
</BODY></HTML>
[2026-08-04T13:07:39.823991Z] [turchia_gk_discovery] [ERRORE HTTP 403] tentativo 3/5, body (primi 1500 char): <!DOCTYPE HTML PUBLIC "-//W3C//DTD HTML 4.01 Transitional//EN" "http://www.w3.org/TR/html4/loose.dtd">
<HTML><HEAD><META HTTP-EQUIV="Content-Type" CONTENT="text/html; charset=iso-8859-1">
<TITLE>ERROR: The request could not be satisfied</TITLE>
</HEAD><BODY>
<H1>403 ERROR</H1>
<H2>The request could not be satisfied.</H2>
<HR noshade size="1px">
Request blocked.
We can't connect to the server for this app or website at this time. There might be too much traffic or a configuration error. Try again later, or contact the app or website owner.
<BR clear="all">
If you provide content to customers through CloudFront, you can find steps to troubleshoot and help prevent this error by reviewing the CloudFront documentation.
<BR clear="all">
<HR noshade size="1px">
<PRE>
Generated by cloudfront (CloudFront)
Request ID: KiXKgum0zHq3v3qijwkGDTf2I6v61N8an1oB0yAM8Ag3K1LLAePdTg==
</PRE>
<ADDRESS>
</ADDRESS>
</BODY></HTML>
[2026-08-04T13:07:43.832623Z] [turchia_gk_discovery] [ERRORE HTTP 403] tentativo 4/5, body (primi 1500 char): <!DOCTYPE HTML PUBLIC "-//W3C//DTD HTML 4.01 Transitional//EN" "http://www.w3.org/TR/html4/loose.dtd">
<HTML><HEAD><META HTTP-EQUIV="Content-Type" CONTENT="text/html; charset=iso-8859-1">
<TITLE>ERROR: The request could not be satisfied</TITLE>
</HEAD><BODY>
<H1>403 ERROR</H1>
<H2>The request could not be satisfied.</H2>
<HR noshade size="1px">
Request blocked.
We can't connect to the server for this app or website at this time. There might be too much traffic or a configuration error. Try again later, or contact the app or website owner.
<BR clear="all">
If you provide content to customers through CloudFront, you can find steps to troubleshoot and help prevent this error by reviewing the CloudFront documentation.
<BR clear="all">
<HR noshade size="1px">
<PRE>
Generated by cloudfront (CloudFront)
Request ID: wYmucCpqyyJrWM7253TNUEQwwOP5XLvg3jClbErp5qpJiwJRs-iV0Q==
</PRE>
<ADDRESS>
</ADDRESS>
</BODY></HTML>
[2026-08-04T13:07:51.841444Z] [turchia_gk_discovery] [ERRORE HTTP 403] tentativo 5/5, body (primi 1500 char): <!DOCTYPE HTML PUBLIC "-//W3C//DTD HTML 4.01 Transitional//EN" "http://www.w3.org/TR/html4/loose.dtd">
<HTML><HEAD><META HTTP-EQUIV="Content-Type" CONTENT="text/html; charset=iso-8859-1">
<TITLE>ERROR: The request could not be satisfied</TITLE>
</HEAD><BODY>
<H1>403 ERROR</H1>
<H2>The request could not be satisfied.</H2>
<HR noshade size="1px">
Request blocked.
We can't connect to the server for this app or website at this time. There might be too much traffic or a configuration error. Try again later, or contact the app or website owner.
<BR clear="all">
If you provide content to customers through CloudFront, you can find steps to troubleshoot and help prevent this error by reviewing the CloudFront documentation.
<BR clear="all">
<HR noshade size="1px">
<PRE>
Generated by cloudfront (CloudFront)
Request ID: lQWgqIZyMlm1K4uoB3O_b9Oydn85u6sBpSPbXUwj4w4PSunCmo2yzw==
</PRE>
<ADDRESS>
</ADDRESS>
</BODY></HTML>
[discovery_fixture] ATTENZIONE: FixtureList senza risultato utilizzabile (tentativo 5/6), riprovo tra 27.1s...
[2026-08-04T13:08:18.969310Z] [turchia_gk_discovery] [ERRORE HTTP 403] tentativo 1/5, body (primi 1500 char): <!DOCTYPE HTML PUBLIC "-//W3C//DTD HTML 4.01 Transitional//EN" "http://www.w3.org/TR/html4/loose.dtd">
<HTML><HEAD><META HTTP-EQUIV="Content-Type" CONTENT="text/html; charset=iso-8859-1">
<TITLE>ERROR: The request could not be satisfied</TITLE>
</HEAD><BODY>
<H1>403 ERROR</H1>
<H2>The request could not be satisfied.</H2>
<HR noshade size="1px">
Request blocked.
We can't connect to the server for this app or website at this time. There might be too much traffic or a configuration error. Try again later, or contact the app or website owner.
<BR clear="all">
If you provide content to customers through CloudFront, you can find steps to troubleshoot and help prevent this error by reviewing the CloudFront documentation.
<BR clear="all">
<HR noshade size="1px">
<PRE>
Generated by cloudfront (CloudFront)
Request ID: tAiYeiseLdL_QiYjGWoVRTJqloAxPRzR_5T80BPYtCpa3t-H-3Vp3g==
</PRE>
<ADDRESS>
</ADDRESS>
</BODY></HTML>
[2026-08-04T13:08:19.977895Z] [turchia_gk_discovery] [ERRORE HTTP 403] tentativo 2/5, body (primi 1500 char): <!DOCTYPE HTML PUBLIC "-//W3C//DTD HTML 4.01 Transitional//EN" "http://www.w3.org/TR/html4/loose.dtd">
<HTML><HEAD><META HTTP-EQUIV="Content-Type" CONTENT="text/html; charset=iso-8859-1">
<TITLE>ERROR: The request could not be satisfied</TITLE>
</HEAD><BODY>
<H1>403 ERROR</H1>
<H2>The request could not be satisfied.</H2>
<HR noshade size="1px">
Request blocked.
We can't connect to the server for this app or website at this time. There might be too much traffic or a configuration error. Try again later, or contact the app or website owner.
<BR clear="all">
If you provide content to customers through CloudFront, you can find steps to troubleshoot and help prevent this error by reviewing the CloudFront documentation.
<BR clear="all">
<HR noshade size="1px">
<PRE>
Generated by cloudfront (CloudFront)
Request ID: F9chSjQYSwCpygUJ9TLLTBgBfmUNK1InmRmatzpAVsng0LPaBHGA7Q==
</PRE>
<ADDRESS>
</ADDRESS>
</BODY></HTML>
[2026-08-04T13:08:21.986567Z] [turchia_gk_discovery] [ERRORE HTTP 403] tentativo 3/5, body (primi 1500 char): <!DOCTYPE HTML PUBLIC "-//W3C//DTD HTML 4.01 Transitional//EN" "http://www.w3.org/TR/html4/loose.dtd">
<HTML><HEAD><META HTTP-EQUIV="Content-Type" CONTENT="text/html; charset=iso-8859-1">
<TITLE>ERROR: The request could not be satisfied</TITLE>
</HEAD><BODY>
<H1>403 ERROR</H1>
<H2>The request could not be satisfied.</H2>
<HR noshade size="1px">
Request blocked.
We can't connect to the server for this app or website at this time. There might be too much traffic or a configuration error. Try again later, or contact the app or website owner.
<BR clear="all">
If you provide content to customers through CloudFront, you can find steps to troubleshoot and help prevent this error by reviewing the CloudFront documentation.
<BR clear="all">
<HR noshade size="1px">
<PRE>
Generated by cloudfront (CloudFront)
Request ID: lvzaLumpAWtSgk3U6gvOP0v1b4GfN8MmFUvc_quICE6-Nt7Xfucz7g==
</PRE>
<ADDRESS>
</ADDRESS>
</BODY></HTML>
[2026-08-04T13:08:25.995250Z] [turchia_gk_discovery] [ERRORE HTTP 403] tentativo 4/5, body (primi 1500 char): <!DOCTYPE HTML PUBLIC "-//W3C//DTD HTML 4.01 Transitional//EN" "http://www.w3.org/TR/html4/loose.dtd">
<HTML><HEAD><META HTTP-EQUIV="Content-Type" CONTENT="text/html; charset=iso-8859-1">
<TITLE>ERROR: The request could not be satisfied</TITLE>
</HEAD><BODY>
<H1>403 ERROR</H1>
<H2>The request could not be satisfied.</H2>
<HR noshade size="1px">
Request blocked.
We can't connect to the server for this app or website at this time. There might be too much traffic or a configuration error. Try again later, or contact the app or website owner.
<BR clear="all">
If you provide content to customers through CloudFront, you can find steps to troubleshoot and help prevent this error by reviewing the CloudFront documentation.
<BR clear="all">
<HR noshade size="1px">
<PRE>
Generated by cloudfront (CloudFront)
Request ID: O6S1DknECTiMSkDn7qE5HpEK1dgerlykOKMuN5aTI-Oh9mansnOb8w==
</PRE>
<ADDRESS>
</ADDRESS>
</BODY></HTML>
[2026-08-04T13:08:34.003831Z] [turchia_gk_discovery] [ERRORE HTTP 403] tentativo 5/5, body (primi 1500 char): <!DOCTYPE HTML PUBLIC "-//W3C//DTD HTML 4.01 Transitional//EN" "http://www.w3.org/TR/html4/loose.dtd">
<HTML><HEAD><META HTTP-EQUIV="Content-Type" CONTENT="text/html; charset=iso-8859-1">
<TITLE>ERROR: The request could not be satisfied</TITLE>
</HEAD><BODY>
<H1>403 ERROR</H1>
<H2>The request could not be satisfied.</H2>
<HR noshade size="1px">
Request blocked.
We can't connect to the server for this app or website at this time. There might be too much traffic or a configuration error. Try again later, or contact the app or website owner.
<BR clear="all">
If you provide content to customers through CloudFront, you can find steps to troubleshoot and help prevent this error by reviewing the CloudFront documentation.
<BR clear="all">
<HR noshade size="1px">
<PRE>
Generated by cloudfront (CloudFront)
Request ID: f_FjHBq7KuD1xTDRdaFozq17HgLIxaNMWYRBaEPRrSqnnIU3QfGwcg==
</PRE>
<ADDRESS>
</ADDRESS>
</BODY></HTML>
[discovery_fixture] ATTENZIONE: nessuna giornata restituita da Sorare per la risoluzione automatica.
[discovery_fixture] ERRORE: impossibile risolvere la giornata. Imposta GAMEWEEK o FIXTURE_SLUG.
ATTENZIONE: shard gk/3:5/0:2 FALLITO
Error: Process completed with exit code 1.
0s
1s
0s
0s
0s
